Component: ARM Compiler 5.06 update 7 (build 960) Tool: armlink [4d3601]

==============================================================================

Section Cross References

    main.o(i.SystemClock_Config) refers to stm32f4xx_rcc.o(i.RCC_DeInit) for RCC_DeInit
    main.o(i.SystemClock_Config) refers to stm32f4xx_rcc.o(i.RCC_HSEConfig) for RCC_HSEConfig
    main.o(i.SystemClock_Config) refers to stm32f4xx_rcc.o(i.RCC_WaitForHSEStartUp) for RCC_WaitForHSEStartUp
    main.o(i.SystemClock_Config) refers to stm32f4xx_rcc.o(i.RCC_PLLConfig) for RCC_PLLConfig
    main.o(i.SystemClock_Config) refers to stm32f4xx_rcc.o(i.RCC_PLLCmd) for RCC_PLLCmd
    main.o(i.SystemClock_Config) refers to stm32f4xx_rcc.o(i.RCC_GetFlagStatus) for RCC_GetFlagStatus
    main.o(i.SystemClock_Config) refers to stm32f4xx_flash.o(i.FLASH_SetLatency) for FLASH_SetLatency
    main.o(i.SystemClock_Config) refers to stm32f4xx_rcc.o(i.RCC_HCLKConfig) for RCC_HCLKConfig
    main.o(i.SystemClock_Config) refers to stm32f4xx_rcc.o(i.RCC_PCLK1Config) for RCC_PCLK1Config
    main.o(i.SystemClock_Config) refers to stm32f4xx_rcc.o(i.RCC_PCLK2Config) for RCC_PCLK2Config
    main.o(i.SystemClock_Config) refers to stm32f4xx_rcc.o(i.RCC_SYSCLKConfig) for RCC_SYSCLKConfig
    main.o(i.SystemClock_Config) refers to system_stm32f4xx.o(i.SystemCoreClockUpdate) for SystemCoreClockUpdate
    main.o(i.main) refers to main.o(i.SystemClock_Config) for SystemClock_Config
    main.o(i.main) refers to stm32f4xx_rcc.o(i.RCC_GetClocksFreq) for RCC_GetClocksFreq
    main.o(i.main) refers to my_delay.o(i.UDELAY_Configuration) for UDELAY_Configuration
    main.o(i.main) refers to my_io.o(i.UIO_Configuration) for UIO_Configuration
    main.o(i.main) refers to my_delay.o(i.UDELAY_ms) for UDELAY_ms
    main.o(i.main) refers to my_adc.o(i.ADC_Config) for ADC_Config
    main.o(i.main) refers to my_can.o(i.UCAN_Configure) for UCAN_Configure
    main.o(i.main) refers to ugv_uart_joystick.o(i.USART6_DMA_Rx_Config) for USART6_DMA_Rx_Config
    main.o(i.main) refers to my_keller_pa3.o(i.UKELLER_Configuration) for UKELLER_Configuration
    main.o(i.main) refers to my_keller_pa3.o(i.UKELLER_KELLER_Init) for UKELLER_KELLER_Init
    main.o(i.main) refers to my_mx28.o(i.UMX28_Configuration) for UMX28_Configuration
    main.o(i.main) refers to my_mx28.o(i.UMX28_Init) for UMX28_Init
    main.o(i.main) refers to my_mx28.o(i.UMX28_pingServo) for UMX28_pingServo
    main.o(i.main) refers to my_io.o(i.UIO_LEDORANGE_ON) for UIO_LEDORANGE_ON
    main.o(i.main) refers to my_io.o(i.UIO_LEDORANGE_OFF) for UIO_LEDORANGE_OFF
    main.o(i.main) refers to stm32f4xx_tim.o(i.TIM_ITConfig) for TIM_ITConfig
    main.o(i.main) refers to main.o(.bss) for RCC_Clocks
    main.o(i.main) refers to my_can.o(.bss) for Flag
    main.o(i.main) refers to ugv_uart_joystick.o(.bss) for scalechannels
    my_delay.o(i.UDELAY_Configuration) refers to stm32f4xx_rcc.o(i.RCC_APB1PeriphClockCmd) for RCC_APB1PeriphClockCmd
    my_delay.o(i.UDELAY_Configuration) refers to stm32f4xx_tim.o(i.TIM_TimeBaseInit) for TIM_TimeBaseInit
    my_delay.o(i.UDELAY_Configuration) refers to my_delay.o(.bss) for TIM_TimeBaseStructure
    my_delay.o(i.UDELAY_ms) refers to stm32f4xx_tim.o(i.TIM_TimeBaseInit) for TIM_TimeBaseInit
    my_delay.o(i.UDELAY_ms) refers to stm32f4xx_tim.o(i.TIM_ClearFlag) for TIM_ClearFlag
    my_delay.o(i.UDELAY_ms) refers to stm32f4xx_tim.o(i.TIM_Cmd) for TIM_Cmd
    my_delay.o(i.UDELAY_ms) refers to stm32f4xx_tim.o(i.TIM_GetFlagStatus) for TIM_GetFlagStatus
    my_delay.o(i.UDELAY_ms) refers to system_stm32f4xx.o(.data) for SystemCoreClock
    my_delay.o(i.UDELAY_ms) refers to my_delay.o(.bss) for TIM_TimeBaseStructure
    my_delay.o(i.UDELAY_us) refers to stm32f4xx_tim.o(i.TIM_TimeBaseInit) for TIM_TimeBaseInit
    my_delay.o(i.UDELAY_us) refers to stm32f4xx_tim.o(i.TIM_ClearFlag) for TIM_ClearFlag
    my_delay.o(i.UDELAY_us) refers to stm32f4xx_tim.o(i.TIM_Cmd) for TIM_Cmd
    my_delay.o(i.UDELAY_us) refers to stm32f4xx_tim.o(i.TIM_GetFlagStatus) for TIM_GetFlagStatus
    my_delay.o(i.UDELAY_us) refers to system_stm32f4xx.o(.data) for SystemCoreClock
    my_delay.o(i.UDELAY_us) refers to my_delay.o(.bss) for TIM_TimeBaseStructure
    my_can.o(i.CAN1_RX0_IRQHandler) refers to stm32f4xx_can.o(i.CAN_Receive) for CAN_Receive
    my_can.o(i.CAN1_RX0_IRQHandler) refers to stm32f4xx_can.o(i.CAN_MessagePending) for CAN_MessagePending
    my_can.o(i.CAN1_RX0_IRQHandler) refers to stm32f4xx_can.o(i.CAN_FIFORelease) for CAN_FIFORelease
    my_can.o(i.CAN1_RX0_IRQHandler) refers to my_can.o(i.UCAN_Checksum) for UCAN_Checksum
    my_can.o(i.CAN1_RX0_IRQHandler) refers to my_can.o(i.UCAN_Convert_Bytes_to_Float) for UCAN_Convert_Bytes_to_Float
    my_can.o(i.CAN1_RX0_IRQHandler) refers to my_can.o(.bss) for RxMessage
    my_can.o(i.CAN1_RX0_IRQHandler) refers to my_can.o(.data) for _IDCANBUS_ARM_2
    my_can.o(i.CAN1_RX0_IRQHandler) refers to ugv_uart_joystick.o(.bss) for scalechannels
[...]
    ../mathlib/sqrt.c                        0x00000000   Number         0  sqrt.o ABSOLUTE
    ../mathlib/sqrt.c                        0x00000000   Number         0  sqrt_x.o ABSOLUTE
    CMSIS\\stm32f4xx_it.c                    0x00000000   Number         0  stm32f4xx_it.o ABSOLUTE
    CMSIS\stm32f4xx_it.c                     0x00000000   Number         0  stm32f4xx_it.o ABSOLUTE
    RTE\Device\STM32F407VGTx\startup_stm32f407xx.s 0x00000000   Number         0  startup_stm32f407xx.o ABSOLUTE
    RTE\Device\STM32F407VGTx\system_stm32f4xx.c 0x00000000   Number         0  system_stm32f4xx.o ABSOLUTE
    RTE\\Device\\STM32F407VGTx\\system_stm32f4xx.c 0x00000000   Number         0  system_stm32f4xx.o ABSOLUTE
    STM32F4xx_StdPeriph_Driver\\src\\misc.c  0x00000000   Number         0  misc.o ABSOLUTE
    STM32F4xx_StdPeriph_Driver\\src\\stm32f4xx_adc.c 0x00000000   Number         0  stm32f4xx_adc.o ABSOLUTE
    STM32F4xx_StdPeriph_Driver\\src\\stm32f4xx_can.c 0x00000000   Number         0  stm32f4xx_can.o ABSOLUTE
    STM32F4xx_StdPeriph_Driver\\src\\stm32f4xx_dma.c 0x00000000   Number         0  stm32f4xx_dma.o ABSOLUTE
    STM32F4xx_StdPeriph_Driver\\src\\stm32f4xx_exti.c 0x00000000   Number         0  stm32f4xx_exti.o ABSOLUTE
    STM32F4xx_StdPeriph_Driver\\src\\stm32f4xx_flash.c 0x00000000   Number         0  stm32f4xx_flash.o ABSOLUTE
    STM32F4xx_StdPeriph_Driver\\src\\stm32f4xx_gpio.c 0x00000000   Number         0  stm32f4xx_gpio.o ABSOLUTE
    STM32F4xx_StdPeriph_Driver\\src\\stm32f4xx_rcc.c 0x00000000   Number         0  stm32f4xx_rcc.o ABSOLUTE
    STM32F4xx_StdPeriph_Driver\\src\\stm32f4xx_syscfg.c 0x00000000   Number         0  stm32f4xx_syscfg.o ABSOLUTE
    STM32F4xx_StdPeriph_Driver\\src\\stm32f4xx_tim.c 0x00000000   Number         0  stm32f4xx_tim.o ABSOLUTE
    STM32F4xx_StdPeriph_Driver\\src\\stm32f4xx_usart.c 0x00000000   Number         0  stm32f4xx_usart.o ABSOLUTE
    STM32F4xx_StdPeriph_Driver\\src\\stm32f4xx_wwdg.c 0x00000000   Number         0  stm32f4xx_wwdg.o ABSOLUTE
    STM32F4xx_StdPeriph_Driver\src\misc.c    0x00000000   Number         0  misc.o ABSOLUTE
    STM32F4xx_StdPeriph_Driver\src\stm32f4xx_adc.c 0x00000000   Number         0  stm32f4xx_adc.o ABSOLUTE
    STM32F4xx_StdPeriph_Driver\src\stm32f4xx_can.c 0x00000000   Number         0  stm32f4xx_can.o ABSOLUTE
    STM32F4xx_StdPeriph_Driver\src\stm32f4xx_dma.c 0x00000000   Number         0  stm32f4xx_dma.o ABSOLUTE
    STM32F4xx_StdPeriph_Driver\src\stm32f4xx_exti.c 0x00000000   Number         0  stm32f4xx_exti.o ABSOLUTE
    STM32F4xx_StdPeriph_Driver\src\stm32f4xx_flash.c 0x00000000   Number         0  stm32f4xx_flash.o ABSOLUTE
    STM32F4xx_StdPeriph_Driver\src\stm32f4xx_gpio.c 0x00000000   Number         0  stm32f4xx_gpio.o ABSOLUTE
    STM32F4xx_StdPeriph_Driver\src\stm32f4xx_rcc.c 0x00000000   Number         0  stm32f4xx_rcc.o ABSOLUTE
    STM32F4xx_StdPeriph_Driver\src\stm32f4xx_syscfg.c 0x00000000   Number         0  stm32f4xx_syscfg.o ABSOLUTE
    STM32F4xx_StdPeriph_Driver\src\stm32f4xx_tim.c 0x00000000   Number         0  stm32f4xx_tim.o ABSOLUTE
    STM32F4xx_StdPeriph_Driver\src\stm32f4xx_usart.c 0x00000000   Number         0  stm32f4xx_usart.o ABSOLUTE
    STM32F4xx_StdPeriph_Driver\src\stm32f4xx_wwdg.c 0x00000000   Number         0  stm32f4xx_wwdg.o ABSOLUTE
    UGV_SBUS.c                               0x00000000   Number         0  ugv_sbus.o ABSOLUTE
    UGV_SBUS.c                               0x00000000   Number         0  ugv_sbus.o ABSOLUTE
    UGV_UART_JOYSTICK.c                      0x00000000   Number         0  ugv_uart_joystick.o ABSOLUTE
    UGV_UART_JOYSTICK.c                      0x00000000   Number         0  ugv_uart_joystick.o ABSOLUTE
    cdcmple.s                                0x00000000   Number         0  cdcmple.o ABSOLUTE
    cdrcmple.s                               0x00000000   Number         0  cdrcmple.o ABSOLUTE
    dc.s                                     0x00000000   Number         0  dc.o ABSOLUTE
    handlers.s                               0x00000000   Number         0  handlers.o ABSOLUTE
    init.s                                   0x00000000   Number         0  init.o ABSOLUTE
    main.c                                   0x00000000   Number         0  main.o ABSOLUTE
    main.c                                   0x00000000   Number         0  main.o ABSOLUTE
    my_adc.c                                 0x00000000   Number         0  my_adc.o ABSOLUTE
    my_adc.c                                 0x00000000   Number         0  my_adc.o ABSOLUTE
    my_antiroll.c                            0x00000000   Number         0  my_antiroll.o ABSOLUTE
    my_antiroll.c                            0x00000000   Number         0  my_antiroll.o ABSOLUTE
    my_balance.c                             0x00000000   Number         0  my_balance.o ABSOLUTE
    my_balance.c                             0x00000000   Number         0  my_balance.o ABSOLUTE
    my_bms24v40ah.c                          0x00000000   Number         0  my_bms24v40ah.o ABSOLUTE
    my_bms24v40ah.c                          0x00000000   Number         0  my_bms24v40ah.o ABSOLUTE
    my_can.c                                 0x00000000   Number         0  my_can.o ABSOLUTE
    my_can.c                                 0x00000000   Number         0  my_can.o ABSOLUTE
    my_delay.c                               0x00000000   Number         0  my_delay.o ABSOLUTE
    my_delay.c                               0x00000000   Number         0  my_delay.o ABSOLUTE
    my_dvl.c                                 0x00000000   Number         0  my_dvl.o ABSOLUTE
    my_dvl.c                                 0x00000000   Number         0  my_dvl.o ABSOLUTE
    my_hardwarereset.c                       0x00000000   Number         0  my_hardwarereset.o ABSOLUTE
    my_hardwarereset.c                       0x00000000   Number         0  my_hardwarereset.o ABSOLUTE
    my_io.c                                  0x00000000   Number         0  my_io.o ABSOLUTE
    my_io.c                                  0x00000000   Number         0  my_io.o ABSOLUTE
    my_keller_pa3.c                          0x00000000   Number         0  my_keller_pa3.o ABSOLUTE
    my_keller_pa3.c                          0x00000000   Number         0  my_keller_pa3.o ABSOLUTE
    my_mx28.c                                0x00000000   Number         0  my_mx28.o ABSOLUTE
    my_mx28.c                                0x00000000   Number         0  my_mx28.o ABSOLUTE
    RESET                                    0x08000000   Section      392  startup_stm32f407xx.o(RESET)
    .ARM.Collect$$$$00000000                 0x08000188   Section        0  entry.o(.ARM.Collect$$$$00000000)
    .ARM.Collect$$$$00000001                 0x08000188   Section        4  entry2.o(.ARM.Collect$$$$00000001)
    .ARM.Collect$$$$00000004                 0x0800018c   Section        4  entry5.o(.ARM.Collect$$$$00000004)
    .ARM.Collect$$$$00000008                 0x08000190   Section        0  entry7b.o(.ARM.Collect$$$$00000008)
    .ARM.Collect$$$$0000000A                 0x08000190   Section        0  entry8b.o(.ARM.Collect$$$$0000000A)
    .ARM.Collect$$$$0000000B                 0x08000190   Section        8  entry9a.o(.ARM.Collect$$$$0000000B)
    .ARM.Collect$$$$0000000E                 0x08000198   Section        4  entry12b.o(.ARM.Collect$$$$0000000E)
    .ARM.Collect$$$$0000000F                 0x0800019c   Section        0  entry10a.o(.ARM.Collect$$$$0000000F)
    .ARM.Collect$$$$00000011                 0x0800019c   Section        0  entry11a.o(.ARM.Collect$$$$00000011)
    .ARM.Collect$$$$00002712                 0x0800019c   Section        4  entry2.o(.ARM.Collect$$$$00002712)
    __lit__00000000                          0x0800019c   Data           4  entry2.o(.ARM.Collect$$$$00002712)
    .text                                    0x080001a0   Section       36  startup_stm32f407xx.o(.text)
    $v0                                      0x080001a0   Number         0  startup_stm32f407xx.o(.text)
    .text                                    0x080001c4   Section        0  dadd.o(.text)
    .text                                    0x08000312   Section        0  dmul.o(.text)
    .text                                    0x080003f6   Section        0  ddiv.o(.text)
    .text                                    0x080004d4   Section        0  dflti.o(.text)
    .text                                    0x080004f6   Section        0  dfltui.o(.text)
    .text                                    0x08000510   Section        0  dfixi.o(.text)
    .text                                    0x08000550   Section       48  cdcmple.o(.text)
    .text                                    0x08000580   Section       48  cdrcmple.o(.text)
    .text                                    0x080005b0   Section        0  llshl.o(.text)
    .text                                    0x080005ce   Section        0  llushr.o(.text)
    .text                                    0x080005ee   Section        0  llsshr.o(.text)
    .text                                    0x08000612   Section        0  depilogue.o(.text)
    .text                                    0x08000612   Section        0  iusefp.o(.text)
    .text                                    0x080006cc   Section       36  init.o(.text)
    i.ADC_Cmd                                0x080006f0   Section        0  stm32f4xx_adc.o(i.ADC_Cmd)
    i.ADC_Config                             0x08000708   Section        0  my_adc.o(i.ADC_Config)
    i.ADC_DMACmd                             0x080007fc   Section        0  stm32f4xx_adc.o(i.ADC_DMACmd)
    i.ADC_Init                               0x08000814   Section        0  stm32f4xx_adc.o(i.ADC_Init)
    i.ADC_RegularChannelConfig               0x08000868   Section        0  stm32f4xx_adc.o(i.ADC_RegularChannelConfig)
    i.ADC_SoftwareStartConv                  0x08000920   Section        0  stm32f4xx_adc.o(i.ADC_SoftwareStartConv)
    i.ADC_TempSensorVrefintCmd               0x0800092c   Section        0  stm32f4xx_adc.o(i.ADC_TempSensorVrefintCmd)
    i.BusFault_Handler                       0x08000958   Section        0  stm32f4xx_it.o(i.BusFault_Handler)
    i.CAN1_RX0_IRQHandler                    0x0800095c   Section        0  my_can.o(i.CAN1_RX0_IRQHandler)
    i.CAN_DeInit                             0x08000b0c   Section        0  stm32f4xx_can.o(i.CAN_DeInit)
    i.CAN_FIFORelease                        0x08000b44   Section        0  stm32f4xx_can.o(i.CAN_FIFORelease)
    i.CAN_FilterInit                         0x08000b5c   Section        0  stm32f4xx_can.o(i.CAN_FilterInit)
    i.CAN_ITConfig                           0x08000c64   Section        0  stm32f4xx_can.o(i.CAN_ITConfig)
    i.CAN_Init                               0x08000c76   Section        0  stm32f4xx_can.o(i.CAN_Init)
    i.CAN_MessagePending                     0x08000d8a   Section        0  stm32f4xx_can.o(i.CAN_MessagePending)
    i.CAN_Receive                            0x08000da8   Section        0  stm32f4xx_can.o(i.CAN_Receive)
    i.CAN_Transmit                           0x08000e98   Section        0  stm32f4xx_can.o(i.CAN_Transmit)
    i.CAN_TransmitStatus                     0x08000fc0   Section        0  stm32f4xx_can.o(i.CAN_TransmitStatus)
    i.CalcCRC16                              0x08001060   Section        0  my_keller_pa3.o(i.CalcCRC16)
    i.DMA1_Stream0_IRQHandler                0x080010c0   Section        0  my_bms24v40ah.o(i.DMA1_Stream0_IRQHandler)
    i.DMA1_Stream1_IRQHandler                0x0800119c   Section        0  my_keller_pa3.o(i.DMA1_Stream1_IRQHandler)
    i.DMA1_Stream5_IRQHandler                0x08001234   Section        0  my_mx28.o(i.DMA1_Stream5_IRQHandler)
    i.DMA2_Stream0_IRQHandler                0x08001420   Section        0  my_adc.o(i.DMA2_Stream0_IRQHandler)
    i.DMA2_Stream1_IRQHandler                0x08001440   Section        0  ugv_uart_joystick.o(i.DMA2_Stream1_IRQHandler)
    i.DMA2_Stream5_IRQHandler                0x08001488   Section        0  my_dvl.o(i.DMA2_Stream5_IRQHandler)
    i.DMA_ClearITPendingBit                  0x080014bc   Section        0  stm32f4xx_dma.o(i.DMA_ClearITPendingBit)
    i.DMA_Cmd                                0x080014f0   Section        0  stm32f4xx_dma.o(i.DMA_Cmd)
    i.DMA_GetITStatus                        0x08001508   Section        0  stm32f4xx_dma.o(i.DMA_GetITStatus)
    i.DMA_ITConfig                           0x0800156c   Section        0  stm32f4xx_dma.o(i.DMA_ITConfig)
    i.DMA_Init                               0x080015a8   Section        0  stm32f4xx_dma.o(i.DMA_Init)
    i.DebugMon_Handler                       0x08001600   Section        0  stm32f4xx_it.o(i.DebugMon_Handler)
    i.EXTI15_10_IRQHandler                   0x08001604   Section        0  my_io.o(i.EXTI15_10_IRQHandler)
    i.EXTI_ClearITPendingBit                 0x0800168c   Section        0  stm32f4xx_exti.o(i.EXTI_ClearITPendingBit)
    i.EXTI_GetITStatus                       0x08001698   Section        0  stm32f4xx_exti.o(i.EXTI_GetITStatus)
    i.EXTI_Init                              0x080016b0   Section        0  stm32f4xx_exti.o(i.EXTI_Init)
    i.FLASH_SetLatency                       0x08001744   Section        0  stm32f4xx_flash.o(i.FLASH_SetLatency)
    i.GPIO_Init                              0x08001750   Section        0  stm32f4xx_gpio.o(i.GPIO_Init)
    i.GPIO_PinAFConfig                       0x080017e0   Section        0  stm32f4xx_gpio.o(i.GPIO_PinAFConfig)
    i.GPIO_ResetBits                         0x08001826   Section        0  stm32f4xx_gpio.o(i.GPIO_ResetBits)
    i.GPIO_SetBits                           0x0800182a   Section        0  stm32f4xx_gpio.o(i.GPIO_SetBits)
    i.HardFault_Handler                      0x0800182e   Section        0  stm32f4xx_it.o(i.HardFault_Handler)
    i.MemManage_Handler                      0x08001832   Section        0  stm32f4xx_it.o(i.MemManage_Handler)
    i.NMI_Handler                            0x08001836   Section        0  stm32f4xx_it.o(i.NMI_Handler)
    i.NVIC_Init                              0x08001838   Section        0  misc.o(i.NVIC_Init)
    i.PendSV_Handler                         0x080018b0   Section        0  stm32f4xx_it.o(i.PendSV_Handler)
    i.RCC_AHB1PeriphClockCmd                 0x080018b4   Section        0  stm32f4xx_rcc.o(i.RCC_AHB1PeriphClockCmd)
    i.RCC_APB1PeriphClockCmd                 0x080018d4   Section        0  stm32f4xx_rcc.o(i.RCC_APB1PeriphClockCmd)
    i.RCC_APB1PeriphResetCmd                 0x080018f4   Section        0  stm32f4xx_rcc.o(i.RCC_APB1PeriphResetCmd)
    i.RCC_APB2PeriphClockCmd                 0x08001914   Section        0  stm32f4xx_rcc.o(i.RCC_APB2PeriphClockCmd)
    i.RCC_DeInit                             0x08001934   Section        0  stm32f4xx_rcc.o(i.RCC_DeInit)
    i.RCC_GetClocksFreq                      0x08001998   Section        0  stm32f4xx_rcc.o(i.RCC_GetClocksFreq)
    i.RCC_GetFlagStatus                      0x08001a80   Section        0  stm32f4xx_rcc.o(i.RCC_GetFlagStatus)
    i.RCC_HCLKConfig                         0x08001ac0   Section        0  stm32f4xx_rcc.o(i.RCC_HCLKConfig)
    i.RCC_HSEConfig                          0x08001ad8   Section        0  stm32f4xx_rcc.o(i.RCC_HSEConfig)
    i.RCC_PCLK1Config                        0x08001ae8   Section        0  stm32f4xx_rcc.o(i.RCC_PCLK1Config)
    i.RCC_PCLK2Config                        0x08001b00   Section        0  stm32f4xx_rcc.o(i.RCC_PCLK2Config)
    i.RCC_PLLCmd                             0x08001b18   Section        0  stm32f4xx_rcc.o(i.RCC_PLLCmd)
    i.RCC_PLLConfig                          0x08001b24   Section        0  stm32f4xx_rcc.o(i.RCC_PLLConfig)
    i.RCC_SYSCLKConfig                       0x08001b48   Section        0  stm32f4xx_rcc.o(i.RCC_SYSCLKConfig)
    i.RCC_WaitForHSEStartUp                  0x08001b60   Section        0  stm32f4xx_rcc.o(i.RCC_WaitForHSEStartUp)
    i.Run_Mass                               0x08001b98   Section        0  my_can.o(i.Run_Mass)
    i.Run_Pistol                             0x08001bfc   Section        0  my_can.o(i.Run_Pistol)
    i.Run_Thruster                           0x08001c80   Section        0  my_can.o(i.Run_Thruster)
    i.SBUS_read                              0x08001d04   Section        0  ugv_sbus.o(i.SBUS_read)
    i.SVC_Handler                            0x08001fb4   Section        0  stm32f4xx_it.o(i.SVC_Handler)
    i.SYSCFG_EXTILineConfig                  0x08001fb8   Section        0  stm32f4xx_syscfg.o(i.SYSCFG_EXTILineConfig)
    i.Stop_Mass                              0x08001ff8   Section        0  my_can.o(i.Stop_Mass)
    i.SystemClock_Config                     0x08002034   Section        0  main.o(i.SystemClock_Config)
    SystemClock_Config                       0x08002035   Thumb Code   104  main.o(i.SystemClock_Config)
    i.SystemCoreClockUpdate                  0x0800209c   Section        0  system_stm32f4xx.o(i.SystemCoreClockUpdate)
    i.SystemInit                             0x0800215c   Section        0  system_stm32f4xx.o(i.SystemInit)
    i.TIM1_BRK_TIM9_IRQHandler               0x080021c0   Section        0  my_balance.o(i.TIM1_BRK_TIM9_IRQHandler)
    i.TIM2_IRQHandler                        0x080021dc   Section        0  my_antiroll.o(i.TIM2_IRQHandler)
    i.TIM3_IRQHandler                        0x08002204   Section        0  my_can.o(i.TIM3_IRQHandler)
    i.TIM4_IRQHandler                        0x080022fc   Section        0  my_antiroll.o(i.TIM4_IRQHandler)
    i.TIM7_IRQHandler                        0x080023b4   Section        0  my_mx28.o(i.TIM7_IRQHandler)
    i.TIM_ClearFlag                          0x080023d4   Section        0  stm32f4xx_tim.o(i.TIM_ClearFlag)
    i.TIM_ClearITPendingBit                  0x080023da   Section        0  stm32f4xx_tim.o(i.TIM_ClearITPendingBit)
    i.TIM_Cmd                                0x080023e0   Section        0  stm32f4xx_tim.o(i.TIM_Cmd)
    i.TIM_GetCounter                         0x080023f8   Section        0  stm32f4xx_tim.o(i.TIM_GetCounter)
    i.TIM_GetFlagStatus                      0x080023fe   Section        0  stm32f4xx_tim.o(i.TIM_GetFlagStatus)
    i.TIM_GetITStatus                        0x08002410   Section        0  stm32f4xx_tim.o(i.TIM_GetITStatus)
    i.TIM_ITConfig                           0x08002432   Section        0  stm32f4xx_tim.o(i.TIM_ITConfig)
    i.TIM_SetCompare1                        0x08002444   Section        0  stm32f4xx_tim.o(i.TIM_SetCompare1)
    i.TIM_SetCounter                         0x08002448   Section        0  stm32f4xx_tim.o(i.TIM_SetCounter)
    i.TIM_TimeBaseInit                       0x0800244c   Section        0  stm32f4xx_tim.o(i.TIM_TimeBaseInit)
    i.UANRO_CCW_Direction                    0x080024d0   Section        0  my_antiroll.o(i.UANRO_CCW_Direction)
    UANRO_CCW_Direction                      0x080024d1   Thumb Code    24  my_antiroll.o(i.UANRO_CCW_Direction)
    i.UANRO_CW_Direction                     0x080024ec   Section        0  my_antiroll.o(i.UANRO_CW_Direction)
    UANRO_CW_Direction                       0x080024ed   Thumb Code    24  my_antiroll.o(i.UANRO_CW_Direction)
    i.UANRO_Limit_value                      0x08002508   Section        0  my_antiroll.o(i.UANRO_Limit_value)
    UANRO_Limit_value                        0x08002509   Thumb Code    58  my_antiroll.o(i.UANRO_Limit_value)
    i.UANRO_PID_Control_Position             0x08002550   Section        0  my_antiroll.o(i.UANRO_PID_Control_Position)
    UANRO_PID_Control_Position               0x08002551   Thumb Code   432  my_antiroll.o(i.UANRO_PID_Control_Position)
    i.UANRO_PWM_Out                          0x08002728   Section        0  my_antiroll.o(i.UANRO_PWM_Out)
    UANRO_PWM_Out                            0x08002729   Thumb Code    14  my_antiroll.o(i.UANRO_PWM_Out)
    i.UANRO_ResetEncoder                     0x0800273c   Section        0  my_antiroll.o(i.UANRO_ResetEncoder)
    UANRO_ResetEncoder                       0x0800273d   Thumb Code    26  my_antiroll.o(i.UANRO_ResetEncoder)
    i.UANRO_Stop_Motor                       0x08002760   Section        0  my_antiroll.o(i.UANRO_Stop_Motor)
    UANRO_Stop_Motor                         0x08002761   Thumb Code    24  my_antiroll.o(i.UANRO_Stop_Motor)
    i.UBMS40_ArrangeData                     0x0800277c   Section        0  my_bms24v40ah.o(i.UBMS40_ArrangeData)
    i.UBMS40_Checksum                        0x080027f4   Section        0  my_bms24v40ah.o(i.UBMS40_Checksum)
    i.UBMS40_Convert_Bytes_to_Float          0x08002812   Section        0  my_bms24v40ah.o(i.UBMS40_Convert_Bytes_to_Float)
    UBMS40_Convert_Bytes_to_Float            0x08002813   Thumb Code    32  my_bms24v40ah.o(i.UBMS40_Convert_Bytes_to_Float)
    i.UCAN_Checksum                          0x08002832   Section        0  my_can.o(i.UCAN_Checksum)
    i.UCAN_Configure                         0x08002850   Section        0  my_can.o(i.UCAN_Configure)
    i.UCAN_Convert_Bytes_to_Float            0x080029ec   Section        0  my_can.o(i.UCAN_Convert_Bytes_to_Float)
    i.UCAN_Run_Motor                         0x08002a0c   Section        0  my_can.o(i.UCAN_Run_Motor)
    i.UCAN_Send_Data                         0x08002b3c   Section        0  my_can.o(i.UCAN_Send_Data)
    i.UCAN_Send_End_Frame_ARM2               0x08002d2c   Section        0  my_can.o(i.UCAN_Send_End_Frame_ARM2)
    i.UCAN_Transmit                          0x08002d6c   Section        0  my_can.o(i.UCAN_Transmit)
    i.UDELAY_Configuration                   0x08002dd4   Section        0  my_delay.o(i.UDELAY_Configuration)
    i.UDELAY_ms                              0x08002df4   Section        0  my_delay.o(i.UDELAY_ms)
    i.UDELAY_us                              0x08002e5c   Section        0  my_delay.o(i.UDELAY_us)
    i.UDVL_ArrangeData                       0x08002ec4   Section        0  my_dvl.o(i.UDVL_ArrangeData)
    i.UHRST_ResetCNT                         0x08002f00   Section        0  my_hardwarereset.o(i.UHRST_ResetCNT)
    i.UIO_Configuration                      0x08002f0c   Section        0  my_io.o(i.UIO_Configuration)
    i.UIO_LEDORANGE_OFF                      0x080032c0   Section        0  my_io.o(i.UIO_LEDORANGE_OFF)
    i.UIO_LEDORANGE_ON                       0x080032d4   Section        0  my_io.o(i.UIO_LEDORANGE_ON)
    i.UKELLER_Configuration                  0x080032e8   Section        0  my_keller_pa3.o(i.UKELLER_Configuration)
    i.UKELLER_Convert_Bytes_to_Float         0x08003434   Section        0  my_keller_pa3.o(i.UKELLER_Convert_Bytes_to_Float)
    UKELLER_Convert_Bytes_to_Float           0x08003435   Thumb Code    32  my_keller_pa3.o(i.UKELLER_Convert_Bytes_to_Float)
    i.UKELLER_KELLER_Init                    0x08003454   Section        0  my_keller_pa3.o(i.UKELLER_KELLER_Init)
    i.UKELLER_KELLER_ReadP1                  0x08003514   Section        0  my_keller_pa3.o(i.UKELLER_KELLER_ReadP1)
    i.UKELLER_KELLER_ReadTOB1                0x0800355c   Section        0  my_keller_pa3.o(i.UKELLER_KELLER_ReadTOB1)
    i.UKELLER_TxData                         0x080035a4   Section        0  my_keller_pa3.o(i.UKELLER_TxData)
    i.UMX28_AnalycsData                      0x080035c4   Section        0  my_mx28.o(i.UMX28_AnalycsData)
    i.UMX28_CheckSum                         0x0800367c   Section        0  my_mx28.o(i.UMX28_CheckSum)
    i.UMX28_Configuration                    0x080036a0   Section        0  my_mx28.o(i.UMX28_Configuration)
    i.UMX28_Convert_Byte2Uint                0x08003844   Section        0  my_mx28.o(i.UMX28_Convert_Byte2Uint)
    i.UMX28_Init                             0x0800385c   Section        0  my_mx28.o(i.UMX28_Init)
    i.UMX28_Transmit                         0x080038a8   Section        0  my_mx28.o(i.UMX28_Transmit)
    i.UMX28_getStallTorque                   0x080038d8   Section        0  my_mx28.o(i.UMX28_getStallTorque)
    i.UMX28_pingServo                        0x08003930   Section        0  my_mx28.o(i.UMX28_pingServo)
    i.UMX28_readStatusData                   0x08003964   Section        0  my_mx28.o(i.UMX28_readStatusData)
    i.UMX28_setBaudrate                      0x080039a4   Section        0  my_mx28.o(i.UMX28_setBaudrate)
    i.UMX28_setGoalPosition                  0x080039e4   Section        0  my_mx28.o(i.UMX28_setGoalPosition)
    i.UMX28_setMovingSpeed                   0x08003a2c   Section        0  my_mx28.o(i.UMX28_setMovingSpeed)
    i.USART6_DMA_Rx_Config                   0x08003a74   Section        0  ugv_uart_joystick.o(i.USART6_DMA_Rx_Config)
    i.USART_Cmd                              0x08003b94   Section        0  stm32f4xx_usart.o(i.USART_Cmd)
    i.USART_DMACmd                           0x08003bac   Section        0  stm32f4xx_usart.o(i.USART_DMACmd)
    i.USART_GetFlagStatus                    0x08003bbe   Section        0  stm32f4xx_usart.o(i.USART_GetFlagStatus)
    i.USART_Init                             0x08003bd8   Section        0  stm32f4xx_usart.o(i.USART_Init)
    i.USART_ReceiveData                      0x08003cac   Section        0  stm32f4xx_usart.o(i.USART_ReceiveData)
    i.USART_SendData                         0x08003cb6   Section        0  stm32f4xx_usart.o(i.USART_SendData)
    i.UsageFault_Handler                     0x08003cbe   Section        0  stm32f4xx_it.o(i.UsageFault_Handler)
    i.WWDG_ClearFlag                         0x08003cc4   Section        0  stm32f4xx_wwdg.o(i.WWDG_ClearFlag)
    i.WWDG_IRQHandler                        0x08003cd0   Section        0  my_hardwarereset.o(i.WWDG_IRQHandler)
    i.WWDG_SetCounter                        0x08003cdc   Section        0  stm32f4xx_wwdg.o(i.WWDG_SetCounter)
    i.__ARM_fpclassify                       0x08003cec   Section        0  fpclassify.o(i.__ARM_fpclassify)
    i.__hardfp_exp                           0x08003d20   Section        0  exp.o(i.__hardfp_exp)
    i.__kernel_poly                          0x08004078   Section        0  poly.o(i.__kernel_poly)
    i.__mathlib_dbl_infnan                   0x08004170   Section        0  dunder.o(i.__mathlib_dbl_infnan)
    i.__mathlib_dbl_overflow                 0x08004188   Section        0  dunder.o(i.__mathlib_dbl_overflow)
    i.__mathlib_dbl_underflow                0x080041a8   Section        0  dunder.o(i.__mathlib_dbl_underflow)
    i.__scatterload_copy                     0x080041c8   Section       14  handlers.o(i.__scatterload_copy)
    i.__scatterload_null                     0x080041d6   Section        2  handlers.o(i.__scatterload_null)
    i.__scatterload_zeroinit                 0x080041d8   Section       14  handlers.o(i.__scatterload_zeroinit)
    i.__set_errno                            0x080041e8   Section        0  errno.o(i.__set_errno)
    i.main                                   0x080041f4   Section        0  main.o(i.main)
    i.map                                    0x080042a8   Section        0  ugv_sbus.o(i.map)
    i.map_Ecap                               0x080042c0   Section        0  ugv_sbus.o(i.map_Ecap)
    i.map_double                             0x08004368   Section        0  ugv_sbus.o(i.map_double)
    .constdata                               0x08004404   Section       32  ugv_sbus.o(.constdata)
    .constdata                               0x08004424   Section       24  system_stm32f4xx.o(.constdata)
    .constdata                               0x08004440   Section       88  exp.o(.constdata)
    halF                                     0x08004440   Data          16  exp.o(.constdata)
    ln2HI                                    0x08004450   Data          16  exp.o(.constdata)
    ln2LO                                    0x08004460   Data          16  exp.o(.constdata)
    P                                        0x08004470   Data          40  exp.o(.constdata)
    .data                                    0x20000000   Section       76  my_can.o(.data)
    _need_respond_data                       0x20000000   Data           1  my_can.o(.data)
    _system_ready                            0x20000001   Data           1  my_can.o(.data)
    _need_system_ready                       0x20000002   Data           1  my_can.o(.data)
    _IDCANBUS_ARM_1                          0x20000004   Data           4  my_can.o(.data)
    _IDCANBUS_ARM_2                          0x20000008   Data           4  my_can.o(.data)
    _IDCANBUS_THRUSTER                       0x2000000c   Data           4  my_can.o(.data)
    _IDCANBUS_PISTOL                         0x20000010   Data           4  my_can.o(.data)
    _IDCANBUS_MASS_SHIFTER                   0x20000014   Data           4  my_can.o(.data)
    _IDCANBUS_EPC                            0x20000018   Data           4  my_can.o(.data)
    _MASKCANBUS_ARM_2                        0x2000001c   Data           4  my_can.o(.data)
    .data                                    0x2000004c   Section        5  my_io.o(.data)
    .data                                    0x20000054   Section       12  my_keller_pa3.o(.data)
    Mode                                     0x20000054   Data           1  my_keller_pa3.o(.data)
    .data                                    0x20000060   Section       64  my_antiroll.o(.data)
    pulse                                    0x20000064   Data           4  my_antiroll.o(.data)
    .data                                    0x200000a0   Section       32  ugv_uart_joystick.o(.data)
    .data                                    0x200000c0   Section        4  my_adc.o(.data)
    .data                                    0x200000c4   Section       16  stm32f4xx_rcc.o(.data)
    APBAHBPrescTable                         0x200000c4   Data          16  stm32f4xx_rcc.o(.data)
    .data                                    0x200000d4   Section        4  system_stm32f4xx.o(.data)
    .data                                    0x200000d8   Section        4  errno.o(.data)
    _errno                                   0x200000d8   Data           4  errno.o(.data)
    .bss                                     0x200000dc   Section       72  main.o(.bss)
    .bss                                     0x20000124   Section       12  my_delay.o(.bss)
    TIM_TimeBaseStructure                    0x20000124   Data          12  my_delay.o(.bss)
    .bss                                     0x20000130   Section       30  my_can.o(.bss)
    .bss                                     0x20000150   Section       96  my_bms24v40ah.o(.bss)
    UBMS40_DMABuffer                         0x20000150   Data          36  my_bms24v40ah.o(.bss)
    UBMS40_DataBuffer                        0x20000174   Data          36  my_bms24v40ah.o(.bss)
    .bss                                     0x200001b0   Section       76  my_dvl.o(.bss)
    UDVL_DMABuffer                           0x200001b0   Data          38  my_dvl.o(.bss)
    UDVL_DataBuffer                          0x200001d6   Data          38  my_dvl.o(.bss)
    .bss                                     0x200001fc   Section       48  my_mx28.o(.bss)
    UMX28_DMABuffer                          0x200001fc   Data          14  my_mx28.o(.bss)
    UMX28_DataBuffer                         0x2000020a   Data          14  my_mx28.o(.bss)
    .bss                                     0x2000022c   Section       18  my_keller_pa3.o(.bss)
    SC_Buffer                                0x2000022c   Data           9  my_keller_pa3.o(.bss)
    UKELLER_DMABuffer                        0x20000235   Data           9  my_keller_pa3.o(.bss)
    .bss                                     0x2000023e   Section      300  ugv_uart_joystick.o(.bss)
    STACK                                    0x20000370   Section     4095  startup_stm32f407xx.o(STACK)

    Global Symbols

    Symbol Name                              Value     Ov Type        Size  Object(Section)

    BuildAttributes$$THM_ISAv4$E$P$D$K$B$S$7EM$VFPi3$EXTD16$VFPS$VFMA$PE$A:L22UL41UL21$X:L11$S22US41US21$IEEE1$IW$USESV6$~STKCKD$USESV7$~SHL$OTIME$ROPI$IEEEX$EBA8$MICROLIB$REQ8$PRES8$EABIv2 0x00000000   Number         0  anon$$obj.o ABSOLUTE
    __ARM_use_no_argv                        0x00000000   Number         0  main.o ABSOLUTE
    __arm_fini_                               - Undefined Weak Reference
    __cpp_initialize__aeabi_                  - Undefined Weak Reference
    __cxa_finalize                            - Undefined Weak Reference
    __decompress                              - Undefined Weak Reference
    _clock_init                               - Undefined Weak Reference
    _microlib_exit                            - Undefined Weak Reference
    __Vectors_Size                           0x00000188   Number         0  startup_stm32f407xx.o ABSOLUTE
    __Vectors                                0x08000000   Data           4  startup_stm32f407xx.o(RESET)
    __Vectors_End                            0x08000188   Data           0  startup_stm32f407xx.o(RESET)
    __main                                   0x08000189   Thumb Code     0  entry.o(.ARM.Collect$$$$00000000)
    _main_stk                                0x08000189   Thumb Code     0  entry2.o(.ARM.Collect$$$$00000001)
    _main_scatterload                        0x0800018d   Thumb Code     0  entry5.o(.ARM.Collect$$$$00000004)
    __main_after_scatterload                 0x08000191   Thumb Code     0  entry5.o(.ARM.Collect$$$$00000004)
    _main_clock                              0x08000191   Thumb Code     0  entry7b.o(.ARM.Collect$$$$00000008)
    _main_cpp_init                           0x08000191   Thumb Code     0  entry8b.o(.ARM.Collect$$$$0000000A)
    _main_init                               0x08000191   Thumb Code     0  entry9a.o(.ARM.Collect$$$$0000000B)
    __rt_lib_shutdown_fini                   0x08000199   Thumb Code     0  entry12b.o(.ARM.Collect$$$$0000000E)
    __rt_final_cpp                           0x0800019d   Thumb Code     0  entry10a.o(.ARM.Collect$$$$0000000F)
    __rt_final_exit                          0x0800019d   Thumb Code     0  entry11a.o(.ARM.Collect$$$$00000011)
    Reset_Handler                            0x080001a1   Thumb Code     8  startup_stm32f407xx.o(.text)
    SysTick_Handler                          0x080001b9   Thumb Code     2  startup_stm32f407xx.o(.text)
    ADC_IRQHandler                           0x080001bb   Thumb Code     0  startup_stm32f407xx.o(.text)
    CAN1_RX1_IRQHandler                      0x080001bb   Thumb Code     0  startup_stm32f407xx.o(.text)
    CAN1_SCE_IRQHandler                      0x080001bb   Thumb Code     0  startup_stm32f407xx.o(.text)
    CAN1_TX_IRQHandler                       0x080001bb   Thumb Code     0  startup_stm32f407xx.o(.text)
    CAN2_RX0_IRQHandler                      0x080001bb   Thumb Code     0  startup_stm32f407xx.o(.text)
    CAN2_RX1_IRQHandler                      0x080001bb   Thumb Code     0  startup_stm32f407xx.o(.text)
    CAN2_SCE_IRQHandler                      0x080001bb   Thumb Code     0  startup_stm32f407xx.o(.text)
    CAN2_TX_IRQHandler                       0x080001bb   Thumb Code     0  startup_stm32f407xx.o(.text)
    DCMI_IRQHandler                          0x080001bb   Thumb Code     0  startup_stm32f407xx.o(.text)
    DMA1_Stream2_IRQHandler                  0x080001bb   Thumb Code     0  startup_stm32f407xx.o(.text)
    DMA1_Stream3_IRQHandler                  0x080001bb   Thumb Code     0  startup_stm32f407xx.o(.text)
    DMA1_Stream4_IRQHandler                  0x080001bb   Thumb Code     0  startup_stm32f407xx.o(.text)
    DMA1_Stream6_IRQHandler                  0x080001bb   Thumb Code     0  startup_stm32f407xx.o(.text)
    DMA1_Stream7_IRQHandler                  0x080001bb   Thumb Code     0  startup_stm32f407xx.o(.text)
    DMA2_Stream2_IRQHandler                  0x080001bb   Thumb Code     0  startup_stm32f407xx.o(.text)
    DMA2_Stream3_IRQHandler                  0x080001bb   Thumb Code     0  startup_stm32f407xx.o(.text)
    DMA2_Stream4_IRQHandler                  0x080001bb   Thumb Code     0  startup_stm32f407xx.o(.text)
    DMA2_Stream6_IRQHandler                  0x080001bb   Thumb Code     0  startup_stm32f407xx.o(.text)
    DMA2_Stream7_IRQHandler                  0x080001bb   Thumb Code     0  startup_stm32f407xx.o(.text)
    ETH_IRQHandler                           0x080001bb   Thumb Code     0  startup_stm32f407xx.o(.text)
    ETH_WKUP_IRQHandler                      0x080001bb   Thumb Code     0  startup_stm32f407xx.o(.text)
    EXTI0_IRQHandler                         0x080001bb   Thumb Code     0  startup_stm32f407xx.o(.text)
    EXTI1_IRQHandler                         0x080001bb   Thumb Code     0  startup_stm32f407xx.o(.text)
    EXTI2_IRQHandler                         0x080001bb   Thumb Code     0  startup_stm32f407xx.o(.text)
    EXTI3_IRQHandler                         0x080001bb   Thumb Code     0  startup_stm32f407xx.o(.text)
    EXTI4_IRQHandler                         0x080001bb   Thumb Code     0  startup_stm32f407xx.o(.text)
    EXTI9_5_IRQHandler                       0x080001bb   Thumb Code     0  startup_stm32f407xx.o(.text)
    FLASH_IRQHandler                         0x080001bb   Thumb Code     0  startup_stm32f407xx.o(.text)
    FMC_IRQHandler                           0x080001bb   Thumb Code     0  startup_stm32f407xx.o(.text)
    FPU_IRQHandler                           0x080001bb   Thumb Code     0  startup_stm32f407xx.o(.text)
    HASH_RNG_IRQHandler                      0x080001bb   Thumb Code     0  startup_stm32f407xx.o(.text)
    I2C1_ER_IRQHandler                       0x080001bb   Thumb Code     0  startup_stm32f407xx.o(.text)
    I2C1_EV_IRQHandler                       0x080001bb   Thumb Code     0  startup_stm32f407xx.o(.text)
    I2C2_ER_IRQHandler                       0x080001bb   Thumb Code     0  startup_stm32f407xx.o(.text)
    I2C2_EV_IRQHandler                       0x080001bb   Thumb Code     0  startup_stm32f407xx.o(.text)
    I2C3_ER_IRQHandler                       0x080001bb   Thumb Code     0  startup_stm32f407xx.o(.text)
    I2C3_EV_IRQHandler                       0x080001bb   Thumb Code     0  startup_stm32f407xx.o(.text)
    OTG_FS_IRQHandler                        0x080001bb   Thumb Code     0  startup_stm32f407xx.o(.text)
    OTG_FS_WKUP_IRQHandler                   0x080001bb   Thumb Code     0  startup_stm32f407xx.o(.text)
    OTG_HS_EP1_IN_IRQHandler                 0x080001bb   Thumb Code     0  startup_stm32f407xx.o(.text)
    OTG_HS_EP1_OUT_IRQHandler                0x080001bb   Thumb Code     0  startup_stm32f407xx.o(.text)
    OTG_HS_IRQHandler                        0x080001bb   Thumb Code     0  startup_stm32f407xx.o(.text)
    OTG_HS_WKUP_IRQHandler                   0x080001bb   Thumb Code     0  startup_stm32f407xx.o(.text)
    PVD_IRQHandler                           0x080001bb   Thumb Code     0  startup_stm32f407xx.o(.text)
    RCC_IRQHandler                           0x080001bb   Thumb Code     0  startup_stm32f407xx.o(.text)
    RTC_Alarm_IRQHandler                     0x080001bb   Thumb Code     0  startup_stm32f407xx.o(.text)
    RTC_WKUP_IRQHandler                      0x080001bb   Thumb Code     0  startup_stm32f407xx.o(.text)
    SDIO_IRQHandler                          0x080001bb   Thumb Code     0  startup_stm32f407xx.o(.text)
    SPI1_IRQHandler                          0x080001bb   Thumb Code     0  startup_stm32f407xx.o(.text)
    SPI2_IRQHandler                          0x080001bb   Thumb Code     0  startup_stm32f407xx.o(.text)
    SPI3_IRQHandler                          0x080001bb   Thumb Code     0  startup_stm32f407xx.o(.text)
    TAMP_STAMP_IRQHandler                    0x080001bb   Thumb Code     0  startup_stm32f407xx.o(.text)
    TIM1_CC_IRQHandler                       0x080001bb   Thumb Code     0  startup_stm32f407xx.o(.text)
    TIM1_TRG_COM_TIM11_IRQHandler            0x080001bb   Thumb Code     0  startup_stm32f407xx.o(.text)
    TIM1_UP_TIM10_IRQHandler                 0x080001bb   Thumb Code     0  startup_stm32f407xx.o(.text)
    TIM5_IRQHandler                          0x080001bb   Thumb Code     0  startup_stm32f407xx.o(.text)
    TIM6_DAC_IRQHandler                      0x080001bb   Thumb Code     0  startup_stm32f407xx.o(.text)
    TIM8_BRK_TIM12_IRQHandler                0x080001bb   Thumb Code     0  startup_stm32f407xx.o(.text)
    TIM8_CC_IRQHandler                       0x080001bb   Thumb Code     0  startup_stm32f407xx.o(.text)
    TIM8_TRG_COM_TIM14_IRQHandler            0x080001bb   Thumb Code     0  startup_stm32f407xx.o(.text)
    TIM8_UP_TIM13_IRQHandler                 0x080001bb   Thumb Code     0  startup_stm32f407xx.o(.text)
    UART4_IRQHandler                         0x080001bb   Thumb Code     0  startup_stm32f407xx.o(.text)
    UART5_IRQHandler                         0x080001bb   Thumb Code     0  startup_stm32f407xx.o(.text)
    USART1_IRQHandler                        0x080001bb   Thumb Code     0  startup_stm32f407xx.o(.text)
    USART2_IRQHandler                        0x080001bb   Thumb Code     0  startup_stm32f407xx.o(.text)
    USART3_IRQHandler                        0x080001bb   Thumb Code     0  startup_stm32f407xx.o(.text)
    USART6_IRQHandler                        0x080001bb   Thumb Code     0  startup_stm32f407xx.o(.text)
    __aeabi_dadd                             0x080001c5   Thumb Code   322  dadd.o(.text)
    __aeabi_dsub                             0x08000307   Thumb Code     6  dadd.o(.text)
    __aeabi_drsub                            0x0800030d   Thumb Code     6  dadd.o(.text)
    __aeabi_dmul                             0x08000313   Thumb Code   228  dmul.o(.text)
    __aeabi_ddiv                             0x080003f7   Thumb Code   222  ddiv.o(.text)
    __aeabi_i2d                              0x080004d5   Thumb Code    34  dflti.o(.text)
    __aeabi_ui2d                             0x080004f7   Thumb Code    26  dfltui.o(.text)
    __aeabi_d2iz                             0x08000511   Thumb Code    62  dfixi.o(.text)
    __aeabi_cdcmpeq                          0x08000551   Thumb Code     0  cdcmple.o(.text)
    __aeabi_cdcmple                          0x08000551   Thumb Code    48  cdcmple.o(.text)
    __aeabi_cdrcmple                         0x08000581   Thumb Code    48  cdrcmple.o(.text)
    __aeabi_llsl                             0x080005b1   Thumb Code    30  llshl.o(.text)
    _ll_shift_l                              0x080005b1   Thumb Code     0  llshl.o(.text)
    __aeabi_llsr                             0x080005cf   Thumb Code    32  llushr.o(.text)
    _ll_ushift_r                             0x080005cf   Thumb Code     0  llushr.o(.text)
    __aeabi_lasr                             0x080005ef   Thumb Code    36  llsshr.o(.text)
    _ll_sshift_r                             0x080005ef   Thumb Code     0  llsshr.o(.text)
    __I$use$fp                               0x08000613   Thumb Code     0  iusefp.o(.text)
    _double_round                            0x08000613   Thumb Code    30  depilogue.o(.text)
    _double_epilogue                         0x08000631   Thumb Code   156  depilogue.o(.text)
    __scatterload                            0x080006cd   Thumb Code    28  init.o(.text)
    __scatterload_rt2                        0x080006cd   Thumb Code     0  init.o(.text)
    ADC_Cmd                                  0x080006f1   Thumb Code    22  stm32f4xx_adc.o(i.ADC_Cmd)
    ADC_Config                               0x08000709   Thumb Code   228  my_adc.o(i.ADC_Config)
    ADC_DMACmd                               0x080007fd   Thumb Code    22  stm32f4xx_adc.o(i.ADC_DMACmd)
    ADC_Init                                 0x08000815   Thumb Code    74  stm32f4xx_adc.o(i.ADC_Init)
    ADC_RegularChannelConfig                 0x08000869   Thumb Code   184  stm32f4xx_adc.o(i.ADC_RegularChannelConfig)
    ADC_SoftwareStartConv                    0x08000921   Thumb Code    10  stm32f4xx_adc.o(i.ADC_SoftwareStartConv)
    ADC_TempSensorVrefintCmd                 0x0800092d   Thumb Code    34  stm32f4xx_adc.o(i.ADC_TempSensorVrefintCmd)
    BusFault_Handler                         0x08000959   Thumb Code     4  stm32f4xx_it.o(i.BusFault_Handler)
    CAN1_RX0_IRQHandler                      0x0800095d   Thumb Code   400  my_can.o(i.CAN1_RX0_IRQHandler)
    CAN_DeInit                               0x08000b0d   Thumb Code    50  stm32f4xx_can.o(i.CAN_DeInit)
    CAN_FIFORelease                          0x08000b45   Thumb Code    22  stm32f4xx_can.o(i.CAN_FIFORelease)
    CAN_FilterInit                           0x08000b5d   Thumb Code   258  stm32f4xx_can.o(i.CAN_FilterInit)
    CAN_ITConfig                             0x08000c65   Thumb Code    18  stm32f4xx_can.o(i.CAN_ITConfig)
    CAN_Init                                 0x08000c77   Thumb Code   276  stm32f4xx_can.o(i.CAN_Init)
    CAN_MessagePending                       0x08000d8b   Thumb Code    30  stm32f4xx_can.o(i.CAN_MessagePending)
    CAN_Receive                              0x08000da9   Thumb Code   240  stm32f4xx_can.o(i.CAN_Receive)
    CAN_Transmit                             0x08000e99   Thumb Code   294  stm32f4xx_can.o(i.CAN_Transmit)
    CAN_TransmitStatus                       0x08000fc1   Thumb Code   138  stm32f4xx_can.o(i.CAN_TransmitStatus)
    CalcCRC16                                0x08001061   Thumb Code    94  my_keller_pa3.o(i.CalcCRC16)
    DMA1_Stream0_IRQHandler                  0x080010c1   Thumb Code   196  my_bms24v40ah.o(i.DMA1_Stream0_IRQHandler)
    DMA1_Stream1_IRQHandler                  0x0800119d   Thumb Code   132  my_keller_pa3.o(i.DMA1_Stream1_IRQHandler)
    DMA1_Stream5_IRQHandler                  0x08001235   Thumb Code   448  my_mx28.o(i.DMA1_Stream5_IRQHandler)
    DMA2_Stream0_IRQHandler                  0x08001421   Thumb Code    20  my_adc.o(i.DMA2_Stream0_IRQHandler)
    DMA2_Stream1_IRQHandler                  0x08001441   Thumb Code    38  ugv_uart_joystick.o(i.DMA2_Stream1_IRQHandler)
    DMA2_Stream5_IRQHandler                  0x08001489   Thumb Code    30  my_dvl.o(i.DMA2_Stream5_IRQHandler)
    DMA_ClearITPendingBit                    0x080014bd   Thumb Code    38  stm32f4xx_dma.o(i.DMA_ClearITPendingBit)
    DMA_Cmd                                  0x080014f1   Thumb Code    22  stm32f4xx_dma.o(i.DMA_Cmd)
    DMA_GetITStatus                          0x08001509   Thumb Code    82  stm32f4xx_dma.o(i.DMA_GetITStatus)
    DMA_ITConfig                             0x0800156d   Thumb Code    58  stm32f4xx_dma.o(i.DMA_ITConfig)
    DMA_Init                                 0x080015a9   Thumb Code    82  stm32f4xx_dma.o(i.DMA_Init)
    DebugMon_Handler                         0x08001601   Thumb Code     2  stm32f4xx_it.o(i.DebugMon_Handler)
    EXTI15_10_IRQHandler                     0x08001605   Thumb Code   114  my_io.o(i.EXTI15_10_IRQHandler)
    EXTI_ClearITPendingBit                   0x0800168d   Thumb Code     6  stm32f4xx_exti.o(i.EXTI_ClearITPendingBit)
    EXTI_GetITStatus                         0x08001699   Thumb Code    20  stm32f4xx_exti.o(i.EXTI_GetITStatus)
    EXTI_Init                                0x080016b1   Thumb Code   142  stm32f4xx_exti.o(i.EXTI_Init)
    FLASH_SetLatency                         0x08001745   Thumb Code     6  stm32f4xx_flash.o(i.FLASH_SetLatency)
    GPIO_Init                                0x08001751   Thumb Code   144  stm32f4xx_gpio.o(i.GPIO_Init)
    GPIO_PinAFConfig                         0x080017e1   Thumb Code    70  stm32f4xx_gpio.o(i.GPIO_PinAFConfig)
    GPIO_ResetBits                           0x08001827   Thumb Code     4  stm32f4xx_gpio.o(i.GPIO_ResetBits)
    GPIO_SetBits                             0x0800182b   Thumb Code     4  stm32f4xx_gpio.o(i.GPIO_SetBits)
    HardFault_Handler                        0x0800182f   Thumb Code     4  stm32f4xx_it.o(i.HardFault_Handler)
    MemManage_Handler                        0x08001833   Thumb Code     4  stm32f4xx_it.o(i.MemManage_Handler)
    NMI_Handler                              0x08001837   Thumb Code     2  stm32f4xx_it.o(i.NMI_Handler)
    NVIC_Init                                0x08001839   Thumb Code   106  misc.o(i.NVIC_Init)
    PendSV_Handler                           0x080018b1   Thumb Code     2  stm32f4xx_it.o(i.PendSV_Handler)
    RCC_AHB1PeriphClockCmd                   0x080018b5   Thumb Code    26  stm32f4xx_rcc.o(i.RCC_AHB1PeriphClockCmd)
    RCC_APB1PeriphClockCmd                   0x080018d5   Thumb Code    26  stm32f4xx_rcc.o(i.RCC_APB1PeriphClockCmd)
    RCC_APB1PeriphResetCmd                   0x080018f5   Thumb Code    26  stm32f4xx_rcc.o(i.RCC_APB1PeriphResetCmd)
    RCC_APB2PeriphClockCmd                   0x08001915   Thumb Code    26  stm32f4xx_rcc.o(i.RCC_APB2PeriphClockCmd)
    RCC_DeInit                               0x08001935   Thumb Code    82  stm32f4xx_rcc.o(i.RCC_DeInit)
    RCC_GetClocksFreq                        0x08001999   Thumb Code   214  stm32f4xx_rcc.o(i.RCC_GetClocksFreq)
    RCC_GetFlagStatus                        0x08001a81   Thumb Code    60  stm32f4xx_rcc.o(i.RCC_GetFlagStatus)
    RCC_HCLKConfig                           0x08001ac1   Thumb Code    18  stm32f4xx_rcc.o(i.RCC_HCLKConfig)
    RCC_HSEConfig                            0x08001ad9   Thumb Code    12  stm32f4xx_rcc.o(i.RCC_HSEConfig)
    RCC_PCLK1Config                          0x08001ae9   Thumb Code    18  stm32f4xx_rcc.o(i.RCC_PCLK1Config)
    RCC_PCLK2Config                          0x08001b01   Thumb Code    20  stm32f4xx_rcc.o(i.RCC_PCLK2Config)
    RCC_PLLCmd                               0x08001b19   Thumb Code     6  stm32f4xx_rcc.o(i.RCC_PLLCmd)
    RCC_PLLConfig                            0x08001b25   Thumb Code    30  stm32f4xx_rcc.o(i.RCC_PLLConfig)
    RCC_SYSCLKConfig                         0x08001b49   Thumb Code    18  stm32f4xx_rcc.o(i.RCC_SYSCLKConfig)
    RCC_WaitForHSEStartUp                    0x08001b61   Thumb Code    56  stm32f4xx_rcc.o(i.RCC_WaitForHSEStartUp)
    Run_Mass                                 0x08001b99   Thumb Code    88  my_can.o(i.Run_Mass)
    Run_Pistol                               0x08001bfd   Thumb Code   118  my_can.o(i.Run_Pistol)
    Run_Thruster                             0x08001c81   Thumb Code   118  my_can.o(i.Run_Thruster)
    SBUS_read                                0x08001d05   Thumb Code   644  ugv_sbus.o(i.SBUS_read)
    SVC_Handler                              0x08001fb5   Thumb Code     2  stm32f4xx_it.o(i.SVC_Handler)
    SYSCFG_EXTILineConfig                    0x08001fb9   Thumb Code    60  stm32f4xx_syscfg.o(i.SYSCFG_EXTILineConfig)
    Stop_Mass                                0x08001ff9   Thumb Code    50  my_can.o(i.Stop_Mass)
    SystemCoreClockUpdate                    0x0800209d   Thumb Code   170  system_stm32f4xx.o(i.SystemCoreClockUpdate)
    SystemInit                               0x0800215d   Thumb Code    82  system_stm32f4xx.o(i.SystemInit)
    TIM1_BRK_TIM9_IRQHandler                 0x080021c1   Thumb Code    22  my_balance.o(i.TIM1_BRK_TIM9_IRQHandler)
    TIM2_IRQHandler                          0x080021dd   Thumb Code    36  my_antiroll.o(i.TIM2_IRQHandler)
    TIM3_IRQHandler                          0x08002205   Thumb Code   208  my_can.o(i.TIM3_IRQHandler)
    TIM4_IRQHandler                          0x080022fd   Thumb Code   138  my_antiroll.o(i.TIM4_IRQHandler)
    TIM7_IRQHandler                          0x080023b5   Thumb Code    28  my_mx28.o(i.TIM7_IRQHandler)
    TIM_ClearFlag                            0x080023d5   Thumb Code     6  stm32f4xx_tim.o(i.TIM_ClearFlag)
    TIM_ClearITPendingBit                    0x080023db   Thumb Code     6  stm32f4xx_tim.o(i.TIM_ClearITPendingBit)
    TIM_Cmd                                  0x080023e1   Thumb Code    24  stm32f4xx_tim.o(i.TIM_Cmd)
    TIM_GetCounter                           0x080023f9   Thumb Code     6  stm32f4xx_tim.o(i.TIM_GetCounter)
    TIM_GetFlagStatus                        0x080023ff   Thumb Code    18  stm32f4xx_tim.o(i.TIM_GetFlagStatus)
    TIM_GetITStatus                          0x08002411   Thumb Code    34  stm32f4xx_tim.o(i.TIM_GetITStatus)
    TIM_ITConfig                             0x08002433   Thumb Code    18  stm32f4xx_tim.o(i.TIM_ITConfig)
    TIM_SetCompare1                          0x08002445   Thumb Code     4  stm32f4xx_tim.o(i.TIM_SetCompare1)
    TIM_SetCounter                           0x08002449   Thumb Code     4  stm32f4xx_tim.o(i.TIM_SetCounter)
    TIM_TimeBaseInit                         0x0800244d   Thumb Code   104  stm32f4xx_tim.o(i.TIM_TimeBaseInit)
    UBMS40_ArrangeData                       0x0800277d   Thumb Code   120  my_bms24v40ah.o(i.UBMS40_ArrangeData)
    UBMS40_Checksum                          0x080027f5   Thumb Code    30  my_bms24v40ah.o(i.UBMS40_Checksum)
    UCAN_Checksum                            0x08002833   Thumb Code    30  my_can.o(i.UCAN_Checksum)
    UCAN_Configure                           0x08002851   Thumb Code   392  my_can.o(i.UCAN_Configure)
    UCAN_Convert_Bytes_to_Float              0x080029ed   Thumb Code    32  my_can.o(i.UCAN_Convert_Bytes_to_Float)
    UCAN_Run_Motor                           0x08002a0d   Thumb Code   284  my_can.o(i.UCAN_Run_Motor)
    UCAN_Send_Data                           0x08002b3d   Thumb Code   440  my_can.o(i.UCAN_Send_Data)
    UCAN_Send_End_Frame_ARM2                 0x08002d2d   Thumb Code    56  my_can.o(i.UCAN_Send_End_Frame_ARM2)
    UCAN_Transmit                            0x08002d6d   Thumb Code    98  my_can.o(i.UCAN_Transmit)
    UDELAY_Configuration                     0x08002dd5   Thumb Code    24  my_delay.o(i.UDELAY_Configuration)
    UDELAY_ms                                0x08002df5   Thumb Code    88  my_delay.o(i.UDELAY_ms)
    UDELAY_us                                0x08002e5d   Thumb Code    86  my_delay.o(i.UDELAY_us)
    UDVL_ArrangeData                         0x08002ec5   Thumb Code    60  my_dvl.o(i.UDVL_ArrangeData)
    UHRST_ResetCNT                           0x08002f01   Thumb Code    10  my_hardwarereset.o(i.UHRST_ResetCNT)
    UIO_Configuration                        0x08002f0d   Thumb Code   934  my_io.o(i.UIO_Configuration)
    UIO_LEDORANGE_OFF                        0x080032c1   Thumb Code    14  my_io.o(i.UIO_LEDORANGE_OFF)
    UIO_LEDORANGE_ON                         0x080032d5   Thumb Code    14  my_io.o(i.UIO_LEDORANGE_ON)
    UKELLER_Configuration                    0x080032e9   Thumb Code   314  my_keller_pa3.o(i.UKELLER_Configuration)
    UKELLER_KELLER_Init                      0x08003455   Thumb Code   180  my_keller_pa3.o(i.UKELLER_KELLER_Init)
    UKELLER_KELLER_ReadP1                    0x08003515   Thumb Code    64  my_keller_pa3.o(i.UKELLER_KELLER_ReadP1)
    UKELLER_KELLER_ReadTOB1                  0x0800355d   Thumb Code    64  my_keller_pa3.o(i.UKELLER_KELLER_ReadTOB1)
    UKELLER_TxData                           0x080035a5   Thumb Code    28  my_keller_pa3.o(i.UKELLER_TxData)
    UMX28_AnalycsData                        0x080035c5   Thumb Code   184  my_mx28.o(i.UMX28_AnalycsData)
    UMX28_CheckSum                           0x0800367d   Thumb Code    36  my_mx28.o(i.UMX28_CheckSum)
    UMX28_Configuration                      0x080036a1   Thumb Code   398  my_mx28.o(i.UMX28_Configuration)
    UMX28_Convert_Byte2Uint                  0x08003845   Thumb Code    22  my_mx28.o(i.UMX28_Convert_Byte2Uint)
    UMX28_Init                               0x0800385d   Thumb Code    70  my_mx28.o(i.UMX28_Init)
    UMX28_Transmit                           0x080038a9   Thumb Code    42  my_mx28.o(i.UMX28_Transmit)
    UMX28_getStallTorque                     0x080038d9   Thumb Code    70  my_mx28.o(i.UMX28_getStallTorque)
    UMX28_pingServo                          0x08003931   Thumb Code    52  my_mx28.o(i.UMX28_pingServo)
    UMX28_readStatusData                     0x08003965   Thumb Code    64  my_mx28.o(i.UMX28_readStatusData)
    UMX28_setBaudrate                        0x080039a5   Thumb Code    64  my_mx28.o(i.UMX28_setBaudrate)
    UMX28_setGoalPosition                    0x080039e5   Thumb Code    72  my_mx28.o(i.UMX28_setGoalPosition)
    UMX28_setMovingSpeed                     0x08003a2d   Thumb Code    72  my_mx28.o(i.UMX28_setMovingSpeed)
    USART6_DMA_Rx_Config                     0x08003a75   Thumb Code   266  ugv_uart_joystick.o(i.USART6_DMA_Rx_Config)
    USART_Cmd                                0x08003b95   Thumb Code    24  stm32f4xx_usart.o(i.USART_Cmd)
    USART_DMACmd                             0x08003bad   Thumb Code    18  stm32f4xx_usart.o(i.USART_DMACmd)
    USART_GetFlagStatus                      0x08003bbf   Thumb Code    26  stm32f4xx_usart.o(i.USART_GetFlagStatus)
    USART_Init                               0x08003bd9   Thumb Code   204  stm32f4xx_usart.o(i.USART_Init)
    USART_ReceiveData                        0x08003cad   Thumb Code    10  stm32f4xx_usart.o(i.USART_ReceiveData)
    USART_SendData                           0x08003cb7   Thumb Code     8  stm32f4xx_usart.o(i.USART_SendData)
    UsageFault_Handler                       0x08003cbf   Thumb Code     4  stm32f4xx_it.o(i.UsageFault_Handler)
    WWDG_ClearFlag                           0x08003cc5   Thumb Code     8  stm32f4xx_wwdg.o(i.WWDG_ClearFlag)
    WWDG_IRQHandler                          0x08003cd1   Thumb Code    12  my_hardwarereset.o(i.WWDG_IRQHandler)
    WWDG_SetCounter                          0x08003cdd   Thumb Code    10  stm32f4xx_wwdg.o(i.WWDG_SetCounter)
    __ARM_fpclassify                         0x08003ced   Thumb Code    48  fpclassify.o(i.__ARM_fpclassify)
    __hardfp_exp                             0x08003d21   Thumb Code   714  exp.o(i.__hardfp_exp)
    __kernel_poly                            0x08004079   Thumb Code   248  poly.o(i.__kernel_poly)
    __mathlib_dbl_infnan                     0x08004171   Thumb Code    20  dunder.o(i.__mathlib_dbl_infnan)
    __mathlib_dbl_overflow                   0x08004189   Thumb Code    24  dunder.o(i.__mathlib_dbl_overflow)
    __mathlib_dbl_underflow                  0x080041a9   Thumb Code    24  dunder.o(i.__mathlib_dbl_underflow)
    __scatterload_copy                       0x080041c9   Thumb Code    14  handlers.o(i.__scatterload_copy)
    __scatterload_null                       0x080041d7   Thumb Code     2  handlers.o(i.__scatterload_null)
    __scatterload_zeroinit                   0x080041d9   Thumb Code    14  handlers.o(i.__scatterload_zeroinit)
    __set_errno                              0x080041e9   Thumb Code     6  errno.o(i.__set_errno)
    main                                     0x080041f5   Thumb Code   164  main.o(i.main)
    map                                      0x080042a9   Thumb Code    22  ugv_sbus.o(i.map)
    map_Ecap                                 0x080042c1   Thumb Code   152  ugv_sbus.o(i.map_Ecap)
    map_double                               0x08004369   Thumb Code   156  ugv_sbus.o(i.map_double)
    _sbusLostFrame                           0x08004404   Data           1  ugv_sbus.o(.constdata)
    _sbusFailSafe                            0x08004405   Data           1  ugv_sbus.o(.constdata)
    Rudder_position_min                      0x08004408   Data           4  ugv_sbus.o(.constdata)
    Rudder_position_max                      0x0800440c   Data           4  ugv_sbus.o(.constdata)
    Rudder_position_mid                      0x08004410   Data           4  ugv_sbus.o(.constdata)
    Mass_position_min                        0x08004414   Data           4  ugv_sbus.o(.constdata)
    Mass_position_max                        0x08004418   Data           4  ugv_sbus.o(.constdata)
    Pistol_position_min                      0x0800441c   Data           4  ugv_sbus.o(.constdata)
    Pistol_position_max                      0x08004420   Data           4  ugv_sbus.o(.constdata)
    AHBPrescTable                            0x08004424   Data          16  system_stm32f4xx.o(.constdata)
    APBPrescTable                            0x08004434   Data           8  system_stm32f4xx.o(.constdata)
    Region$$Table$$Base                      0x08004498   Number         0  anon$$obj.o(Region$$Table)
    Region$$Table$$Limit                     0x080044b8   Number         0  anon$$obj.o(Region$$Table)
    _can_respond_count                       0x20000003   Data           1  my_can.o(.data)
    CAN_RxMessage                            0x20000020   Data           8  my_can.o(.data)
    CAN_TxMessage                            0x20000028   Data           8  my_can.o(.data)
    _send_status                             0x20000030   Data           1  my_can.o(.data)
    UPWM_DutyCycle                           0x20000034   Data           4  my_can.o(.data)
    MX28_Data                                0x20000038   Data           4  my_can.o(.data)
    KELLER_Pressure                          0x2000003c   Data           4  my_can.o(.data)
    KELLER_Temperature                       0x20000040   Data           4  my_can.o(.data)
    Thruster_Speed                           0x20000044   Data           4  my_can.o(.data)
    Rudder_Angle                             0x20000048   Data           4  my_can.o(.data)
    LEAK_POSITION_1                          0x2000004c   Data           1  my_io.o(.data)
    LEAK_POSITION_2                          0x2000004d   Data           1  my_io.o(.data)
    LEAK_POSITION_3                          0x2000004e   Data           1  my_io.o(.data)
    LEAK_POSITION_4                          0x2000004f   Data           1  my_io.o(.data)
    LEAK_POSITION_5                          0x20000050   Data           1  my_io.o(.data)
    UKellerPA3_Status                        0x20000058   Data           8  my_keller_pa3.o(.data)
    targetDuty                               0x20000060   Data           2  my_antiroll.o(.data)
    Count                                    0x20000062   Data           2  my_antiroll.o(.data)
    error                                    0x20000068   Data           4  my_antiroll.o(.data)
    error1                                   0x2000006c   Data           4  my_antiroll.o(.data)
    error2                                   0x20000070   Data           4  my_antiroll.o(.data)
    value                                    0x20000074   Data           4  my_antiroll.o(.data)
    Rotary                                   0x20000078   Data           4  my_antiroll.o(.data)
    Counter                                  0x2000007c   Data           4  my_antiroll.o(.data)
    direct                                   0x20000080   Data           1  my_antiroll.o(.data)
    dir                                      0x20000081   Data           1  my_antiroll.o(.data)
    Position_PV                              0x20000088   Data           8  my_antiroll.o(.data)
    Setpoint                                 0x20000090   Data           4  my_antiroll.o(.data)
    Kp                                       0x20000094   Data           4  my_antiroll.o(.data)
    Ki                                       0x20000098   Data           4  my_antiroll.o(.data)
    Kd                                       0x2000009c   Data           4  my_antiroll.o(.data)
    failSafe                                 0x200000a0   Data           1  ugv_uart_joystick.o(.data)
    lostFrame                                0x200000a1   Data           1  ugv_uart_joystick.o(.data)
    mode_manual                              0x200000a4   Data           4  ugv_uart_joystick.o(.data)
    end_mode                                 0x200000a8   Data           4  ugv_uart_joystick.o(.data)
    speed1                                   0x200000b0   Data           8  ugv_uart_joystick.o(.data)
    speed2                                   0x200000b8   Data           8  ugv_uart_joystick.o(.data)
    xsen_angle                               0x200000c0   Data           4  my_adc.o(.data)
    SystemCoreClock                          0x200000d4   Data           4  system_stm32f4xx.o(.data)
    RCC_Clocks                               0x200000dc   Data          16  main.o(.bss)
    CAN_Data                                 0x200000ec   Data          56  main.o(.bss)
    RxMessage                                0x20000130   Data          20  my_can.o(.bss)
    Flag                                     0x20000144   Data          10  my_can.o(.bss)
    UBMS40_Status                            0x20000198   Data          24  my_bms24v40ah.o(.bss)
    MX28_Status                              0x20000218   Data          20  my_mx28.o(.bss)
    uart_buffer_u3                           0x2000023e   Data         204  ugv_uart_joystick.o(.bss)
    channels                                 0x2000030a   Data          32  ugv_uart_joystick.o(.bss)
    scalechannels                            0x2000032a   Data          32  ugv_uart_joystick.o(.bss)
    old_scalechannels                        0x2000034a   Data          32  ugv_uart_joystick.o(.bss)
    __initial_sp                             0x2000136f   Data           0  startup_stm32f407xx.o(STACK)



==============================================================================

Memory Map of the image

  Image Entry point : 0x08000189

  Load Region LR_IROM1 (Base: 0x08000000, Size: 0x00004594, Max: 0x00100000, ABSOLUTE)

    Execution Region ER_IROM1 (Exec base: 0x08000000, Load base: 0x08000000, Size: 0x000044b8, Max: 0x00100000, ABSOLUTE)

    Exec Addr    Load Addr    Size         Type   Attr      Idx    E Section Name        Object

    0x08000000   0x08000000   0x00000188   Data   RO         3638    RESET               startup_stm32f407xx.o
    0x08000188   0x08000188   0x00000000   Code   RO         3708  * .ARM.Collect$$$$00000000  mc_w.l(entry.o)
    0x08000188   0x08000188   0x00000004   Code   RO         3770    .ARM.Collect$$$$00000001  mc_w.l(entry2.o)
    0x0800018c   0x0800018c   0x00000004   Code   RO         3773    .ARM.Collect$$$$00000004  mc_w.l(entry5.o)
    0x08000190   0x08000190   0x00000000   Code   RO         3775    .ARM.Collect$$$$00000008  mc_w.l(entry7b.o)
    0x08000190   0x08000190   0x00000000   Code   RO         3777    .ARM.Collect$$$$0000000A  mc_w.l(entry8b.o)
    0x08000190   0x08000190   0x00000008   Code   RO         3778    .ARM.Collect$$$$0000000B  mc_w.l(entry9a.o)
    0x08000198   0x08000198   0x00000004   Code   RO         3785    .ARM.Collect$$$$0000000E  mc_w.l(entry12b.o)
    0x0800019c   0x0800019c   0x00000000   Code   RO         3780    .ARM.Collect$$$$0000000F  mc_w.l(entry10a.o)
    0x0800019c   0x0800019c   0x00000000   Code   RO         3782    .ARM.Collect$$$$00000011  mc_w.l(entry11a.o)
    0x0800019c   0x0800019c   0x00000004   Code   RO         3771    .ARM.Collect$$$$00002712  mc_w.l(entry2.o)
    0x080001a0   0x080001a0   0x00000024   Code   RO         3639    .text               startup_stm32f407xx.o
    0x080001c4   0x080001c4   0x0000014e   Code   RO         3711    .text               mf_w.l(dadd.o)
    0x08000312   0x08000312   0x000000e4   Code   RO         3713    .text               mf_w.l(dmul.o)
    0x080003f6   0x080003f6   0x000000de   Code   RO         3715    .text               mf_w.l(ddiv.o)
    0x080004d4   0x080004d4   0x00000022   Code   RO         3719    .text               mf_w.l(dflti.o)
    0x080004f6   0x080004f6   0x0000001a   Code   RO         3721    .text               mf_w.l(dfltui.o)
    0x08000510   0x08000510   0x0000003e   Code   RO         3723    .text               mf_w.l(dfixi.o)
    0x0800054e   0x0800054e   0x00000002   PAD
    0x08000550   0x08000550   0x00000030   Code   RO         3727    .text               mf_w.l(cdcmple.o)
    0x08000580   0x08000580   0x00000030   Code   RO         3729    .text               mf_w.l(cdrcmple.o)
    0x080005b0   0x080005b0   0x0000001e   Code   RO         3786    .text               mc_w.l(llshl.o)
    0x080005ce   0x080005ce   0x00000020   Code   RO         3788    .text               mc_w.l(llushr.o)
    0x080005ee   0x080005ee   0x00000024   Code   RO         3790    .text               mc_w.l(llsshr.o)
    0x08000612   0x08000612   0x00000000   Code   RO         3799    .text               mc_w.l(iusefp.o)
    0x08000612   0x08000612   0x000000ba   Code   RO         3802    .text               mf_w.l(depilogue.o)
    0x080006cc   0x080006cc   0x00000024   Code   RO         3806    .text               mc_w.l(init.o)
    0x080006f0   0x080006f0   0x00000016   Code   RO         3399    i.ADC_Cmd           stm32f4xx_adc.o
    0x08000706   0x08000706   0x00000002   PAD
    0x08000708   0x08000708   0x000000f4   Code   RO         1271    i.ADC_Config        my_adc.o
    0x080007fc   0x080007fc   0x00000016   Code   RO         3403    i.ADC_DMACmd        stm32f4xx_adc.o
    0x08000812   0x08000812   0x00000002   PAD
    0x08000814   0x08000814   0x00000054   Code   RO         3419    i.ADC_Init          stm32f4xx_adc.o
    0x08000868   0x08000868   0x000000b8   Code   RO         3424    i.ADC_RegularChannelConfig  stm32f4xx_adc.o
    0x08000920   0x08000920   0x0000000a   Code   RO         3426    i.ADC_SoftwareStartConv  stm32f4xx_adc.o
    0x0800092a   0x0800092a   0x00000002   PAD
    0x0800092c   0x0800092c   0x0000002c   Code   RO         3429    i.ADC_TempSensorVrefintCmd  stm32f4xx_adc.o
    0x08000958   0x08000958   0x00000004   Code   RO         1307    i.BusFault_Handler  stm32f4xx_it.o
    0x0800095c   0x0800095c   0x000001b0   Code   RO          252    i.CAN1_RX0_IRQHandler  my_can.o
    0x08000b0c   0x08000b0c   0x00000038   Code   RO         1450    i.CAN_DeInit        stm32f4xx_can.o
    0x08000b44   0x08000b44   0x00000016   Code   RO         1451    i.CAN_FIFORelease   stm32f4xx_can.o
    0x08000b5a   0x08000b5a   0x00000002   PAD
    0x08000b5c   0x08000b5c   0x00000108   Code   RO         1452    i.CAN_FilterInit    stm32f4xx_can.o
    0x08000c64   0x08000c64   0x00000012   Code   RO         1458    i.CAN_ITConfig      stm32f4xx_can.o
    0x08000c76   0x08000c76   0x00000114   Code   RO         1459    i.CAN_Init          stm32f4xx_can.o
    0x08000d8a   0x08000d8a   0x0000001e   Code   RO         1460    i.CAN_MessagePending  stm32f4xx_can.o
    0x08000da8   0x08000da8   0x000000f0   Code   RO         1462    i.CAN_Receive       stm32f4xx_can.o
    0x08000e98   0x08000e98   0x00000126   Code   RO         1467    i.CAN_Transmit      stm32f4xx_can.o
    0x08000fbe   0x08000fbe   0x00000002   PAD
    0x08000fc0   0x08000fc0   0x000000a0   Code   RO         1468    i.CAN_TransmitStatus  stm32f4xx_can.o
    0x08001060   0x08001060   0x0000005e   Code   RO          867    i.CalcCRC16         my_keller_pa3.o
    0x080010be   0x080010be   0x00000002   PAD
    0x080010c0   0x080010c0   0x000000dc   Code   RO          461    i.DMA1_Stream0_IRQHandler  my_bms24v40ah.o
    0x0800119c   0x0800119c   0x00000098   Code   RO          868    i.DMA1_Stream1_IRQHandler  my_keller_pa3.o
    0x08001234   0x08001234   0x000001ec   Code   RO          687    i.DMA1_Stream5_IRQHandler  my_mx28.o
    0x08001420   0x08001420   0x00000020   Code   RO         1272    i.DMA2_Stream0_IRQHandler  my_adc.o
    0x08001440   0x08001440   0x00000048   Code   RO         1132    i.DMA2_Stream1_IRQHandler  ugv_uart_joystick.o
    0x08001488   0x08001488   0x00000034   Code   RO          637    i.DMA2_Stream5_IRQHandler  my_dvl.o
    0x080014bc   0x080014bc   0x00000034   Code   RO         1614    i.DMA_ClearITPendingBit  stm32f4xx_dma.o
    0x080014f0   0x080014f0   0x00000016   Code   RO         1615    i.DMA_Cmd           stm32f4xx_dma.o
    0x08001506   0x08001506   0x00000002   PAD
    0x08001508   0x08001508   0x00000064   Code   RO         1625    i.DMA_GetITStatus   stm32f4xx_dma.o
    0x0800156c   0x0800156c   0x0000003a   Code   RO         1626    i.DMA_ITConfig      stm32f4xx_dma.o
    0x080015a6   0x080015a6   0x00000002   PAD
    0x080015a8   0x080015a8   0x00000058   Code   RO         1627    i.DMA_Init          stm32f4xx_dma.o
    0x08001600   0x08001600   0x00000002   Code   RO         1308    i.DebugMon_Handler  stm32f4xx_it.o
    0x08001602   0x08001602   0x00000002   PAD
    0x08001604   0x08001604   0x00000088   Code   RO          541    i.EXTI15_10_IRQHandler  my_io.o
    0x0800168c   0x0800168c   0x0000000c   Code   RO         3262    i.EXTI_ClearITPendingBit  stm32f4xx_exti.o
    0x08001698   0x08001698   0x00000018   Code   RO         3266    i.EXTI_GetITStatus  stm32f4xx_exti.o
    0x080016b0   0x080016b0   0x00000094   Code   RO         3267    i.EXTI_Init         stm32f4xx_exti.o
    0x08001744   0x08001744   0x0000000c   Code   RO         3040    i.FLASH_SetLatency  stm32f4xx_flash.o
    0x08001750   0x08001750   0x00000090   Code   RO         1746    i.GPIO_Init         stm32f4xx_gpio.o
    0x080017e0   0x080017e0   0x00000046   Code   RO         1747    i.GPIO_PinAFConfig  stm32f4xx_gpio.o
    0x08001826   0x08001826   0x00000004   Code   RO         1753    i.GPIO_ResetBits    stm32f4xx_gpio.o
    0x0800182a   0x0800182a   0x00000004   Code   RO         1754    i.GPIO_SetBits      stm32f4xx_gpio.o
    0x0800182e   0x0800182e   0x00000004   Code   RO         1309    i.HardFault_Handler  stm32f4xx_it.o
    0x08001832   0x08001832   0x00000004   Code   RO         1310    i.MemManage_Handler  stm32f4xx_it.o
    0x08001836   0x08001836   0x00000002   Code   RO         1311    i.NMI_Handler       stm32f4xx_it.o
    0x08001838   0x08001838   0x00000078   Code   RO         1398    i.NVIC_Init         misc.o
    0x080018b0   0x080018b0   0x00000002   Code   RO         1312    i.PendSV_Handler    stm32f4xx_it.o
    0x080018b2   0x080018b2   0x00000002   PAD
    0x080018b4   0x080018b4   0x00000020   Code   RO         2665    i.RCC_AHB1PeriphClockCmd  stm32f4xx_rcc.o
    0x080018d4   0x080018d4   0x00000020   Code   RO         2674    i.RCC_APB1PeriphClockCmd  stm32f4xx_rcc.o
    0x080018f4   0x080018f4   0x00000020   Code   RO         2676    i.RCC_APB1PeriphResetCmd  stm32f4xx_rcc.o
    0x08001914   0x08001914   0x00000020   Code   RO         2677    i.RCC_APB2PeriphClockCmd  stm32f4xx_rcc.o
    0x08001934   0x08001934   0x00000064   Code   RO         2685    i.RCC_DeInit        stm32f4xx_rcc.o
    0x08001998   0x08001998   0x000000e8   Code   RO         2686    i.RCC_GetClocksFreq  stm32f4xx_rcc.o
    0x08001a80   0x08001a80   0x00000040   Code   RO         2687    i.RCC_GetFlagStatus  stm32f4xx_rcc.o
    0x08001ac0   0x08001ac0   0x00000018   Code   RO         2690    i.RCC_HCLKConfig    stm32f4xx_rcc.o
    0x08001ad8   0x08001ad8   0x00000010   Code   RO         2691    i.RCC_HSEConfig     stm32f4xx_rcc.o
    0x08001ae8   0x08001ae8   0x00000018   Code   RO         2701    i.RCC_PCLK1Config   stm32f4xx_rcc.o
    0x08001b00   0x08001b00   0x00000018   Code   RO         2702    i.RCC_PCLK2Config   stm32f4xx_rcc.o
    0x08001b18   0x08001b18   0x0000000c   Code   RO         2703    i.RCC_PLLCmd        stm32f4xx_rcc.o
    0x08001b24   0x08001b24   0x00000024   Code   RO         2704    i.RCC_PLLConfig     stm32f4xx_rcc.o
    0x08001b48   0x08001b48   0x00000018   Code   RO         2715    i.RCC_SYSCLKConfig  stm32f4xx_rcc.o
    0x08001b60   0x08001b60   0x00000038   Code   RO         2717    i.RCC_WaitForHSEStartUp  stm32f4xx_rcc.o
    0x08001b98   0x08001b98   0x00000064   Code   RO          257    i.Run_Mass          my_can.o
    0x08001bfc   0x08001bfc   0x00000084   Code   RO          258    i.Run_Pistol        my_can.o
    0x08001c80   0x08001c80   0x00000084   Code   RO          259    i.Run_Thruster      my_can.o
    0x08001d04   0x08001d04   0x000002b0   Code   RO         1063    i.SBUS_read         ugv_sbus.o
    0x08001fb4   0x08001fb4   0x00000002   Code   RO         1313    i.SVC_Handler       stm32f4xx_it.o
    0x08001fb6   0x08001fb6   0x00000002   PAD
    0x08001fb8   0x08001fb8   0x00000040   Code   RO         1850    i.SYSCFG_EXTILineConfig  stm32f4xx_syscfg.o
    0x08001ff8   0x08001ff8   0x0000003c   Code   RO          261    i.Stop_Mass         my_can.o
    0x08002034   0x08002034   0x00000068   Code   RO            4    i.SystemClock_Config  main.o
    0x0800209c   0x0800209c   0x000000c0   Code   RO         3646    i.SystemCoreClockUpdate  system_stm32f4xx.o
    0x0800215c   0x0800215c   0x00000064   Code   RO         3647    i.SystemInit        system_stm32f4xx.o
    0x080021c0   0x080021c0   0x0000001c   Code   RO         1179    i.TIM1_BRK_TIM9_IRQHandler  my_balance.o
    0x080021dc   0x080021dc   0x00000028   Code   RO          958    i.TIM2_IRQHandler   my_antiroll.o
    0x08002204   0x08002204   0x000000f8   Code   RO          262    i.TIM3_IRQHandler   my_can.o
    0x080022fc   0x080022fc   0x000000b8   Code   RO          959    i.TIM4_IRQHandler   my_antiroll.o
    0x080023b4   0x080023b4   0x00000020   Code   RO          688    i.TIM7_IRQHandler   my_mx28.o
    0x080023d4   0x080023d4   0x00000006   Code   RO         1917    i.TIM_ClearFlag     stm32f4xx_tim.o
    0x080023da   0x080023da   0x00000006   Code   RO         1918    i.TIM_ClearITPendingBit  stm32f4xx_tim.o
    0x080023e0   0x080023e0   0x00000018   Code   RO         1923    i.TIM_Cmd           stm32f4xx_tim.o
    0x080023f8   0x080023f8   0x00000006   Code   RO         1942    i.TIM_GetCounter    stm32f4xx_tim.o
    0x080023fe   0x080023fe   0x00000012   Code   RO         1943    i.TIM_GetFlagStatus  stm32f4xx_tim.o
    0x08002410   0x08002410   0x00000022   Code   RO         1944    i.TIM_GetITStatus   stm32f4xx_tim.o
    0x08002432   0x08002432   0x00000012   Code   RO         1948    i.TIM_ITConfig      stm32f4xx_tim.o
    0x08002444   0x08002444   0x00000004   Code   RO         1985    i.TIM_SetCompare1   stm32f4xx_tim.o
    0x08002448   0x08002448   0x00000004   Code   RO         1989    i.TIM_SetCounter    stm32f4xx_tim.o
    0x0800244c   0x0800244c   0x00000084   Code   RO         1995    i.TIM_TimeBaseInit  stm32f4xx_tim.o
    0x080024d0   0x080024d0   0x0000001c   Code   RO          961    i.UANRO_CCW_Direction  my_antiroll.o
    0x080024ec   0x080024ec   0x0000001c   Code   RO          962    i.UANRO_CW_Direction  my_antiroll.o
    0x08002508   0x08002508   0x00000048   Code   RO          965    i.UANRO_Limit_value  my_antiroll.o
    0x08002550   0x08002550   0x000001d8   Code   RO          966    i.UANRO_PID_Control_Position  my_antiroll.o
    0x08002728   0x08002728   0x00000014   Code   RO          968    i.UANRO_PWM_Out     my_antiroll.o
    0x0800273c   0x0800273c   0x00000024   Code   RO          969    i.UANRO_ResetEncoder  my_antiroll.o
    0x08002760   0x08002760   0x0000001c   Code   RO          972    i.UANRO_Stop_Motor  my_antiroll.o
    0x0800277c   0x0800277c   0x00000078   Code   RO          462    i.UBMS40_ArrangeData  my_bms24v40ah.o
    0x080027f4   0x080027f4   0x0000001e   Code   RO          463    i.UBMS40_Checksum   my_bms24v40ah.o
    0x08002812   0x08002812   0x00000020   Code   RO          466    i.UBMS40_Convert_Bytes_to_Float  my_bms24v40ah.o
    0x08002832   0x08002832   0x0000001e   Code   RO          265    i.UCAN_Checksum     my_can.o
    0x08002850   0x08002850   0x0000019c   Code   RO          266    i.UCAN_Configure    my_can.o
    0x080029ec   0x080029ec   0x00000020   Code   RO          268    i.UCAN_Convert_Bytes_to_Float  my_can.o
    0x08002a0c   0x08002a0c   0x00000130   Code   RO          277    i.UCAN_Run_Motor    my_can.o
    0x08002b3c   0x08002b3c   0x000001f0   Code   RO          278    i.UCAN_Send_Data    my_can.o
    0x08002d2c   0x08002d2c   0x00000040   Code   RO          279    i.UCAN_Send_End_Frame_ARM2  my_can.o
    0x08002d6c   0x08002d6c   0x00000068   Code   RO          281    i.UCAN_Transmit     my_can.o
    0x08002dd4   0x08002dd4   0x00000020   Code   RO          214    i.UDELAY_Configuration  my_delay.o
    0x08002df4   0x08002df4   0x00000068   Code   RO          215    i.UDELAY_ms         my_delay.o
    0x08002e5c   0x08002e5c   0x00000068   Code   RO          216    i.UDELAY_us         my_delay.o
    0x08002ec4   0x08002ec4   0x0000003c   Code   RO          638    i.UDVL_ArrangeData  my_dvl.o
    0x08002f00   0x08002f00   0x0000000a   Code   RO          832    i.UHRST_ResetCNT    my_hardwarereset.o
    0x08002f0a   0x08002f0a   0x00000002   PAD
    0x08002f0c   0x08002f0c   0x000003b4   Code   RO          543    i.UIO_Configuration  my_io.o
    0x080032c0   0x080032c0   0x00000014   Code   RO          548    i.UIO_LEDORANGE_OFF  my_io.o
    0x080032d4   0x080032d4   0x00000014   Code   RO          549    i.UIO_LEDORANGE_ON  my_io.o
    0x080032e8   0x080032e8   0x0000014c   Code   RO          869    i.UKELLER_Configuration  my_keller_pa3.o
    0x08003434   0x08003434   0x00000020   Code   RO          870    i.UKELLER_Convert_Bytes_to_Float  my_keller_pa3.o
    0x08003454   0x08003454   0x000000c0   Code   RO          872    i.UKELLER_KELLER_Init  my_keller_pa3.o
    0x08003514   0x08003514   0x00000048   Code   RO          873    i.UKELLER_KELLER_ReadP1  my_keller_pa3.o
    0x0800355c   0x0800355c   0x00000048   Code   RO          874    i.UKELLER_KELLER_ReadTOB1  my_keller_pa3.o
    0x080035a4   0x080035a4   0x00000020   Code   RO          877    i.UKELLER_TxData    my_keller_pa3.o
    0x080035c4   0x080035c4   0x000000b8   Code   RO          689    i.UMX28_AnalycsData  my_mx28.o
    0x0800367c   0x0800367c   0x00000024   Code   RO          690    i.UMX28_CheckSum    my_mx28.o
    0x080036a0   0x080036a0   0x000001a4   Code   RO          691    i.UMX28_Configuration  my_mx28.o
    0x08003844   0x08003844   0x00000016   Code   RO          692    i.UMX28_Convert_Byte2Uint  my_mx28.o
    0x0800385a   0x0800385a   0x00000002   PAD
    0x0800385c   0x0800385c   0x0000004c   Code   RO          693    i.UMX28_Init        my_mx28.o
    0x080038a8   0x080038a8   0x00000030   Code   RO          694    i.UMX28_Transmit    my_mx28.o
    0x080038d8   0x080038d8   0x00000058   Code   RO          696    i.UMX28_getStallTorque  my_mx28.o
    0x08003930   0x08003930   0x00000034   Code   RO          698    i.UMX28_pingServo   my_mx28.o
    0x08003964   0x08003964   0x00000040   Code   RO          699    i.UMX28_readStatusData  my_mx28.o
    0x080039a4   0x080039a4   0x00000040   Code   RO          701    i.UMX28_setBaudrate  my_mx28.o
    0x080039e4   0x080039e4   0x00000048   Code   RO          702    i.UMX28_setGoalPosition  my_mx28.o
    0x08003a2c   0x08003a2c   0x00000048   Code   RO          706    i.UMX28_setMovingSpeed  my_mx28.o
    0x08003a74   0x08003a74   0x00000120   Code   RO         1133    i.USART6_DMA_Rx_Config  ugv_uart_joystick.o
    0x08003b94   0x08003b94   0x00000018   Code   RO         2477    i.USART_Cmd         stm32f4xx_usart.o
    0x08003bac   0x08003bac   0x00000012   Code   RO         2478    i.USART_DMACmd      stm32f4xx_usart.o
    0x08003bbe   0x08003bbe   0x0000001a   Code   RO         2480    i.USART_GetFlagStatus  stm32f4xx_usart.o
    0x08003bd8   0x08003bd8   0x000000d4   Code   RO         2484    i.USART_Init        stm32f4xx_usart.o
    0x08003cac   0x08003cac   0x0000000a   Code   RO         2491    i.USART_ReceiveData  stm32f4xx_usart.o
    0x08003cb6   0x08003cb6   0x00000008   Code   RO         2494    i.USART_SendData    stm32f4xx_usart.o
    0x08003cbe   0x08003cbe   0x00000004   Code   RO         1314    i.UsageFault_Handler  stm32f4xx_it.o
    0x08003cc2   0x08003cc2   0x00000002   PAD
    0x08003cc4   0x08003cc4   0x0000000c   Code   RO         3327    i.WWDG_ClearFlag    stm32f4xx_wwdg.o
    0x08003cd0   0x08003cd0   0x0000000c   Code   RO          833    i.WWDG_IRQHandler   my_hardwarereset.o
    0x08003cdc   0x08003cdc   0x00000010   Code   RO         3332    i.WWDG_SetCounter   stm32f4xx_wwdg.o
    0x08003cec   0x08003cec   0x00000030   Code   RO         3753    i.__ARM_fpclassify  m_wm.l(fpclassify.o)
    0x08003d1c   0x08003d1c   0x00000004   PAD
    0x08003d20   0x08003d20   0x00000358   Code   RO         3680    i.__hardfp_exp      m_wm.l(exp.o)
    0x08004078   0x08004078   0x000000f8   Code   RO         3755    i.__kernel_poly     m_wm.l(poly.o)
    0x08004170   0x08004170   0x00000014   Code   RO         3734    i.__mathlib_dbl_infnan  m_wm.l(dunder.o)
    0x08004184   0x08004184   0x00000004   PAD
    0x08004188   0x08004188   0x00000020   Code   RO         3737    i.__mathlib_dbl_overflow  m_wm.l(dunder.o)
    0x080041a8   0x080041a8   0x00000020   Code   RO         3739    i.__mathlib_dbl_underflow  m_wm.l(dunder.o)
    0x080041c8   0x080041c8   0x0000000e   Code   RO         3812    i.__scatterload_copy  mc_w.l(handlers.o)
    0x080041d6   0x080041d6   0x00000002   Code   RO         3813    i.__scatterload_null  mc_w.l(handlers.o)
    0x080041d8   0x080041d8   0x0000000e   Code   RO         3814    i.__scatterload_zeroinit  mc_w.l(handlers.o)
    0x080041e6   0x080041e6   0x00000002   PAD
    0x080041e8   0x080041e8   0x0000000c   Code   RO         3794    i.__set_errno       mc_w.l(errno.o)
    0x080041f4   0x080041f4   0x000000b4   Code   RO            5    i.main              main.o
    0x080042a8   0x080042a8   0x00000016   Code   RO         1065    i.map               ugv_sbus.o
    0x080042be   0x080042be   0x00000002   PAD
    0x080042c0   0x080042c0   0x000000a8   Code   RO         1066    i.map_Ecap          ugv_sbus.o
    0x08004368   0x08004368   0x0000009c   Code   RO         1067    i.map_double        ugv_sbus.o
    0x08004404   0x08004404   0x00000020   Data   RO         1068    .constdata          ugv_sbus.o
    0x08004424   0x08004424   0x00000018   Data   RO         3648    .constdata          system_stm32f4xx.o
    0x0800443c   0x0800443c   0x00000004   PAD
    0x08004440   0x08004440   0x00000058   Data   RO         3683    .constdata          m_wm.l(exp.o)
    0x08004498   0x08004498   0x00000020   Data   RO         3810    Region$$Table       anon$$obj.o


    Execution Region RW_IRAM1 (Exec base: 0x20000000, Load base: 0x080044b8, Size: 0x00001370, Max: 0x00020000, ABSOLUTE)

    Exec Addr    Load Addr    Size         Type   Attr      Idx    E Section Name        Object

    0x20000000   0x080044b8   0x0000004c   Data   RW          283    .data               my_can.o
    0x2000004c   0x08004504   0x00000005   Data   RW          553    .data               my_io.o
    0x20000051   0x08004509   0x00000003   PAD
    0x20000054   0x0800450c   0x0000000c   Data   RW          879    .data               my_keller_pa3.o
    0x20000060   0x08004518   0x00000040   Data   RW          973    .data               my_antiroll.o
    0x200000a0   0x08004558   0x00000020   Data   RW         1135    .data               ugv_uart_joystick.o
    0x200000c0   0x08004578   0x00000004   Data   RW         1273    .data               my_adc.o
    0x200000c4   0x0800457c   0x00000010   Data   RW         2718    .data               stm32f4xx_rcc.o
    0x200000d4   0x0800458c   0x00000004   Data   RW         3649    .data               system_stm32f4xx.o
    0x200000d8   0x08004590   0x00000004   Data   RW         3795    .data               mc_w.l(errno.o)
    0x200000dc        -       0x00000048   Zero   RW            6    .bss                main.o
    0x20000124        -       0x0000000c   Zero   RW          217    .bss                my_delay.o
    0x20000130        -       0x0000001e   Zero   RW          282    .bss                my_can.o
    0x2000014e   0x08004594   0x00000002   PAD
    0x20000150        -       0x00000060   Zero   RW          471    .bss                my_bms24v40ah.o
    0x200001b0        -       0x0000004c   Zero   RW          642    .bss                my_dvl.o
    0x200001fc        -       0x00000030   Zero   RW          707    .bss                my_mx28.o
    0x2000022c        -       0x00000012   Zero   RW          878    .bss                my_keller_pa3.o
    0x2000023e        -       0x0000012c   Zero   RW         1134    .bss                ugv_uart_joystick.o
    0x2000036a   0x08004594   0x00000006   PAD
    0x20000370        -       0x00000fff   Zero   RW         3636    STACK               startup_stm32f407xx.o


==============================================================================

Image component sizes


      Code (inc. data)   RO Data    RW Data    ZI Data      Debug   Object Name

       284         16          0          0         72     336956   main.o
       120         14          0          0          0       1132   misc.o
       276         28          0          4          0       2312   my_adc.o
       908        132          0         64          0       7177   my_antiroll.o
        28          6          0          0          0        515   my_balance.o
       402         24          0          0         96       4289   my_bms24v40ah.o
      2546        238          0         76         30      13444   my_can.o
       240         42          0          0         12       1907   my_delay.o
       112         22          0          0         76       2581   my_dvl.o
        22          0          0          0          0       1007   my_hardwarereset.o
      1124         48          0          5          0       3136   my_io.o
       978         70          0         12         18       8071   my_keller_pa3.o
      1722        100          0          0         48      13064   my_mx28.o
        36          8        392          0       4095        884   startup_stm32f407xx.o
       366         20          0          0          0       5260   stm32f4xx_adc.o
      1360         34          0          0          0       7513   stm32f4xx_can.o
       320         38          0          0          0       4778   stm32f4xx_dma.o
       184         16          0          0          0       2332   stm32f4xx_exti.o
        12          6          0          0          0        587   stm32f4xx_flash.o
       222          0          0          0          0       3159   stm32f4xx_gpio.o
        24          0          0          0          0       3848   stm32f4xx_it.o
       740        102          0         16          0      11990   stm32f4xx_rcc.o
        64          4          0          0          0        704   stm32f4xx_syscfg.o
       252         28          0          0          0       7126   stm32f4xx_tim.o
       298          8          0          0          0       4839   stm32f4xx_usart.o
        28         10          0          0          0       1119   stm32f4xx_wwdg.o
       292         40         24          4          0       2023   system_stm32f4xx.o
      1034         60         32          0          0       4429   ugv_sbus.o
       360         56          0         32        300       4250   ugv_uart_joystick.o

    ----------------------------------------------------------------------
     14384       1170        484        216       4756     460432   Object Totals
         0          0         32          0          0          0   (incl. Generated)
        30          0          4          3          9          0   (incl. Padding)

    ----------------------------------------------------------------------

      Code (inc. data)   RO Data    RW Data    ZI Data      Debug   Library Member Name

        84         16          0          0          0        372   dunder.o
       856        142         88          0          0        288   exp.o
        48          0          0          0          0        124   fpclassify.o
       248          0          0          0          0        152   poly.o
         0          0          0          0          0          0   entry.o
         0          0          0          0          0          0   entry10a.o
         0          0          0          0          0          0   entry11a.o
         4          0          0          0          0          0   entry12b.o
         8          4          0          0          0          0   entry2.o
         4          0          0          0          0          0   entry5.o
         0          0          0          0          0          0   entry7b.o
         0          0          0          0          0          0   entry8b.o
         8          4          0          0          0          0   entry9a.o
        12          6          0          4          0         68   errno.o
        30          0          0          0          0          0   handlers.o
        36          8          0          0          0         68   init.o
         0          0          0          0          0          0   iusefp.o
        30          0          0          0          0         68   llshl.o
        36          0          0          0          0         68   llsshr.o
        32          0          0          0          0         68   llushr.o
        48          0          0          0          0         68   cdcmple.o
        48          0          0          0          0         68   cdrcmple.o
       334          0          0          0          0        148   dadd.o
       222          0          0          0          0        100   ddiv.o
       186          0          0          0          0        176   depilogue.o
        62          0          0          0          0         80   dfixi.o
        34          0          0          0          0         76   dflti.o
        26          0          0          0          0         76   dfltui.o
       228          0          0          0          0         96   dmul.o

    ----------------------------------------------------------------------
      2636        180         88          4          0       2164   Library Totals
        12          0          0          0          0          0   (incl. Padding)

    ----------------------------------------------------------------------

      Code (inc. data)   RO Data    RW Data    ZI Data      Debug   Library Name

      1236        158         88          0          0        936   m_wm.l
       200         22          0          4          0        340   mc_w.l
      1188          0          0          0          0        888   mf_w.l

    ----------------------------------------------------------------------
      2636        180         88          4          0       2164   Library Totals

    ----------------------------------------------------------------------

==============================================================================


      Code (inc. data)   RO Data    RW Data    ZI Data      Debug   

     17020       1350        572        220       4756     448128   Grand Totals
     17020       1350        572        220       4756     448128   ELF Image Totals
     17020       1350        572        220          0          0   ROM Totals

==============================================================================

    Total RO  Size (Code + RO Data)                17592 (  17.18kB)
    Total RW  Size (RW Data + ZI Data)              4976 (   4.86kB)
    Total ROM Size (Code + RO Data + RW Data)      17812 (  17.39kB)

==============================================================================

