Component: ARM Compiler 5.06 update 7 (build 960) Tool: armlink [4d3601]

==============================================================================

Section Cross References

    main.o(i.SystemClock_Config) refers to stm32f4xx_rcc.o(i.RCC_DeInit) for RCC_DeInit
    main.o(i.SystemClock_Config) refers to stm32f4xx_rcc.o(i.RCC_HSEConfig) for RCC_HSEConfig
    main.o(i.SystemClock_Config) refers to stm32f4xx_rcc.o(i.RCC_WaitForHSEStartUp) for RCC_WaitForHSEStartUp
    main.o(i.SystemClock_Config) refers to stm32f4xx_rcc.o(i.RCC_PLLConfig) for RCC_PLLConfig
    main.o(i.SystemClock_Config) refers to stm32f4xx_rcc.o(i.RCC_PLLCmd) for RCC_PLLCmd
    main.o(i.SystemClock_Config) refers to stm32f4xx_rcc.o(i.RCC_GetFlagStatus) for RCC_GetFlagStatus
    main.o(i.SystemClock_Config) refers to stm32f4xx_flash.o(i.FLASH_SetLatency) for FLASH_SetLatency
    main.o(i.SystemClock_Config) refers to stm32f4xx_rcc.o(i.RCC_HCLKConfig) for RCC_HCLKConfig
    main.o(i.SystemClock_Config) refers to stm32f4xx_rcc.o(i.RCC_PCLK1Config) for RCC_PCLK1Config
    main.o(i.SystemClock_Config) refers to stm32f4xx_rcc.o(i.RCC_PCLK2Config) for RCC_PCLK2Config
    main.o(i.SystemClock_Config) refers to stm32f4xx_rcc.o(i.RCC_SYSCLKConfig) for RCC_SYSCLKConfig
    main.o(i.SystemClock_Config) refers to system_stm32f4xx.o(i.SystemCoreClockUpdate) for SystemCoreClockUpdate
    main.o(i.main) refers to main.o(i.SystemClock_Config) for SystemClock_Config
    main.o(i.main) refers to stm32f4xx_rcc.o(i.RCC_GetClocksFreq) for RCC_GetClocksFreq
    main.o(i.main) refers to my_delay.o(i.UDELAY_Configuration) for UDELAY_Configuration
    main.o(i.main) refers to my_io.o(i.UIO_Configuration) for UIO_Configuration
    main.o(i.main) refers to my_delay.o(i.UDELAY_ms) for UDELAY_ms
    main.o(i.main) refers to my_can.o(i.UCAN_Configure) for UCAN_Configure
    main.o(i.main) refers to ugv_uart_joystick.o(i.USART6_DMA_Rx_Config) for USART6_DMA_Rx_Config
    main.o(i.main) refers to my_io.o(i.UIO_LEDORANGE_ON) for UIO_LEDORANGE_ON
    main.o(i.main) refers to my_io.o(i.UIO_LEDORANGE_OFF) for UIO_LEDORANGE_OFF
    main.o(i.main) refers to my_can.o(i.UCAN_test_init) for UCAN_test_init
    main.o(i.main) refers to my_can.o(i.UCAN_test_thruster) for UCAN_test_thruster
    main.o(i.main) refers to my_can.o(i.UCAN_test_rudder) for UCAN_test_rudder
    main.o(i.main) refers to my_can.o(i.UCAN_test_mass) for UCAN_test_mass
    main.o(i.main) refers to my_can.o(i.UCAN_test_pistol) for UCAN_test_pistol
    main.o(i.main) refers to my_can.o(i.UCAN_test_altimeter) for UCAN_test_altimeter
    main.o(i.main) refers to my_can.o(i.UCAN_test_leak) for UCAN_test_leak
    main.o(i.main) refers to main.o(.bss) for RCC_Clocks
    main.o(i.main) refers to my_can.o(.data) for check
    my_delay.o(i.UDELAY_Configuration) refers to stm32f4xx_rcc.o(i.RCC_APB1PeriphClockCmd) for RCC_APB1PeriphClockCmd
    my_delay.o(i.UDELAY_Configuration) refers to stm32f4xx_tim.o(i.TIM_TimeBaseInit) for TIM_TimeBaseInit
    my_delay.o(i.UDELAY_Configuration) refers to my_delay.o(.bss) for TIM_TimeBaseStructure
    my_delay.o(i.UDELAY_ms) refers to stm32f4xx_tim.o(i.TIM_TimeBaseInit) for TIM_TimeBaseInit
    my_delay.o(i.UDELAY_ms) refers to stm32f4xx_tim.o(i.TIM_ClearFlag) for TIM_ClearFlag
    my_delay.o(i.UDELAY_ms) refers to stm32f4xx_tim.o(i.TIM_Cmd) for TIM_Cmd
    my_delay.o(i.UDELAY_ms) refers to stm32f4xx_tim.o(i.TIM_GetFlagStatus) for TIM_GetFlagStatus
    my_delay.o(i.UDELAY_ms) refers to system_stm32f4xx.o(.data) for SystemCoreClock
    my_delay.o(i.UDELAY_ms) refers to my_delay.o(.bss) for TIM_TimeBaseStructure
    my_delay.o(i.UDELAY_us) refers to stm32f4xx_tim.o(i.TIM_TimeBaseInit) for TIM_TimeBaseInit
    my_delay.o(i.UDELAY_us) refers to stm32f4xx_tim.o(i.TIM_ClearFlag) for TIM_ClearFlag
    my_delay.o(i.UDELAY_us) refers to stm32f4xx_tim.o(i.TIM_Cmd) for TIM_Cmd
    my_delay.o(i.UDELAY_us) refers to stm32f4xx_tim.o(i.TIM_GetFlagStatus) for TIM_GetFlagStatus
    my_delay.o(i.UDELAY_us) refers to system_stm32f4xx.o(.data) for SystemCoreClock
    my_delay.o(i.UDELAY_us) refers to my_delay.o(.bss) for TIM_TimeBaseStructure
    my_can.o(i.CAN1_RX0_IRQHandler) refers to stm32f4xx_can.o(i.CAN_Receive) for CAN_Receive
    my_can.o(i.CAN1_RX0_IRQHandler) refers to my_can.o(i.UCAN_Checksum) for UCAN_Checksum
    my_can.o(i.CAN1_RX0_IRQHandler) refers to my_io.o(i.UIO_LEDORANGE_TOGGLE) for UIO_LEDORANGE_TOGGLE
    my_can.o(i.CAN1_RX0_IRQHandler) refers to my_can.o(.bss) for RxMessage
    my_can.o(i.CAN1_RX0_IRQHandler) refers to my_can.o(.data) for _IDCANBUS_ARM_2
    my_can.o(i.Close_Thruster) refers to my_can.o(i.UCAN_Checksum) for UCAN_Checksum
    my_can.o(i.Close_Thruster) refers to my_can.o(i.UCAN_Transmit) for UCAN_Transmit
    my_can.o(i.Close_Thruster) refers to my_can.o(.data) for CAN_TxMessage
    my_can.o(i.Open_Piston) refers to my_can.o(i.UCAN_Checksum) for UCAN_Checksum
    my_can.o(i.Open_Piston) refers to my_can.o(i.UCAN_Transmit) for UCAN_Transmit
[...]
    Removing stm32f4xx_tim.o(i.TIM_OC3PolarityConfig), (26 bytes).
    Removing stm32f4xx_tim.o(i.TIM_OC3PreloadConfig), (18 bytes).
    Removing stm32f4xx_tim.o(i.TIM_OC4FastConfig), (26 bytes).
    Removing stm32f4xx_tim.o(i.TIM_OC4Init), (120 bytes).
    Removing stm32f4xx_tim.o(i.TIM_OC4PolarityConfig), (26 bytes).
    Removing stm32f4xx_tim.o(i.TIM_OC4PreloadConfig), (26 bytes).
    Removing stm32f4xx_tim.o(i.TIM_OCStructInit), (20 bytes).
    Removing stm32f4xx_tim.o(i.TIM_PWMIConfig), (124 bytes).
    Removing stm32f4xx_tim.o(i.TIM_PrescalerConfig), (6 bytes).
    Removing stm32f4xx_tim.o(i.TIM_RemapConfig), (6 bytes).
    Removing stm32f4xx_tim.o(i.TIM_SelectCCDMA), (24 bytes).
    Removing stm32f4xx_tim.o(i.TIM_SelectCOM), (24 bytes).
    Removing stm32f4xx_tim.o(i.TIM_SelectHallSensor), (24 bytes).
    Removing stm32f4xx_tim.o(i.TIM_SelectInputTrigger), (18 bytes).
    Removing stm32f4xx_tim.o(i.TIM_SelectMasterSlaveMode), (18 bytes).
    Removing stm32f4xx_tim.o(i.TIM_SelectOCxM), (86 bytes).
    Removing stm32f4xx_tim.o(i.TIM_SelectOnePulseMode), (18 bytes).
    Removing stm32f4xx_tim.o(i.TIM_SelectOutputTrigger), (18 bytes).
    Removing stm32f4xx_tim.o(i.TIM_SelectSlaveMode), (18 bytes).
    Removing stm32f4xx_tim.o(i.TIM_SetAutoreload), (4 bytes).
    Removing stm32f4xx_tim.o(i.TIM_SetClockDivision), (18 bytes).
    Removing stm32f4xx_tim.o(i.TIM_SetCompare2), (4 bytes).
    Removing stm32f4xx_tim.o(i.TIM_SetCompare3), (4 bytes).
    Removing stm32f4xx_tim.o(i.TIM_SetCompare4), (4 bytes).
    Removing stm32f4xx_tim.o(i.TIM_SetIC1Prescaler), (18 bytes).
    Removing stm32f4xx_tim.o(i.TIM_SetIC2Prescaler), (26 bytes).
    Removing stm32f4xx_tim.o(i.TIM_SetIC3Prescaler), (18 bytes).
    Removing stm32f4xx_tim.o(i.TIM_SetIC4Prescaler), (26 bytes).
    Removing stm32f4xx_tim.o(i.TIM_TIxExternalClockConfig), (62 bytes).
    Removing stm32f4xx_tim.o(i.TIM_TimeBaseStructInit), (18 bytes).
    Removing stm32f4xx_tim.o(i.TIM_UpdateDisableConfig), (24 bytes).
    Removing stm32f4xx_tim.o(i.TIM_UpdateRequestConfig), (24 bytes).
    Removing stm32f4xx_usart.o(.rev16_text), (4 bytes).
    Removing stm32f4xx_usart.o(.revsh_text), (4 bytes).
    Removing stm32f4xx_usart.o(.rrx_text), (6 bytes).
    Removing stm32f4xx_usart.o(i.USART_ClearFlag), (18 bytes).
    Removing stm32f4xx_usart.o(i.USART_ClearITPendingBit), (30 bytes).
    Removing stm32f4xx_usart.o(i.USART_ClockInit), (32 bytes).
    Removing stm32f4xx_usart.o(i.USART_ClockStructInit), (12 bytes).
    Removing stm32f4xx_usart.o(i.USART_DeInit), (240 bytes).
    Removing stm32f4xx_usart.o(i.USART_GetITStatus), (84 bytes).
    Removing stm32f4xx_usart.o(i.USART_HalfDuplexCmd), (24 bytes).
    Removing stm32f4xx_usart.o(i.USART_ITConfig), (74 bytes).
    Removing stm32f4xx_usart.o(i.USART_IrDACmd), (24 bytes).
    Removing stm32f4xx_usart.o(i.USART_IrDAConfig), (18 bytes).
    Removing stm32f4xx_usart.o(i.USART_LINBreakDetectLengthConfig), (18 bytes).
    Removing stm32f4xx_usart.o(i.USART_LINCmd), (24 bytes).
    Removing stm32f4xx_usart.o(i.USART_OneBitMethodCmd), (24 bytes).
    Removing stm32f4xx_usart.o(i.USART_OverSampling8Cmd), (22 bytes).
    Removing stm32f4xx_usart.o(i.USART_ReceiveData), (10 bytes).
    Removing stm32f4xx_usart.o(i.USART_ReceiverWakeUpCmd), (24 bytes).
    Removing stm32f4xx_usart.o(i.USART_SendBreak), (10 bytes).
    Removing stm32f4xx_usart.o(i.USART_SetAddress), (18 bytes).
    Removing stm32f4xx_usart.o(i.USART_SetGuardTime), (16 bytes).
    Removing stm32f4xx_usart.o(i.USART_SetPrescaler), (16 bytes).
    Removing stm32f4xx_usart.o(i.USART_SmartCardCmd), (24 bytes).
    Removing stm32f4xx_usart.o(i.USART_SmartCardNACKCmd), (24 bytes).
    Removing stm32f4xx_usart.o(i.USART_StructInit), (24 bytes).
    Removing stm32f4xx_usart.o(i.USART_WakeUpConfig), (18 bytes).
    Removing stm32f4xx_rcc.o(.rev16_text), (4 bytes).
    Removing stm32f4xx_rcc.o(.revsh_text), (4 bytes).
    Removing stm32f4xx_rcc.o(.rrx_text), (6 bytes).
    Removing stm32f4xx_rcc.o(i.RCC_AHB1PeriphClockLPModeCmd), (32 bytes).
    Removing stm32f4xx_rcc.o(i.RCC_AHB1PeriphResetCmd), (32 bytes).
    Removing stm32f4xx_rcc.o(i.RCC_AHB2PeriphClockCmd), (32 bytes).
    Removing stm32f4xx_rcc.o(i.RCC_AHB2PeriphClockLPModeCmd), (32 bytes).
    Removing stm32f4xx_rcc.o(i.RCC_AHB2PeriphResetCmd), (32 bytes).
    Removing stm32f4xx_rcc.o(i.RCC_AHB3PeriphClockCmd), (32 bytes).
    Removing stm32f4xx_rcc.o(i.RCC_AHB3PeriphClockLPModeCmd), (32 bytes).
    Removing stm32f4xx_rcc.o(i.RCC_AHB3PeriphResetCmd), (32 bytes).
    Removing stm32f4xx_rcc.o(i.RCC_APB1PeriphClockLPModeCmd), (32 bytes).
    Removing stm32f4xx_rcc.o(i.RCC_APB2PeriphClockLPModeCmd), (32 bytes).
    Removing stm32f4xx_rcc.o(i.RCC_APB2PeriphResetCmd), (32 bytes).
    Removing stm32f4xx_rcc.o(i.RCC_AdjustHSICalibrationValue), (24 bytes).
    Removing stm32f4xx_rcc.o(i.RCC_BackupResetCmd), (12 bytes).
    Removing stm32f4xx_rcc.o(i.RCC_ClearFlag), (20 bytes).
    Removing stm32f4xx_rcc.o(i.RCC_ClearITPendingBit), (12 bytes).
    Removing stm32f4xx_rcc.o(i.RCC_ClockSecuritySystemCmd), (12 bytes).
    Removing stm32f4xx_rcc.o(i.RCC_GetITStatus), (24 bytes).
    Removing stm32f4xx_rcc.o(i.RCC_GetSYSCLKSource), (16 bytes).
    Removing stm32f4xx_rcc.o(i.RCC_HSICmd), (12 bytes).
    Removing stm32f4xx_rcc.o(i.RCC_I2SCLKConfig), (12 bytes).
    Removing stm32f4xx_rcc.o(i.RCC_ITConfig), (32 bytes).
    Removing stm32f4xx_rcc.o(i.RCC_LSEConfig), (44 bytes).
    Removing stm32f4xx_rcc.o(i.RCC_LSEModeConfig), (36 bytes).
    Removing stm32f4xx_rcc.o(i.RCC_LSICmd), (12 bytes).
    Removing stm32f4xx_rcc.o(i.RCC_LTDCCLKDivConfig), (24 bytes).
    Removing stm32f4xx_rcc.o(i.RCC_MCO1Config), (28 bytes).
    Removing stm32f4xx_rcc.o(i.RCC_MCO2Config), (28 bytes).
    Removing stm32f4xx_rcc.o(i.RCC_PLLI2SCmd), (12 bytes).
    Removing stm32f4xx_rcc.o(i.RCC_PLLI2SConfig), (16 bytes).
    Removing stm32f4xx_rcc.o(i.RCC_PLLSAICmd), (12 bytes).
    Removing stm32f4xx_rcc.o(i.RCC_PLLSAIConfig), (24 bytes).
    Removing stm32f4xx_rcc.o(i.RCC_RTCCLKCmd), (12 bytes).
    Removing stm32f4xx_rcc.o(i.RCC_RTCCLKConfig), (60 bytes).
    Removing stm32f4xx_rcc.o(i.RCC_SAIBlockACLKConfig), (24 bytes).
    Removing stm32f4xx_rcc.o(i.RCC_SAIBlockBCLKConfig), (24 bytes).
    Removing stm32f4xx_rcc.o(i.RCC_SAIPLLI2SClkDivConfig), (28 bytes).
    Removing stm32f4xx_rcc.o(i.RCC_SAIPLLSAIClkDivConfig), (28 bytes).
    Removing stm32f4xx_rcc.o(i.RCC_TIMCLKPresConfig), (12 bytes).
    Removing stm32f4xx_flash.o(.rev16_text), (4 bytes).
    Removing stm32f4xx_flash.o(.revsh_text), (4 bytes).
    Removing stm32f4xx_flash.o(.rrx_text), (6 bytes).
    Removing stm32f4xx_flash.o(i.FLASH_ClearFlag), (12 bytes).
    Removing stm32f4xx_flash.o(i.FLASH_DataCacheCmd), (36 bytes).
    Removing stm32f4xx_flash.o(i.FLASH_DataCacheReset), (20 bytes).
    Removing stm32f4xx_flash.o(i.FLASH_EraseAllBank1Sectors), (108 bytes).
    Removing stm32f4xx_flash.o(i.FLASH_EraseAllBank2Sectors), (108 bytes).
    Removing stm32f4xx_flash.o(i.FLASH_EraseAllSectors), (108 bytes).
    Removing stm32f4xx_flash.o(i.FLASH_EraseSector), (136 bytes).
    Removing stm32f4xx_flash.o(i.FLASH_GetFlagStatus), (24 bytes).
    Removing stm32f4xx_flash.o(i.FLASH_GetStatus), (84 bytes).
    Removing stm32f4xx_flash.o(i.FLASH_ITConfig), (32 bytes).
    Removing stm32f4xx_flash.o(i.FLASH_InstructionCacheCmd), (36 bytes).
    Removing stm32f4xx_flash.o(i.FLASH_InstructionCacheReset), (20 bytes).
    Removing stm32f4xx_flash.o(i.FLASH_Lock), (20 bytes).
    Removing stm32f4xx_flash.o(i.FLASH_OB_BORConfig), (28 bytes).
    Removing stm32f4xx_flash.o(i.FLASH_OB_BootConfig), (28 bytes).
    Removing stm32f4xx_flash.o(i.FLASH_OB_GetBOR), (16 bytes).
    Removing stm32f4xx_flash.o(i.FLASH_OB_GetPCROP), (12 bytes).
    Removing stm32f4xx_flash.o(i.FLASH_OB_GetPCROP1), (12 bytes).
    Removing stm32f4xx_flash.o(i.FLASH_OB_GetRDP), (24 bytes).
    Removing stm32f4xx_flash.o(i.FLASH_OB_GetUser), (16 bytes).
    Removing stm32f4xx_flash.o(i.FLASH_OB_GetWRP), (12 bytes).
    Removing stm32f4xx_flash.o(i.FLASH_OB_GetWRP1), (12 bytes).
    Removing stm32f4xx_flash.o(i.FLASH_OB_Launch), (32 bytes).
    Removing stm32f4xx_flash.o(i.FLASH_OB_Lock), (20 bytes).
    Removing stm32f4xx_flash.o(i.FLASH_OB_PCROP1Config), (52 bytes).
    Removing stm32f4xx_flash.o(i.FLASH_OB_PCROPConfig), (52 bytes).
    Removing stm32f4xx_flash.o(i.FLASH_OB_PCROPSelectionConfig), (24 bytes).
    Removing stm32f4xx_flash.o(i.FLASH_OB_RDPConfig), (28 bytes).
    Removing stm32f4xx_flash.o(i.FLASH_OB_Unlock), (36 bytes).
    Removing stm32f4xx_flash.o(i.FLASH_OB_UserConfig), (48 bytes).
    Removing stm32f4xx_flash.o(i.FLASH_OB_WRP1Config), (52 bytes).
    Removing stm32f4xx_flash.o(i.FLASH_OB_WRPConfig), (52 bytes).
    Removing stm32f4xx_flash.o(i.FLASH_PrefetchBufferCmd), (36 bytes).
    Removing stm32f4xx_flash.o(i.FLASH_ProgramByte), (76 bytes).
    Removing stm32f4xx_flash.o(i.FLASH_ProgramDoubleWord), (84 bytes).
    Removing stm32f4xx_flash.o(i.FLASH_ProgramHalfWord), (80 bytes).
    Removing stm32f4xx_flash.o(i.FLASH_ProgramWord), (80 bytes).
    Removing stm32f4xx_flash.o(i.FLASH_Unlock), (36 bytes).
    Removing stm32f4xx_flash.o(i.FLASH_WaitForLastOperation), (34 bytes).
    Removing stm32f4xx_exti.o(.rev16_text), (4 bytes).
    Removing stm32f4xx_exti.o(.revsh_text), (4 bytes).
    Removing stm32f4xx_exti.o(.rrx_text), (6 bytes).
    Removing stm32f4xx_exti.o(i.EXTI_ClearFlag), (12 bytes).
    Removing stm32f4xx_exti.o(i.EXTI_DeInit), (36 bytes).
    Removing stm32f4xx_exti.o(i.EXTI_GenerateSWInterrupt), (16 bytes).
    Removing stm32f4xx_exti.o(i.EXTI_GetFlagStatus), (24 bytes).
    Removing stm32f4xx_exti.o(i.EXTI_Init), (148 bytes).
    Removing stm32f4xx_exti.o(i.EXTI_StructInit), (16 bytes).
    Removing stm32f4xx_wwdg.o(.rev16_text), (4 bytes).
    Removing stm32f4xx_wwdg.o(.revsh_text), (4 bytes).
    Removing stm32f4xx_wwdg.o(.rrx_text), (6 bytes).
    Removing stm32f4xx_wwdg.o(i.WWDG_DeInit), (22 bytes).
    Removing stm32f4xx_wwdg.o(i.WWDG_Enable), (16 bytes).
    Removing stm32f4xx_wwdg.o(i.WWDG_EnableIT), (12 bytes).
    Removing stm32f4xx_wwdg.o(i.WWDG_GetFlagStatus), (20 bytes).
    Removing stm32f4xx_wwdg.o(i.WWDG_SetPrescaler), (24 bytes).
    Removing stm32f4xx_wwdg.o(i.WWDG_SetWindowValue), (40 bytes).
    Removing startup_stm32f407xx.o(HEAP), (512 bytes).
    Removing system_stm32f4xx.o(.rev16_text), (4 bytes).
    Removing system_stm32f4xx.o(.revsh_text), (4 bytes).
    Removing system_stm32f4xx.o(.rrx_text), (6 bytes).
    Removing dmul.o(.text), (228 bytes).
    Removing dflti.o(.text), (34 bytes).
    Removing ddiv.o(.text), (222 bytes).
    Removing dneg.o(.text), (6 bytes).
    Removing dscalb.o(.text), (46 bytes).
    Removing cdrcmple.o(.text), (48 bytes).
    Removing dsqrt.o(.text), (162 bytes).
    Removing cdcmple.o(.text), (48 bytes).

395 unused section(s) (total 16195 bytes) removed from the image.

==============================================================================

Image Symbol Table

    Local Symbols

    Symbol Name                              Value     Ov Type        Size  Object(Section)

    ../clib/microlib/errno.c                 0x00000000   Number         0  errno.o ABSOLUTE
    ../clib/microlib/init/entry.s            0x00000000   Number         0  entry2.o ABSOLUTE
    ../clib/microlib/init/entry.s            0x00000000   Number         0  entry5.o ABSOLUTE
    ../clib/microlib/init/entry.s            0x00000000   Number         0  entry10a.o ABSOLUTE
    ../clib/microlib/init/entry.s            0x00000000   Number         0  entry7a.o ABSOLUTE
    ../clib/microlib/init/entry.s            0x00000000   Number         0  entry7b.o ABSOLUTE
    ../clib/microlib/init/entry.s            0x00000000   Number         0  entry8a.o ABSOLUTE
    ../clib/microlib/init/entry.s            0x00000000   Number         0  entry8b.o ABSOLUTE
    ../clib/microlib/init/entry.s            0x00000000   Number         0  entry9a.o ABSOLUTE
    ../clib/microlib/init/entry.s            0x00000000   Number         0  entry9b.o ABSOLUTE
    ../clib/microlib/init/entry.s            0x00000000   Number         0  entry.o ABSOLUTE
    ../clib/microlib/init/entry.s            0x00000000   Number         0  entry10b.o ABSOLUTE
    ../clib/microlib/init/entry.s            0x00000000   Number         0  entry11a.o ABSOLUTE
    ../clib/microlib/init/entry.s            0x00000000   Number         0  entry11b.o ABSOLUTE
    ../clib/microlib/init/entry.s            0x00000000   Number         0  entry12a.o ABSOLUTE
    ../clib/microlib/init/entry.s            0x00000000   Number         0  entry12b.o ABSOLUTE
    ../clib/microlib/longlong.c              0x00000000   Number         0  llushr.o ABSOLUTE
    ../clib/microlib/longlong.c              0x00000000   Number         0  llshl.o ABSOLUTE
    ../clib/microlib/longlong.c              0x00000000   Number         0  llsshr.o ABSOLUTE
    ../clib/microlib/stubs.s                 0x00000000   Number         0  iusefp.o ABSOLUTE
    ../fplib/microlib/d2f.c                  0x00000000   Number         0  d2f.o ABSOLUTE
    ../fplib/microlib/f2d.c                  0x00000000   Number         0  f2d.o ABSOLUTE
    ../fplib/microlib/fpadd.c                0x00000000   Number         0  dadd.o ABSOLUTE
    ../fplib/microlib/fpdiv.c                0x00000000   Number         0  ddiv.o ABSOLUTE
    ../fplib/microlib/fpepilogue.c           0x00000000   Number         0  fepilogue.o ABSOLUTE
    ../fplib/microlib/fpepilogue.c           0x00000000   Number         0  depilogue.o ABSOLUTE
    ../fplib/microlib/fpflt.c                0x00000000   Number         0  dflti.o ABSOLUTE
    ../fplib/microlib/fpmul.c                0x00000000   Number         0  dmul.o ABSOLUTE
    ../fplib/microlib/fpneg.c                0x00000000   Number         0  dneg.o ABSOLUTE
    ../fplib/microlib/fpscalb.c              0x00000000   Number         0  dscalb.o ABSOLUTE
    ../fplib/microlib/fpsqrt.c               0x00000000   Number         0  dsqrt.o ABSOLUTE
    ../mathlib/dunder.c                      0x00000000   Number         0  dunder.o ABSOLUTE
    ../mathlib/fabs.c                        0x00000000   Number         0  fabs.o ABSOLUTE
    ../mathlib/fpclassify.c                  0x00000000   Number         0  fpclassify.o ABSOLUTE
    ../mathlib/poly.c                        0x00000000   Number         0  poly.o ABSOLUTE
    ../mathlib/pow.c                         0x00000000   Number         0  pow_x.o ABSOLUTE
    ../mathlib/pow.c                         0x00000000   Number         0  pow.o ABSOLUTE
    ../mathlib/qnan.c                        0x00000000   Number         0  qnan.o ABSOLUTE
    ../mathlib/sqrt.c                        0x00000000   Number         0  sqrt_x.o ABSOLUTE
    ../mathlib/sqrt.c                        0x00000000   Number         0  sqrt.o ABSOLUTE
    CMSIS\\stm32f4xx_it.c                    0x00000000   Number         0  stm32f4xx_it.o ABSOLUTE
    CMSIS\stm32f4xx_it.c                     0x00000000   Number         0  stm32f4xx_it.o ABSOLUTE
    RTE\Device\STM32F407VGTx\startup_stm32f407xx.s 0x00000000   Number         0  startup_stm32f407xx.o ABSOLUTE
    RTE\Device\STM32F407VGTx\system_stm32f4xx.c 0x00000000   Number         0  system_stm32f4xx.o ABSOLUTE
    RTE\\Device\\STM32F407VGTx\\system_stm32f4xx.c 0x00000000   Number         0  system_stm32f4xx.o ABSOLUTE
    STM32F4xx_StdPeriph_Driver\\src\\misc.c  0x00000000   Number         0  misc.o ABSOLUTE
    STM32F4xx_StdPeriph_Driver\\src\\stm32f4xx_can.c 0x00000000   Number         0  stm32f4xx_can.o ABSOLUTE
    STM32F4xx_StdPeriph_Driver\\src\\stm32f4xx_dma.c 0x00000000   Number         0  stm32f4xx_dma.o ABSOLUTE
    STM32F4xx_StdPeriph_Driver\\src\\stm32f4xx_exti.c 0x00000000   Number         0  stm32f4xx_exti.o ABSOLUTE
    STM32F4xx_StdPeriph_Driver\\src\\stm32f4xx_flash.c 0x00000000   Number         0  stm32f4xx_flash.o ABSOLUTE
    STM32F4xx_StdPeriph_Driver\\src\\stm32f4xx_gpio.c 0x00000000   Number         0  stm32f4xx_gpio.o ABSOLUTE
    STM32F4xx_StdPeriph_Driver\\src\\stm32f4xx_rcc.c 0x00000000   Number         0  stm32f4xx_rcc.o ABSOLUTE
    STM32F4xx_StdPeriph_Driver\\src\\stm32f4xx_syscfg.c 0x00000000   Number         0  stm32f4xx_syscfg.o ABSOLUTE
    STM32F4xx_StdPeriph_Driver\\src\\stm32f4xx_tim.c 0x00000000   Number         0  stm32f4xx_tim.o ABSOLUTE
    STM32F4xx_StdPeriph_Driver\\src\\stm32f4xx_usart.c 0x00000000   Number         0  stm32f4xx_usart.o ABSOLUTE
    STM32F4xx_StdPeriph_Driver\\src\\stm32f4xx_wwdg.c 0x00000000   Number         0  stm32f4xx_wwdg.o ABSOLUTE
    STM32F4xx_StdPeriph_Driver\src\misc.c    0x00000000   Number         0  misc.o ABSOLUTE
    STM32F4xx_StdPeriph_Driver\src\stm32f4xx_can.c 0x00000000   Number         0  stm32f4xx_can.o ABSOLUTE
    STM32F4xx_StdPeriph_Driver\src\stm32f4xx_dma.c 0x00000000   Number         0  stm32f4xx_dma.o ABSOLUTE
    STM32F4xx_StdPeriph_Driver\src\stm32f4xx_exti.c 0x00000000   Number         0  stm32f4xx_exti.o ABSOLUTE
    STM32F4xx_StdPeriph_Driver\src\stm32f4xx_flash.c 0x00000000   Number         0  stm32f4xx_flash.o ABSOLUTE
    STM32F4xx_StdPeriph_Driver\src\stm32f4xx_gpio.c 0x00000000   Number         0  stm32f4xx_gpio.o ABSOLUTE
    STM32F4xx_StdPeriph_Driver\src\stm32f4xx_rcc.c 0x00000000   Number         0  stm32f4xx_rcc.o ABSOLUTE
    STM32F4xx_StdPeriph_Driver\src\stm32f4xx_syscfg.c 0x00000000   Number         0  stm32f4xx_syscfg.o ABSOLUTE
    STM32F4xx_StdPeriph_Driver\src\stm32f4xx_tim.c 0x00000000   Number         0  stm32f4xx_tim.o ABSOLUTE
    STM32F4xx_StdPeriph_Driver\src\stm32f4xx_usart.c 0x00000000   Number         0  stm32f4xx_usart.o ABSOLUTE
    STM32F4xx_StdPeriph_Driver\src\stm32f4xx_wwdg.c 0x00000000   Number         0  stm32f4xx_wwdg.o ABSOLUTE
    UGV_SBUS.c                               0x00000000   Number         0  ugv_sbus.o ABSOLUTE
    UGV_SBUS.c                               0x00000000   Number         0  ugv_sbus.o ABSOLUTE
    UGV_UART_JOYSTICK.c                      0x00000000   Number         0  ugv_uart_joystick.o ABSOLUTE
    UGV_UART_JOYSTICK.c                      0x00000000   Number         0  ugv_uart_joystick.o ABSOLUTE
    cdcmple.s                                0x00000000   Number         0  cdcmple.o ABSOLUTE
    cdrcmple.s                               0x00000000   Number         0  cdrcmple.o ABSOLUTE
    dc.s                                     0x00000000   Number         0  dc.o ABSOLUTE
    handlers.s                               0x00000000   Number         0  handlers.o ABSOLUTE
    init.s                                   0x00000000   Number         0  init.o ABSOLUTE
    main.c                                   0x00000000   Number         0  main.o ABSOLUTE
    main.c                                   0x00000000   Number         0  main.o ABSOLUTE
    my_antiroll.c                            0x00000000   Number         0  my_antiroll.o ABSOLUTE
    my_antiroll.c                            0x00000000   Number         0  my_antiroll.o ABSOLUTE
    my_bms24v40ah.c                          0x00000000   Number         0  my_bms24v40ah.o ABSOLUTE
    my_bms24v40ah.c                          0x00000000   Number         0  my_bms24v40ah.o ABSOLUTE
    my_can.c                                 0x00000000   Number         0  my_can.o ABSOLUTE
    my_can.c                                 0x00000000   Number         0  my_can.o ABSOLUTE
    my_delay.c                               0x00000000   Number         0  my_delay.o ABSOLUTE
    my_delay.c                               0x00000000   Number         0  my_delay.o ABSOLUTE
    my_dvl.c                                 0x00000000   Number         0  my_dvl.o ABSOLUTE
    my_dvl.c                                 0x00000000   Number         0  my_dvl.o ABSOLUTE
    my_hardwarereset.c                       0x00000000   Number         0  my_hardwarereset.o ABSOLUTE
    my_hardwarereset.c                       0x00000000   Number         0  my_hardwarereset.o ABSOLUTE
    my_io.c                                  0x00000000   Number         0  my_io.o ABSOLUTE
    my_io.c                                  0x00000000   Number         0  my_io.o ABSOLUTE
    my_keller_pa3.c                          0x00000000   Number         0  my_keller_pa3.o ABSOLUTE
    my_keller_pa3.c                          0x00000000   Number         0  my_keller_pa3.o ABSOLUTE
    my_mx28.c                                0x00000000   Number         0  my_mx28.o ABSOLUTE
    my_mx28.c                                0x00000000   Number         0  my_mx28.o ABSOLUTE
    RESET                                    0x08000000   Section      392  startup_stm32f407xx.o(RESET)
    .ARM.Collect$$$$00000000                 0x08000188   Section        0  entry.o(.ARM.Collect$$$$00000000)
    .ARM.Collect$$$$00000001                 0x08000188   Section        4  entry2.o(.ARM.Collect$$$$00000001)
    .ARM.Collect$$$$00000004                 0x0800018c   Section        4  entry5.o(.ARM.Collect$$$$00000004)
    .ARM.Collect$$$$00000008                 0x08000190   Section        0  entry7b.o(.ARM.Collect$$$$00000008)
    .ARM.Collect$$$$0000000A                 0x08000190   Section        0  entry8b.o(.ARM.Collect$$$$0000000A)
    .ARM.Collect$$$$0000000B                 0x08000190   Section        8  entry9a.o(.ARM.Collect$$$$0000000B)
    .ARM.Collect$$$$0000000E                 0x08000198   Section        4  entry12b.o(.ARM.Collect$$$$0000000E)
    .ARM.Collect$$$$0000000F                 0x0800019c   Section        0  entry10a.o(.ARM.Collect$$$$0000000F)
    .ARM.Collect$$$$00000011                 0x0800019c   Section        0  entry11a.o(.ARM.Collect$$$$00000011)
    .ARM.Collect$$$$00002712                 0x0800019c   Section        4  entry2.o(.ARM.Collect$$$$00002712)
    __lit__00000000                          0x0800019c   Data           4  entry2.o(.ARM.Collect$$$$00002712)
    .text                                    0x080001a0   Section       36  startup_stm32f407xx.o(.text)
    $v0                                      0x080001a0   Number         0  startup_stm32f407xx.o(.text)
    .text                                    0x080001c4   Section        0  dadd.o(.text)
    .text                                    0x08000312   Section        0  f2d.o(.text)
    .text                                    0x08000338   Section        0  d2f.o(.text)
    .text                                    0x08000370   Section        0  llshl.o(.text)
    .text                                    0x0800038e   Section        0  llsshr.o(.text)
    .text                                    0x080003b2   Section        0  iusefp.o(.text)
    .text                                    0x080003b2   Section        0  fepilogue.o(.text)
    .text                                    0x08000420   Section        0  depilogue.o(.text)
    .text                                    0x080004dc   Section       36  init.o(.text)
    .text                                    0x08000500   Section        0  llushr.o(.text)
    i.BusFault_Handler                       0x08000520   Section        0  stm32f4xx_it.o(i.BusFault_Handler)
    i.CAN1_RX0_IRQHandler                    0x08000524   Section        0  my_can.o(i.CAN1_RX0_IRQHandler)
    i.CAN_DeInit                             0x080005a8   Section        0  stm32f4xx_can.o(i.CAN_DeInit)
    i.CAN_FilterInit                         0x080005e0   Section        0  stm32f4xx_can.o(i.CAN_FilterInit)
    i.CAN_ITConfig                           0x080006e8   Section        0  stm32f4xx_can.o(i.CAN_ITConfig)
    i.CAN_Init                               0x080006fa   Section        0  stm32f4xx_can.o(i.CAN_Init)
    i.CAN_Receive                            0x0800080e   Section        0  stm32f4xx_can.o(i.CAN_Receive)
    i.CAN_Transmit                           0x080008fe   Section        0  stm32f4xx_can.o(i.CAN_Transmit)
    i.CAN_TransmitStatus                     0x08000a24   Section        0  stm32f4xx_can.o(i.CAN_TransmitStatus)
    i.CalcCRC16                              0x08000ac4   Section        0  my_keller_pa3.o(i.CalcCRC16)
    i.DMA1_Stream0_IRQHandler                0x08000b24   Section        0  my_bms24v40ah.o(i.DMA1_Stream0_IRQHandler)
    i.DMA1_Stream1_IRQHandler                0x08000c00   Section        0  my_keller_pa3.o(i.DMA1_Stream1_IRQHandler)
    i.DMA1_Stream5_IRQHandler                0x08000c98   Section        0  my_mx28.o(i.DMA1_Stream5_IRQHandler)
    i.DMA2_Stream1_IRQHandler                0x08000e84   Section        0  ugv_uart_joystick.o(i.DMA2_Stream1_IRQHandler)
    i.DMA2_Stream5_IRQHandler                0x08000ecc   Section        0  my_dvl.o(i.DMA2_Stream5_IRQHandler)
    i.DMA_ClearITPendingBit                  0x08000f00   Section        0  stm32f4xx_dma.o(i.DMA_ClearITPendingBit)
    i.DMA_Cmd                                0x08000f34   Section        0  stm32f4xx_dma.o(i.DMA_Cmd)
    i.DMA_GetITStatus                        0x08000f4c   Section        0  stm32f4xx_dma.o(i.DMA_GetITStatus)
    i.DMA_Init                               0x08000fb0   Section        0  stm32f4xx_dma.o(i.DMA_Init)
    i.DebugMon_Handler                       0x08001008   Section        0  stm32f4xx_it.o(i.DebugMon_Handler)
    i.EXTI15_10_IRQHandler                   0x0800100c   Section        0  my_io.o(i.EXTI15_10_IRQHandler)
    i.EXTI_ClearITPendingBit                 0x080010ac   Section        0  stm32f4xx_exti.o(i.EXTI_ClearITPendingBit)
    i.EXTI_GetITStatus                       0x080010b8   Section        0  stm32f4xx_exti.o(i.EXTI_GetITStatus)
    i.FLASH_SetLatency                       0x080010d0   Section        0  stm32f4xx_flash.o(i.FLASH_SetLatency)
    i.GPIO_Init                              0x080010dc   Section        0  stm32f4xx_gpio.o(i.GPIO_Init)
    i.GPIO_PinAFConfig                       0x0800116c   Section        0  stm32f4xx_gpio.o(i.GPIO_PinAFConfig)
    i.GPIO_ResetBits                         0x080011b2   Section        0  stm32f4xx_gpio.o(i.GPIO_ResetBits)
    i.GPIO_SetBits                           0x080011b6   Section        0  stm32f4xx_gpio.o(i.GPIO_SetBits)
    i.GPIO_ToggleBits                        0x080011ba   Section        0  stm32f4xx_gpio.o(i.GPIO_ToggleBits)
    i.HardFault_Handler                      0x080011c2   Section        0  stm32f4xx_it.o(i.HardFault_Handler)
    i.MemManage_Handler                      0x080011c6   Section        0  stm32f4xx_it.o(i.MemManage_Handler)
    i.NMI_Handler                            0x080011ca   Section        0  stm32f4xx_it.o(i.NMI_Handler)
    i.NVIC_Init                              0x080011cc   Section        0  misc.o(i.NVIC_Init)
    i.PendSV_Handler                         0x08001244   Section        0  stm32f4xx_it.o(i.PendSV_Handler)
    i.RCC_AHB1PeriphClockCmd                 0x08001248   Section        0  stm32f4xx_rcc.o(i.RCC_AHB1PeriphClockCmd)
    i.RCC_APB1PeriphClockCmd                 0x08001268   Section        0  stm32f4xx_rcc.o(i.RCC_APB1PeriphClockCmd)
    i.RCC_APB1PeriphResetCmd                 0x08001288   Section        0  stm32f4xx_rcc.o(i.RCC_APB1PeriphResetCmd)
    i.RCC_APB2PeriphClockCmd                 0x080012a8   Section        0  stm32f4xx_rcc.o(i.RCC_APB2PeriphClockCmd)
    i.RCC_DeInit                             0x080012c8   Section        0  stm32f4xx_rcc.o(i.RCC_DeInit)
    i.RCC_GetClocksFreq                      0x0800132c   Section        0  stm32f4xx_rcc.o(i.RCC_GetClocksFreq)
    i.RCC_GetFlagStatus                      0x08001414   Section        0  stm32f4xx_rcc.o(i.RCC_GetFlagStatus)
    i.RCC_HCLKConfig                         0x08001454   Section        0  stm32f4xx_rcc.o(i.RCC_HCLKConfig)
    i.RCC_HSEConfig                          0x0800146c   Section        0  stm32f4xx_rcc.o(i.RCC_HSEConfig)
    i.RCC_PCLK1Config                        0x0800147c   Section        0  stm32f4xx_rcc.o(i.RCC_PCLK1Config)
    i.RCC_PCLK2Config                        0x08001494   Section        0  stm32f4xx_rcc.o(i.RCC_PCLK2Config)
    i.RCC_PLLCmd                             0x080014ac   Section        0  stm32f4xx_rcc.o(i.RCC_PLLCmd)
    i.RCC_PLLConfig                          0x080014b8   Section        0  stm32f4xx_rcc.o(i.RCC_PLLConfig)
    i.RCC_SYSCLKConfig                       0x080014dc   Section        0  stm32f4xx_rcc.o(i.RCC_SYSCLKConfig)
    i.RCC_WaitForHSEStartUp                  0x080014f4   Section        0  stm32f4xx_rcc.o(i.RCC_WaitForHSEStartUp)
    i.Run_Piston                             0x0800152c   Section        0  my_can.o(i.Run_Piston)
    i.Run_Shifter                            0x080015a4   Section        0  my_can.o(i.Run_Shifter)
    i.Run_Thruster                           0x0800161c   Section        0  my_can.o(i.Run_Thruster)
    i.SBUS_read                              0x08001694   Section        0  ugv_sbus.o(i.SBUS_read)
    i.SVC_Handler                            0x08001898   Section        0  stm32f4xx_it.o(i.SVC_Handler)
    i.SystemClock_Config                     0x0800189a   Section        0  main.o(i.SystemClock_Config)
    SystemClock_Config                       0x0800189b   Thumb Code   104  main.o(i.SystemClock_Config)
    i.SystemCoreClockUpdate                  0x08001904   Section        0  system_stm32f4xx.o(i.SystemCoreClockUpdate)
    i.SystemInit                             0x080019c4   Section        0  system_stm32f4xx.o(i.SystemInit)
    i.TIM2_IRQHandler                        0x08001a28   Section        0  my_antiroll.o(i.TIM2_IRQHandler)
    i.TIM3_IRQHandler                        0x08001a50   Section        0  my_can.o(i.TIM3_IRQHandler)
    i.TIM4_IRQHandler                        0x08001bb4   Section        0  my_antiroll.o(i.TIM4_IRQHandler)
    i.TIM5_IRQHandler                        0x08001c6c   Section        0  my_can.o(i.TIM5_IRQHandler)
    i.TIM7_IRQHandler                        0x08001c8c   Section        0  my_mx28.o(i.TIM7_IRQHandler)
    i.TIM_ClearFlag                          0x08001cac   Section        0  stm32f4xx_tim.o(i.TIM_ClearFlag)
    i.TIM_ClearITPendingBit                  0x08001cb2   Section        0  stm32f4xx_tim.o(i.TIM_ClearITPendingBit)
    i.TIM_Cmd                                0x08001cb8   Section        0  stm32f4xx_tim.o(i.TIM_Cmd)
    i.TIM_GetCounter                         0x08001cd0   Section        0  stm32f4xx_tim.o(i.TIM_GetCounter)
    i.TIM_GetFlagStatus                      0x08001cd6   Section        0  stm32f4xx_tim.o(i.TIM_GetFlagStatus)
    i.TIM_GetITStatus                        0x08001ce8   Section        0  stm32f4xx_tim.o(i.TIM_GetITStatus)
    i.TIM_SetCompare1                        0x08001d0a   Section        0  stm32f4xx_tim.o(i.TIM_SetCompare1)
    i.TIM_SetCounter                         0x08001d0e   Section        0  stm32f4xx_tim.o(i.TIM_SetCounter)
    i.TIM_TimeBaseInit                       0x08001d14   Section        0  stm32f4xx_tim.o(i.TIM_TimeBaseInit)
    i.UANRO_CCW_Direction                    0x08001d98   Section        0  my_antiroll.o(i.UANRO_CCW_Direction)
    UANRO_CCW_Direction                      0x08001d99   Thumb Code    24  my_antiroll.o(i.UANRO_CCW_Direction)
    i.UANRO_CW_Direction                     0x08001db4   Section        0  my_antiroll.o(i.UANRO_CW_Direction)
    UANRO_CW_Direction                       0x08001db5   Thumb Code    24  my_antiroll.o(i.UANRO_CW_Direction)
    i.UANRO_Limit_value                      0x08001dd0   Section        0  my_antiroll.o(i.UANRO_Limit_value)
    UANRO_Limit_value                        0x08001dd1   Thumb Code    58  my_antiroll.o(i.UANRO_Limit_value)
    i.UANRO_PID_Control_Position             0x08001e18   Section        0  my_antiroll.o(i.UANRO_PID_Control_Position)
    UANRO_PID_Control_Position               0x08001e19   Thumb Code   432  my_antiroll.o(i.UANRO_PID_Control_Position)
    i.UANRO_PWM_Out                          0x08001ff0   Section        0  my_antiroll.o(i.UANRO_PWM_Out)
    UANRO_PWM_Out                            0x08001ff1   Thumb Code    14  my_antiroll.o(i.UANRO_PWM_Out)
    i.UANRO_ResetEncoder                     0x08002004   Section        0  my_antiroll.o(i.UANRO_ResetEncoder)
    UANRO_ResetEncoder                       0x08002005   Thumb Code    26  my_antiroll.o(i.UANRO_ResetEncoder)
    i.UANRO_Stop_Motor                       0x08002028   Section        0  my_antiroll.o(i.UANRO_Stop_Motor)
    UANRO_Stop_Motor                         0x08002029   Thumb Code    24  my_antiroll.o(i.UANRO_Stop_Motor)
    i.UBMS40_ArrangeData                     0x08002044   Section        0  my_bms24v40ah.o(i.UBMS40_ArrangeData)
    i.UBMS40_Checksum                        0x080020bc   Section        0  my_bms24v40ah.o(i.UBMS40_Checksum)
    i.UBMS40_Convert_Bytes_to_Float          0x080020da   Section        0  my_bms24v40ah.o(i.UBMS40_Convert_Bytes_to_Float)
    UBMS40_Convert_Bytes_to_Float            0x080020db   Thumb Code    32  my_bms24v40ah.o(i.UBMS40_Convert_Bytes_to_Float)
    i.UCAN_Checksum                          0x080020fa   Section        0  my_can.o(i.UCAN_Checksum)
    i.UCAN_Configure                         0x08002118   Section        0  my_can.o(i.UCAN_Configure)
    i.UCAN_HeartBeat                         0x08002294   Section        0  my_can.o(i.UCAN_HeartBeat)
    i.UCAN_Transmit                          0x080022d4   Section        0  my_can.o(i.UCAN_Transmit)
    i.UCAN_test_altimeter                    0x0800233c   Section        0  my_can.o(i.UCAN_test_altimeter)
    i.UCAN_test_init                         0x080023e8   Section        0  my_can.o(i.UCAN_test_init)
    i.UCAN_test_leak                         0x08002444   Section        0  my_can.o(i.UCAN_test_leak)
    i.UCAN_test_mass                         0x080024a4   Section        0  my_can.o(i.UCAN_test_mass)
    i.UCAN_test_pistol                       0x08002528   Section        0  my_can.o(i.UCAN_test_pistol)
    i.UCAN_test_rudder                       0x080025ac   Section        0  my_can.o(i.UCAN_test_rudder)
    i.UCAN_test_thruster                     0x08002634   Section        0  my_can.o(i.UCAN_test_thruster)
    i.UDELAY_Configuration                   0x080026b8   Section        0  my_delay.o(i.UDELAY_Configuration)
    i.UDELAY_ms                              0x080026d8   Section        0  my_delay.o(i.UDELAY_ms)
    i.UDVL_ArrangeData                       0x08002740   Section        0  my_dvl.o(i.UDVL_ArrangeData)
    i.UHRST_ResetCNT                         0x0800277c   Section        0  my_hardwarereset.o(i.UHRST_ResetCNT)
    i.UIO_Configuration                      0x08002788   Section        0  my_io.o(i.UIO_Configuration)
    i.UIO_LEDORANGE_OFF                      0x080028ac   Section        0  my_io.o(i.UIO_LEDORANGE_OFF)
    i.UIO_LEDORANGE_ON                       0x080028c0   Section        0  my_io.o(i.UIO_LEDORANGE_ON)
    i.UIO_LEDORANGE_TOGGLE                   0x080028d4   Section        0  my_io.o(i.UIO_LEDORANGE_TOGGLE)
    i.UKELLER_Convert_Bytes_to_Float         0x080028e8   Section        0  my_keller_pa3.o(i.UKELLER_Convert_Bytes_to_Float)
    UKELLER_Convert_Bytes_to_Float           0x080028e9   Thumb Code    32  my_keller_pa3.o(i.UKELLER_Convert_Bytes_to_Float)
    i.UKELLER_KELLER_ReadP1                  0x08002908   Section        0  my_keller_pa3.o(i.UKELLER_KELLER_ReadP1)
    i.UKELLER_KELLER_ReadTOB1                0x08002950   Section        0  my_keller_pa3.o(i.UKELLER_KELLER_ReadTOB1)
    i.UKELLER_TxData                         0x08002998   Section        0  my_keller_pa3.o(i.UKELLER_TxData)
    i.UMX28_AnalycsData                      0x080029b8   Section        0  my_mx28.o(i.UMX28_AnalycsData)
    i.UMX28_CheckSum                         0x08002a70   Section        0  my_mx28.o(i.UMX28_CheckSum)
    i.UMX28_Convert_Byte2Uint                0x08002a94   Section        0  my_mx28.o(i.UMX28_Convert_Byte2Uint)
    i.UMX28_Transmit                         0x08002aac   Section        0  my_mx28.o(i.UMX28_Transmit)
    i.UMX28_getStallTorque                   0x08002adc   Section        0  my_mx28.o(i.UMX28_getStallTorque)
    i.UMX28_readStatusData                   0x08002b34   Section        0  my_mx28.o(i.UMX28_readStatusData)
    i.UMX28_setGoalPosition                  0x08002b74   Section        0  my_mx28.o(i.UMX28_setGoalPosition)
    i.USART6_DMA_Rx_Config                   0x08002bbc   Section        0  ugv_uart_joystick.o(i.USART6_DMA_Rx_Config)
    i.USART_Cmd                              0x08002cdc   Section        0  stm32f4xx_usart.o(i.USART_Cmd)
    i.USART_DMACmd                           0x08002cf4   Section        0  stm32f4xx_usart.o(i.USART_DMACmd)
    i.USART_GetFlagStatus                    0x08002d06   Section        0  stm32f4xx_usart.o(i.USART_GetFlagStatus)
    i.USART_Init                             0x08002d20   Section        0  stm32f4xx_usart.o(i.USART_Init)
    i.USART_SendData                         0x08002df4   Section        0  stm32f4xx_usart.o(i.USART_SendData)
    i.UsageFault_Handler                     0x08002dfc   Section        0  stm32f4xx_it.o(i.UsageFault_Handler)
    i.WWDG_ClearFlag                         0x08002e00   Section        0  stm32f4xx_wwdg.o(i.WWDG_ClearFlag)
    i.WWDG_IRQHandler                        0x08002e0c   Section        0  my_hardwarereset.o(i.WWDG_IRQHandler)
    i.WWDG_SetCounter                        0x08002e18   Section        0  stm32f4xx_wwdg.o(i.WWDG_SetCounter)
    i.__scatterload_copy                     0x08002e28   Section       14  handlers.o(i.__scatterload_copy)
    i.__scatterload_null                     0x08002e36   Section        2  handlers.o(i.__scatterload_null)
    i.__scatterload_zeroinit                 0x08002e38   Section       14  handlers.o(i.__scatterload_zeroinit)
    i.main                                   0x08002e48   Section        0  main.o(i.main)
    i.map                                    0x08002ee4   Section        0  ugv_sbus.o(i.map)
    .constdata                               0x08002efa   Section       24  system_stm32f4xx.o(.constdata)
    .data                                    0x20000000   Section       72  my_can.o(.data)
    _need_respond_data                       0x20000000   Data           1  my_can.o(.data)
    _system_ready                            0x20000001   Data           1  my_can.o(.data)
    _need_system_ready                       0x20000002   Data           1  my_can.o(.data)
    _IDCANBUS_ARM_1                          0x20000004   Data           4  my_can.o(.data)
    _IDCANBUS_ARM_2                          0x20000008   Data           4  my_can.o(.data)
    _IDCANBUS_THRUSTER                       0x2000000c   Data           4  my_can.o(.data)
    _IDCANBUS_PISTOL                         0x20000010   Data           4  my_can.o(.data)
    _IDCANBUS_MASS_SHIFTER                   0x20000014   Data           4  my_can.o(.data)
    _IDCANBUS_EPC                            0x20000018   Data           4  my_can.o(.data)
    UPWM_DutyCycle                           0x20000030   Data           4  my_can.o(.data)
    Thruster                                 0x20000034   Data           4  my_can.o(.data)
    Rudder                                   0x20000038   Data           4  my_can.o(.data)
    Mass                                     0x2000003c   Data           4  my_can.o(.data)
    Pistol                                   0x20000040   Data           4  my_can.o(.data)
    Altimeter                                0x20000044   Data           4  my_can.o(.data)
    .data                                    0x20000048   Section        1  my_io.o(.data)
    _leak_position                           0x20000048   Data           1  my_io.o(.data)
    .data                                    0x2000004c   Section       12  my_keller_pa3.o(.data)
    Mode                                     0x2000004c   Data           1  my_keller_pa3.o(.data)
    UKellerPA3_Status                        0x20000050   Data           8  my_keller_pa3.o(.data)
    .data                                    0x20000058   Section       64  my_antiroll.o(.data)
    pulse                                    0x2000005c   Data           4  my_antiroll.o(.data)
    .data                                    0x20000098   Section       32  ugv_uart_joystick.o(.data)
    .data                                    0x200000b8   Section       16  stm32f4xx_rcc.o(.data)
    APBAHBPrescTable                         0x200000b8   Data          16  stm32f4xx_rcc.o(.data)
    .data                                    0x200000c8   Section        4  system_stm32f4xx.o(.data)
    .bss                                     0x200000cc   Section       72  main.o(.bss)
    .bss                                     0x20000114   Section       12  my_delay.o(.bss)
    TIM_TimeBaseStructure                    0x20000114   Data          12  my_delay.o(.bss)
    .bss                                     0x20000120   Section       20  my_can.o(.bss)
    .bss                                     0x20000134   Section       96  my_bms24v40ah.o(.bss)
    UBMS40_DMABuffer                         0x20000134   Data          36  my_bms24v40ah.o(.bss)
    UBMS40_DataBuffer                        0x20000158   Data          36  my_bms24v40ah.o(.bss)
    .bss                                     0x20000194   Section       76  my_dvl.o(.bss)
    UDVL_DMABuffer                           0x20000194   Data          38  my_dvl.o(.bss)
    UDVL_DataBuffer                          0x200001ba   Data          38  my_dvl.o(.bss)
    .bss                                     0x200001e0   Section       48  my_mx28.o(.bss)
    UMX28_DMABuffer                          0x200001e0   Data          14  my_mx28.o(.bss)
    UMX28_DataBuffer                         0x200001ee   Data          14  my_mx28.o(.bss)
    .bss                                     0x20000210   Section       18  my_keller_pa3.o(.bss)
    SC_Buffer                                0x20000210   Data           9  my_keller_pa3.o(.bss)
    UKELLER_DMABuffer                        0x20000219   Data           9  my_keller_pa3.o(.bss)
    .bss                                     0x20000222   Section      300  ugv_uart_joystick.o(.bss)
    STACK                                    0x20000350   Section     4095  startup_stm32f407xx.o(STACK)

    Global Symbols

    Symbol Name                              Value     Ov Type        Size  Object(Section)

    BuildAttributes$$THM_ISAv4$E$P$D$K$B$S$7EM$VFPi3$EXTD16$VFPS$VFMA$PE$A:L22UL41UL21$X:L11$S22US41US21$IEEE1$IW$USESV6$~STKCKD$USESV7$~SHL$OTIME$ROPI$IEEEX$EBA8$MICROLIB$REQ8$PRES8$EABIv2 0x00000000   Number         0  anon$$obj.o ABSOLUTE
    __ARM_use_no_argv                        0x00000000   Number         0  main.o ABSOLUTE
    __arm_fini_                               - Undefined Weak Reference
    __cpp_initialize__aeabi_                  - Undefined Weak Reference
    __cxa_finalize                            - Undefined Weak Reference
    __decompress                              - Undefined Weak Reference
    _clock_init                               - Undefined Weak Reference
    _microlib_exit                            - Undefined Weak Reference
    __Vectors_Size                           0x00000188   Number         0  startup_stm32f407xx.o ABSOLUTE
    __Vectors                                0x08000000   Data           4  startup_stm32f407xx.o(RESET)
    __Vectors_End                            0x08000188   Data           0  startup_stm32f407xx.o(RESET)
    __main                                   0x08000189   Thumb Code     0  entry.o(.ARM.Collect$$$$00000000)
    _main_stk                                0x08000189   Thumb Code     0  entry2.o(.ARM.Collect$$$$00000001)
    _main_scatterload                        0x0800018d   Thumb Code     0  entry5.o(.ARM.Collect$$$$00000004)
    __main_after_scatterload                 0x08000191   Thumb Code     0  entry5.o(.ARM.Collect$$$$00000004)
    _main_clock                              0x08000191   Thumb Code     0  entry7b.o(.ARM.Collect$$$$00000008)
    _main_cpp_init                           0x08000191   Thumb Code     0  entry8b.o(.ARM.Collect$$$$0000000A)
    _main_init                               0x08000191   Thumb Code     0  entry9a.o(.ARM.Collect$$$$0000000B)
    __rt_lib_shutdown_fini                   0x08000199   Thumb Code     0  entry12b.o(.ARM.Collect$$$$0000000E)
    __rt_final_cpp                           0x0800019d   Thumb Code     0  entry10a.o(.ARM.Collect$$$$0000000F)
    __rt_final_exit                          0x0800019d   Thumb Code     0  entry11a.o(.ARM.Collect$$$$00000011)
    Reset_Handler                            0x080001a1   Thumb Code     8  startup_stm32f407xx.o(.text)
    SysTick_Handler                          0x080001b9   Thumb Code     2  startup_stm32f407xx.o(.text)
    ADC_IRQHandler                           0x080001bb   Thumb Code     0  startup_stm32f407xx.o(.text)
    CAN1_RX1_IRQHandler                      0x080001bb   Thumb Code     0  startup_stm32f407xx.o(.text)
    CAN1_SCE_IRQHandler                      0x080001bb   Thumb Code     0  startup_stm32f407xx.o(.text)
    CAN1_TX_IRQHandler                       0x080001bb   Thumb Code     0  startup_stm32f407xx.o(.text)
    CAN2_RX0_IRQHandler                      0x080001bb   Thumb Code     0  startup_stm32f407xx.o(.text)
    CAN2_RX1_IRQHandler                      0x080001bb   Thumb Code     0  startup_stm32f407xx.o(.text)
    CAN2_SCE_IRQHandler                      0x080001bb   Thumb Code     0  startup_stm32f407xx.o(.text)
    CAN2_TX_IRQHandler                       0x080001bb   Thumb Code     0  startup_stm32f407xx.o(.text)
    DCMI_IRQHandler                          0x080001bb   Thumb Code     0  startup_stm32f407xx.o(.text)
    DMA1_Stream2_IRQHandler                  0x080001bb   Thumb Code     0  startup_stm32f407xx.o(.text)
    DMA1_Stream3_IRQHandler                  0x080001bb   Thumb Code     0  startup_stm32f407xx.o(.text)
    DMA1_Stream4_IRQHandler                  0x080001bb   Thumb Code     0  startup_stm32f407xx.o(.text)
    DMA1_Stream6_IRQHandler                  0x080001bb   Thumb Code     0  startup_stm32f407xx.o(.text)
    DMA1_Stream7_IRQHandler                  0x080001bb   Thumb Code     0  startup_stm32f407xx.o(.text)
    DMA2_Stream0_IRQHandler                  0x080001bb   Thumb Code     0  startup_stm32f407xx.o(.text)
    DMA2_Stream2_IRQHandler                  0x080001bb   Thumb Code     0  startup_stm32f407xx.o(.text)
    DMA2_Stream3_IRQHandler                  0x080001bb   Thumb Code     0  startup_stm32f407xx.o(.text)
    DMA2_Stream4_IRQHandler                  0x080001bb   Thumb Code     0  startup_stm32f407xx.o(.text)
    DMA2_Stream6_IRQHandler                  0x080001bb   Thumb Code     0  startup_stm32f407xx.o(.text)
    DMA2_Stream7_IRQHandler                  0x080001bb   Thumb Code     0  startup_stm32f407xx.o(.text)
    ETH_IRQHandler                           0x080001bb   Thumb Code     0  startup_stm32f407xx.o(.text)
    ETH_WKUP_IRQHandler                      0x080001bb   Thumb Code     0  startup_stm32f407xx.o(.text)
    EXTI0_IRQHandler                         0x080001bb   Thumb Code     0  startup_stm32f407xx.o(.text)
    EXTI1_IRQHandler                         0x080001bb   Thumb Code     0  startup_stm32f407xx.o(.text)
    EXTI2_IRQHandler                         0x080001bb   Thumb Code     0  startup_stm32f407xx.o(.text)
    EXTI3_IRQHandler                         0x080001bb   Thumb Code     0  startup_stm32f407xx.o(.text)
    EXTI4_IRQHandler                         0x080001bb   Thumb Code     0  startup_stm32f407xx.o(.text)
    EXTI9_5_IRQHandler                       0x080001bb   Thumb Code     0  startup_stm32f407xx.o(.text)
    FLASH_IRQHandler                         0x080001bb   Thumb Code     0  startup_stm32f407xx.o(.text)
    FMC_IRQHandler                           0x080001bb   Thumb Code     0  startup_stm32f407xx.o(.text)
    FPU_IRQHandler                           0x080001bb   Thumb Code     0  startup_stm32f407xx.o(.text)
    HASH_RNG_IRQHandler                      0x080001bb   Thumb Code     0  startup_stm32f407xx.o(.text)
    I2C1_ER_IRQHandler                       0x080001bb   Thumb Code     0  startup_stm32f407xx.o(.text)
    I2C1_EV_IRQHandler                       0x080001bb   Thumb Code     0  startup_stm32f407xx.o(.text)
    I2C2_ER_IRQHandler                       0x080001bb   Thumb Code     0  startup_stm32f407xx.o(.text)
    I2C2_EV_IRQHandler                       0x080001bb   Thumb Code     0  startup_stm32f407xx.o(.text)
    I2C3_ER_IRQHandler                       0x080001bb   Thumb Code     0  startup_stm32f407xx.o(.text)
    I2C3_EV_IRQHandler                       0x080001bb   Thumb Code     0  startup_stm32f407xx.o(.text)
    OTG_FS_IRQHandler                        0x080001bb   Thumb Code     0  startup_stm32f407xx.o(.text)
    OTG_FS_WKUP_IRQHandler                   0x080001bb   Thumb Code     0  startup_stm32f407xx.o(.text)
    OTG_HS_EP1_IN_IRQHandler                 0x080001bb   Thumb Code     0  startup_stm32f407xx.o(.text)
    OTG_HS_EP1_OUT_IRQHandler                0x080001bb   Thumb Code     0  startup_stm32f407xx.o(.text)
    OTG_HS_IRQHandler                        0x080001bb   Thumb Code     0  startup_stm32f407xx.o(.text)
    OTG_HS_WKUP_IRQHandler                   0x080001bb   Thumb Code     0  startup_stm32f407xx.o(.text)
    PVD_IRQHandler                           0x080001bb   Thumb Code     0  startup_stm32f407xx.o(.text)
    RCC_IRQHandler                           0x080001bb   Thumb Code     0  startup_stm32f407xx.o(.text)
    RTC_Alarm_IRQHandler                     0x080001bb   Thumb Code     0  startup_stm32f407xx.o(.text)
    RTC_WKUP_IRQHandler                      0x080001bb   Thumb Code     0  startup_stm32f407xx.o(.text)
    SDIO_IRQHandler                          0x080001bb   Thumb Code     0  startup_stm32f407xx.o(.text)
    SPI1_IRQHandler                          0x080001bb   Thumb Code     0  startup_stm32f407xx.o(.text)
    SPI2_IRQHandler                          0x080001bb   Thumb Code     0  startup_stm32f407xx.o(.text)
    SPI3_IRQHandler                          0x080001bb   Thumb Code     0  startup_stm32f407xx.o(.text)
    TAMP_STAMP_IRQHandler                    0x080001bb   Thumb Code     0  startup_stm32f407xx.o(.text)
    TIM1_BRK_TIM9_IRQHandler                 0x080001bb   Thumb Code     0  startup_stm32f407xx.o(.text)
    TIM1_CC_IRQHandler                       0x080001bb   Thumb Code     0  startup_stm32f407xx.o(.text)
    TIM1_TRG_COM_TIM11_IRQHandler            0x080001bb   Thumb Code     0  startup_stm32f407xx.o(.text)
    TIM1_UP_TIM10_IRQHandler                 0x080001bb   Thumb Code     0  startup_stm32f407xx.o(.text)
    TIM6_DAC_IRQHandler                      0x080001bb   Thumb Code     0  startup_stm32f407xx.o(.text)
    TIM8_BRK_TIM12_IRQHandler                0x080001bb   Thumb Code     0  startup_stm32f407xx.o(.text)
    TIM8_CC_IRQHandler                       0x080001bb   Thumb Code     0  startup_stm32f407xx.o(.text)
    TIM8_TRG_COM_TIM14_IRQHandler            0x080001bb   Thumb Code     0  startup_stm32f407xx.o(.text)
    TIM8_UP_TIM13_IRQHandler                 0x080001bb   Thumb Code     0  startup_stm32f407xx.o(.text)
    UART4_IRQHandler                         0x080001bb   Thumb Code     0  startup_stm32f407xx.o(.text)
    UART5_IRQHandler                         0x080001bb   Thumb Code     0  startup_stm32f407xx.o(.text)
    USART1_IRQHandler                        0x080001bb   Thumb Code     0  startup_stm32f407xx.o(.text)
    USART2_IRQHandler                        0x080001bb   Thumb Code     0  startup_stm32f407xx.o(.text)
    USART3_IRQHandler                        0x080001bb   Thumb Code     0  startup_stm32f407xx.o(.text)
    USART6_IRQHandler                        0x080001bb   Thumb Code     0  startup_stm32f407xx.o(.text)
    __aeabi_dadd                             0x080001c5   Thumb Code   322  dadd.o(.text)
    __aeabi_dsub                             0x08000307   Thumb Code     6  dadd.o(.text)
    __aeabi_drsub                            0x0800030d   Thumb Code     6  dadd.o(.text)
    __aeabi_f2d                              0x08000313   Thumb Code    38  f2d.o(.text)
    __aeabi_d2f                              0x08000339   Thumb Code    56  d2f.o(.text)
    __aeabi_llsl                             0x08000371   Thumb Code    30  llshl.o(.text)
    _ll_shift_l                              0x08000371   Thumb Code     0  llshl.o(.text)
    __aeabi_lasr                             0x0800038f   Thumb Code    36  llsshr.o(.text)
    _ll_sshift_r                             0x0800038f   Thumb Code     0  llsshr.o(.text)
    __I$use$fp                               0x080003b3   Thumb Code     0  iusefp.o(.text)
    _float_round                             0x080003b3   Thumb Code    18  fepilogue.o(.text)
    _float_epilogue                          0x080003c5   Thumb Code    92  fepilogue.o(.text)
    _double_round                            0x08000421   Thumb Code    30  depilogue.o(.text)
    _double_epilogue                         0x0800043f   Thumb Code   156  depilogue.o(.text)
    __scatterload                            0x080004dd   Thumb Code    28  init.o(.text)
    __scatterload_rt2                        0x080004dd   Thumb Code     0  init.o(.text)
    __aeabi_llsr                             0x08000501   Thumb Code    32  llushr.o(.text)
    _ll_ushift_r                             0x08000501   Thumb Code     0  llushr.o(.text)
    BusFault_Handler                         0x08000521   Thumb Code     4  stm32f4xx_it.o(i.BusFault_Handler)
    CAN1_RX0_IRQHandler                      0x08000525   Thumb Code   114  my_can.o(i.CAN1_RX0_IRQHandler)
    CAN_DeInit                               0x080005a9   Thumb Code    50  stm32f4xx_can.o(i.CAN_DeInit)
    CAN_FilterInit                           0x080005e1   Thumb Code   258  stm32f4xx_can.o(i.CAN_FilterInit)
    CAN_ITConfig                             0x080006e9   Thumb Code    18  stm32f4xx_can.o(i.CAN_ITConfig)
    CAN_Init                                 0x080006fb   Thumb Code   276  stm32f4xx_can.o(i.CAN_Init)
    CAN_Receive                              0x0800080f   Thumb Code   240  stm32f4xx_can.o(i.CAN_Receive)
    CAN_Transmit                             0x080008ff   Thumb Code   294  stm32f4xx_can.o(i.CAN_Transmit)
    CAN_TransmitStatus                       0x08000a25   Thumb Code   138  stm32f4xx_can.o(i.CAN_TransmitStatus)
    CalcCRC16                                0x08000ac5   Thumb Code    94  my_keller_pa3.o(i.CalcCRC16)
    DMA1_Stream0_IRQHandler                  0x08000b25   Thumb Code   196  my_bms24v40ah.o(i.DMA1_Stream0_IRQHandler)
    DMA1_Stream1_IRQHandler                  0x08000c01   Thumb Code   132  my_keller_pa3.o(i.DMA1_Stream1_IRQHandler)
    DMA1_Stream5_IRQHandler                  0x08000c99   Thumb Code   448  my_mx28.o(i.DMA1_Stream5_IRQHandler)
    DMA2_Stream1_IRQHandler                  0x08000e85   Thumb Code    38  ugv_uart_joystick.o(i.DMA2_Stream1_IRQHandler)
    DMA2_Stream5_IRQHandler                  0x08000ecd   Thumb Code    30  my_dvl.o(i.DMA2_Stream5_IRQHandler)
    DMA_ClearITPendingBit                    0x08000f01   Thumb Code    38  stm32f4xx_dma.o(i.DMA_ClearITPendingBit)
    DMA_Cmd                                  0x08000f35   Thumb Code    22  stm32f4xx_dma.o(i.DMA_Cmd)
    DMA_GetITStatus                          0x08000f4d   Thumb Code    82  stm32f4xx_dma.o(i.DMA_GetITStatus)
    DMA_Init                                 0x08000fb1   Thumb Code    82  stm32f4xx_dma.o(i.DMA_Init)
    DebugMon_Handler                         0x08001009   Thumb Code     2  stm32f4xx_it.o(i.DebugMon_Handler)
    EXTI15_10_IRQHandler                     0x0800100d   Thumb Code   154  my_io.o(i.EXTI15_10_IRQHandler)
    EXTI_ClearITPendingBit                   0x080010ad   Thumb Code     6  stm32f4xx_exti.o(i.EXTI_ClearITPendingBit)
    EXTI_GetITStatus                         0x080010b9   Thumb Code    20  stm32f4xx_exti.o(i.EXTI_GetITStatus)
    FLASH_SetLatency                         0x080010d1   Thumb Code     6  stm32f4xx_flash.o(i.FLASH_SetLatency)
    GPIO_Init                                0x080010dd   Thumb Code   144  stm32f4xx_gpio.o(i.GPIO_Init)
    GPIO_PinAFConfig                         0x0800116d   Thumb Code    70  stm32f4xx_gpio.o(i.GPIO_PinAFConfig)
    GPIO_ResetBits                           0x080011b3   Thumb Code     4  stm32f4xx_gpio.o(i.GPIO_ResetBits)
    GPIO_SetBits                             0x080011b7   Thumb Code     4  stm32f4xx_gpio.o(i.GPIO_SetBits)
    GPIO_ToggleBits                          0x080011bb   Thumb Code     8  stm32f4xx_gpio.o(i.GPIO_ToggleBits)
    HardFault_Handler                        0x080011c3   Thumb Code     4  stm32f4xx_it.o(i.HardFault_Handler)
    MemManage_Handler                        0x080011c7   Thumb Code     4  stm32f4xx_it.o(i.MemManage_Handler)
    NMI_Handler                              0x080011cb   Thumb Code     2  stm32f4xx_it.o(i.NMI_Handler)
    NVIC_Init                                0x080011cd   Thumb Code   106  misc.o(i.NVIC_Init)
    PendSV_Handler                           0x08001245   Thumb Code     2  stm32f4xx_it.o(i.PendSV_Handler)
    RCC_AHB1PeriphClockCmd                   0x08001249   Thumb Code    26  stm32f4xx_rcc.o(i.RCC_AHB1PeriphClockCmd)
    RCC_APB1PeriphClockCmd                   0x08001269   Thumb Code    26  stm32f4xx_rcc.o(i.RCC_APB1PeriphClockCmd)
    RCC_APB1PeriphResetCmd                   0x08001289   Thumb Code    26  stm32f4xx_rcc.o(i.RCC_APB1PeriphResetCmd)
    RCC_APB2PeriphClockCmd                   0x080012a9   Thumb Code    26  stm32f4xx_rcc.o(i.RCC_APB2PeriphClockCmd)
    RCC_DeInit                               0x080012c9   Thumb Code    82  stm32f4xx_rcc.o(i.RCC_DeInit)
    RCC_GetClocksFreq                        0x0800132d   Thumb Code   214  stm32f4xx_rcc.o(i.RCC_GetClocksFreq)
    RCC_GetFlagStatus                        0x08001415   Thumb Code    60  stm32f4xx_rcc.o(i.RCC_GetFlagStatus)
    RCC_HCLKConfig                           0x08001455   Thumb Code    18  stm32f4xx_rcc.o(i.RCC_HCLKConfig)
    RCC_HSEConfig                            0x0800146d   Thumb Code    12  stm32f4xx_rcc.o(i.RCC_HSEConfig)
    RCC_PCLK1Config                          0x0800147d   Thumb Code    18  stm32f4xx_rcc.o(i.RCC_PCLK1Config)
    RCC_PCLK2Config                          0x08001495   Thumb Code    20  stm32f4xx_rcc.o(i.RCC_PCLK2Config)
    RCC_PLLCmd                               0x080014ad   Thumb Code     6  stm32f4xx_rcc.o(i.RCC_PLLCmd)
    RCC_PLLConfig                            0x080014b9   Thumb Code    30  stm32f4xx_rcc.o(i.RCC_PLLConfig)
    RCC_SYSCLKConfig                         0x080014dd   Thumb Code    18  stm32f4xx_rcc.o(i.RCC_SYSCLKConfig)
    RCC_WaitForHSEStartUp                    0x080014f5   Thumb Code    56  stm32f4xx_rcc.o(i.RCC_WaitForHSEStartUp)
    Run_Piston                               0x0800152d   Thumb Code   108  my_can.o(i.Run_Piston)
    Run_Shifter                              0x080015a5   Thumb Code   108  my_can.o(i.Run_Shifter)
    Run_Thruster                             0x0800161d   Thumb Code   108  my_can.o(i.Run_Thruster)
    SBUS_read                                0x08001695   Thumb Code   516  ugv_sbus.o(i.SBUS_read)
    SVC_Handler                              0x08001899   Thumb Code     2  stm32f4xx_it.o(i.SVC_Handler)
    SystemCoreClockUpdate                    0x08001905   Thumb Code   170  system_stm32f4xx.o(i.SystemCoreClockUpdate)
    SystemInit                               0x080019c5   Thumb Code    82  system_stm32f4xx.o(i.SystemInit)
    TIM2_IRQHandler                          0x08001a29   Thumb Code    36  my_antiroll.o(i.TIM2_IRQHandler)
    TIM3_IRQHandler                          0x08001a51   Thumb Code   324  my_can.o(i.TIM3_IRQHandler)
    TIM4_IRQHandler                          0x08001bb5   Thumb Code   138  my_antiroll.o(i.TIM4_IRQHandler)
    TIM5_IRQHandler                          0x08001c6d   Thumb Code    26  my_can.o(i.TIM5_IRQHandler)
    TIM7_IRQHandler                          0x08001c8d   Thumb Code    28  my_mx28.o(i.TIM7_IRQHandler)
    TIM_ClearFlag                            0x08001cad   Thumb Code     6  stm32f4xx_tim.o(i.TIM_ClearFlag)
    TIM_ClearITPendingBit                    0x08001cb3   Thumb Code     6  stm32f4xx_tim.o(i.TIM_ClearITPendingBit)
    TIM_Cmd                                  0x08001cb9   Thumb Code    24  stm32f4xx_tim.o(i.TIM_Cmd)
    TIM_GetCounter                           0x08001cd1   Thumb Code     6  stm32f4xx_tim.o(i.TIM_GetCounter)
    TIM_GetFlagStatus                        0x08001cd7   Thumb Code    18  stm32f4xx_tim.o(i.TIM_GetFlagStatus)
    TIM_GetITStatus                          0x08001ce9   Thumb Code    34  stm32f4xx_tim.o(i.TIM_GetITStatus)
    TIM_SetCompare1                          0x08001d0b   Thumb Code     4  stm32f4xx_tim.o(i.TIM_SetCompare1)
    TIM_SetCounter                           0x08001d0f   Thumb Code     4  stm32f4xx_tim.o(i.TIM_SetCounter)
    TIM_TimeBaseInit                         0x08001d15   Thumb Code   104  stm32f4xx_tim.o(i.TIM_TimeBaseInit)
    UBMS40_ArrangeData                       0x08002045   Thumb Code   120  my_bms24v40ah.o(i.UBMS40_ArrangeData)
    UBMS40_Checksum                          0x080020bd   Thumb Code    30  my_bms24v40ah.o(i.UBMS40_Checksum)
    UCAN_Checksum                            0x080020fb   Thumb Code    30  my_can.o(i.UCAN_Checksum)
    UCAN_Configure                           0x08002119   Thumb Code   366  my_can.o(i.UCAN_Configure)
    UCAN_HeartBeat                           0x08002295   Thumb Code    56  my_can.o(i.UCAN_HeartBeat)
    UCAN_Transmit                            0x080022d5   Thumb Code    98  my_can.o(i.UCAN_Transmit)
    UCAN_test_altimeter                      0x0800233d   Thumb Code   150  my_can.o(i.UCAN_test_altimeter)
    UCAN_test_init                           0x080023e9   Thumb Code    58  my_can.o(i.UCAN_test_init)
    UCAN_test_leak                           0x08002445   Thumb Code    88  my_can.o(i.UCAN_test_leak)
    UCAN_test_mass                           0x080024a5   Thumb Code   116  my_can.o(i.UCAN_test_mass)
    UCAN_test_pistol                         0x08002529   Thumb Code   114  my_can.o(i.UCAN_test_pistol)
    UCAN_test_rudder                         0x080025ad   Thumb Code   116  my_can.o(i.UCAN_test_rudder)
    UCAN_test_thruster                       0x08002635   Thumb Code   116  my_can.o(i.UCAN_test_thruster)
    UDELAY_Configuration                     0x080026b9   Thumb Code    24  my_delay.o(i.UDELAY_Configuration)
    UDELAY_ms                                0x080026d9   Thumb Code    88  my_delay.o(i.UDELAY_ms)
    UDVL_ArrangeData                         0x08002741   Thumb Code    60  my_dvl.o(i.UDVL_ArrangeData)
    UHRST_ResetCNT                           0x0800277d   Thumb Code    10  my_hardwarereset.o(i.UHRST_ResetCNT)
    UIO_Configuration                        0x08002789   Thumb Code   284  my_io.o(i.UIO_Configuration)
    UIO_LEDORANGE_OFF                        0x080028ad   Thumb Code    14  my_io.o(i.UIO_LEDORANGE_OFF)
    UIO_LEDORANGE_ON                         0x080028c1   Thumb Code    14  my_io.o(i.UIO_LEDORANGE_ON)
    UIO_LEDORANGE_TOGGLE                     0x080028d5   Thumb Code    14  my_io.o(i.UIO_LEDORANGE_TOGGLE)
    UKELLER_KELLER_ReadP1                    0x08002909   Thumb Code    64  my_keller_pa3.o(i.UKELLER_KELLER_ReadP1)
    UKELLER_KELLER_ReadTOB1                  0x08002951   Thumb Code    64  my_keller_pa3.o(i.UKELLER_KELLER_ReadTOB1)
    UKELLER_TxData                           0x08002999   Thumb Code    28  my_keller_pa3.o(i.UKELLER_TxData)
    UMX28_AnalycsData                        0x080029b9   Thumb Code   184  my_mx28.o(i.UMX28_AnalycsData)
    UMX28_CheckSum                           0x08002a71   Thumb Code    36  my_mx28.o(i.UMX28_CheckSum)
    UMX28_Convert_Byte2Uint                  0x08002a95   Thumb Code    22  my_mx28.o(i.UMX28_Convert_Byte2Uint)
    UMX28_Transmit                           0x08002aad   Thumb Code    42  my_mx28.o(i.UMX28_Transmit)
    UMX28_getStallTorque                     0x08002add   Thumb Code    70  my_mx28.o(i.UMX28_getStallTorque)
    UMX28_readStatusData                     0x08002b35   Thumb Code    64  my_mx28.o(i.UMX28_readStatusData)
    UMX28_setGoalPosition                    0x08002b75   Thumb Code    72  my_mx28.o(i.UMX28_setGoalPosition)
    USART6_DMA_Rx_Config                     0x08002bbd   Thumb Code   266  ugv_uart_joystick.o(i.USART6_DMA_Rx_Config)
    USART_Cmd                                0x08002cdd   Thumb Code    24  stm32f4xx_usart.o(i.USART_Cmd)
    USART_DMACmd                             0x08002cf5   Thumb Code    18  stm32f4xx_usart.o(i.USART_DMACmd)
    USART_GetFlagStatus                      0x08002d07   Thumb Code    26  stm32f4xx_usart.o(i.USART_GetFlagStatus)
    USART_Init                               0x08002d21   Thumb Code   204  stm32f4xx_usart.o(i.USART_Init)
    USART_SendData                           0x08002df5   Thumb Code     8  stm32f4xx_usart.o(i.USART_SendData)
    UsageFault_Handler                       0x08002dfd   Thumb Code     4  stm32f4xx_it.o(i.UsageFault_Handler)
    WWDG_ClearFlag                           0x08002e01   Thumb Code     8  stm32f4xx_wwdg.o(i.WWDG_ClearFlag)
    WWDG_IRQHandler                          0x08002e0d   Thumb Code    12  my_hardwarereset.o(i.WWDG_IRQHandler)
    WWDG_SetCounter                          0x08002e19   Thumb Code    10  stm32f4xx_wwdg.o(i.WWDG_SetCounter)
    __scatterload_copy                       0x08002e29   Thumb Code    14  handlers.o(i.__scatterload_copy)
    __scatterload_null                       0x08002e37   Thumb Code     2  handlers.o(i.__scatterload_null)
    __scatterload_zeroinit                   0x08002e39   Thumb Code    14  handlers.o(i.__scatterload_zeroinit)
    main                                     0x08002e49   Thumb Code   146  main.o(i.main)
    map                                      0x08002ee5   Thumb Code    22  ugv_sbus.o(i.map)
    AHBPrescTable                            0x08002efa   Data          16  system_stm32f4xx.o(.constdata)
    APBPrescTable                            0x08002f0a   Data           8  system_stm32f4xx.o(.constdata)
    Region$$Table$$Base                      0x08002f14   Number         0  anon$$obj.o(Region$$Table)
    Region$$Table$$Limit                     0x08002f34   Number         0  anon$$obj.o(Region$$Table)
    _can_respond_count                       0x20000003   Data           1  my_can.o(.data)
    CAN_RxMessage                            0x2000001c   Data           8  my_can.o(.data)
    CAN_TxMessage                            0x20000024   Data           8  my_can.o(.data)
    leak_position                            0x2000002c   Data           1  my_can.o(.data)
    check                                    0x2000002d   Data           1  my_can.o(.data)
    targetDuty                               0x20000058   Data           2  my_antiroll.o(.data)
    Count                                    0x2000005a   Data           2  my_antiroll.o(.data)
    error                                    0x20000060   Data           4  my_antiroll.o(.data)
    error1                                   0x20000064   Data           4  my_antiroll.o(.data)
    error2                                   0x20000068   Data           4  my_antiroll.o(.data)
    value                                    0x2000006c   Data           4  my_antiroll.o(.data)
    Rotary                                   0x20000070   Data           4  my_antiroll.o(.data)
    Counter                                  0x20000074   Data           4  my_antiroll.o(.data)
    direct                                   0x20000078   Data           1  my_antiroll.o(.data)
    dir                                      0x20000079   Data           1  my_antiroll.o(.data)
    Position_PV                              0x20000080   Data           8  my_antiroll.o(.data)
    Setpoint                                 0x20000088   Data           4  my_antiroll.o(.data)
    Kp                                       0x2000008c   Data           4  my_antiroll.o(.data)
    Ki                                       0x20000090   Data           4  my_antiroll.o(.data)
    Kd                                       0x20000094   Data           4  my_antiroll.o(.data)
    failSafe                                 0x20000098   Data           1  ugv_uart_joystick.o(.data)
    lostFrame                                0x20000099   Data           1  ugv_uart_joystick.o(.data)
    mode_manual                              0x2000009c   Data           4  ugv_uart_joystick.o(.data)
    end_mode                                 0x200000a0   Data           4  ugv_uart_joystick.o(.data)
    speed1                                   0x200000a8   Data           8  ugv_uart_joystick.o(.data)
    speed2                                   0x200000b0   Data           8  ugv_uart_joystick.o(.data)
    SystemCoreClock                          0x200000c8   Data           4  system_stm32f4xx.o(.data)
    RCC_Clocks                               0x200000cc   Data          16  main.o(.bss)
    CAN_Data                                 0x200000dc   Data          56  main.o(.bss)
    RxMessage                                0x20000120   Data          20  my_can.o(.bss)
    UBMS40_Status                            0x2000017c   Data          24  my_bms24v40ah.o(.bss)
    MX28_Status                              0x200001fc   Data          20  my_mx28.o(.bss)
    uart_buffer_u3                           0x20000222   Data         204  ugv_uart_joystick.o(.bss)
    channels                                 0x200002ee   Data          32  ugv_uart_joystick.o(.bss)
    scalechannels                            0x2000030e   Data          32  ugv_uart_joystick.o(.bss)
    old_scalechannels                        0x2000032e   Data          32  ugv_uart_joystick.o(.bss)
    __initial_sp                             0x2000134f   Data           0  startup_stm32f407xx.o(STACK)



==============================================================================

Memory Map of the image

  Image Entry point : 0x08000189

  Load Region LR_IROM1 (Base: 0x08000000, Size: 0x00003000, Max: 0x00100000, ABSOLUTE)

    Execution Region ER_IROM1 (Exec base: 0x08000000, Load base: 0x08000000, Size: 0x00002f34, Max: 0x00100000, ABSOLUTE)

    Exec Addr    Load Addr    Size         Type   Attr      Idx    E Section Name        Object

    0x08000000   0x08000000   0x00000188   Data   RO         3357    RESET               startup_stm32f407xx.o
    0x08000188   0x08000188   0x00000000   Code   RO         3413  * .ARM.Collect$$$$00000000  mc_w.l(entry.o)
    0x08000188   0x08000188   0x00000004   Code   RO         3463    .ARM.Collect$$$$00000001  mc_w.l(entry2.o)
    0x0800018c   0x0800018c   0x00000004   Code   RO         3466    .ARM.Collect$$$$00000004  mc_w.l(entry5.o)
    0x08000190   0x08000190   0x00000000   Code   RO         3468    .ARM.Collect$$$$00000008  mc_w.l(entry7b.o)
    0x08000190   0x08000190   0x00000000   Code   RO         3470    .ARM.Collect$$$$0000000A  mc_w.l(entry8b.o)
    0x08000190   0x08000190   0x00000008   Code   RO         3471    .ARM.Collect$$$$0000000B  mc_w.l(entry9a.o)
    0x08000198   0x08000198   0x00000004   Code   RO         3478    .ARM.Collect$$$$0000000E  mc_w.l(entry12b.o)
    0x0800019c   0x0800019c   0x00000000   Code   RO         3473    .ARM.Collect$$$$0000000F  mc_w.l(entry10a.o)
    0x0800019c   0x0800019c   0x00000000   Code   RO         3475    .ARM.Collect$$$$00000011  mc_w.l(entry11a.o)
    0x0800019c   0x0800019c   0x00000004   Code   RO         3464    .ARM.Collect$$$$00002712  mc_w.l(entry2.o)
    0x080001a0   0x080001a0   0x00000024   Code   RO         3358    .text               startup_stm32f407xx.o
    0x080001c4   0x080001c4   0x0000014e   Code   RO         3416    .text               mf_w.l(dadd.o)
    0x08000312   0x08000312   0x00000026   Code   RO         3422    .text               mf_w.l(f2d.o)
    0x08000338   0x08000338   0x00000038   Code   RO         3424    .text               mf_w.l(d2f.o)
    0x08000370   0x08000370   0x0000001e   Code   RO         3479    .text               mc_w.l(llshl.o)
    0x0800038e   0x0800038e   0x00000024   Code   RO         3481    .text               mc_w.l(llsshr.o)
    0x080003b2   0x080003b2   0x00000000   Code   RO         3490    .text               mc_w.l(iusefp.o)
    0x080003b2   0x080003b2   0x0000006e   Code   RO         3491    .text               mf_w.l(fepilogue.o)
    0x08000420   0x08000420   0x000000ba   Code   RO         3493    .text               mf_w.l(depilogue.o)
    0x080004da   0x080004da   0x00000002   PAD
    0x080004dc   0x080004dc   0x00000024   Code   RO         3503    .text               mc_w.l(init.o)
    0x08000500   0x08000500   0x00000020   Code   RO         3505    .text               mc_w.l(llushr.o)
    0x08000520   0x08000520   0x00000004   Code   RO         1272    i.BusFault_Handler  stm32f4xx_it.o
    0x08000524   0x08000524   0x00000084   Code   RO          331    i.CAN1_RX0_IRQHandler  my_can.o
    0x080005a8   0x080005a8   0x00000038   Code   RO         1415    i.CAN_DeInit        stm32f4xx_can.o
    0x080005e0   0x080005e0   0x00000108   Code   RO         1417    i.CAN_FilterInit    stm32f4xx_can.o
    0x080006e8   0x080006e8   0x00000012   Code   RO         1423    i.CAN_ITConfig      stm32f4xx_can.o
    0x080006fa   0x080006fa   0x00000114   Code   RO         1424    i.CAN_Init          stm32f4xx_can.o
    0x0800080e   0x0800080e   0x000000f0   Code   RO         1427    i.CAN_Receive       stm32f4xx_can.o
    0x080008fe   0x080008fe   0x00000126   Code   RO         1432    i.CAN_Transmit      stm32f4xx_can.o
    0x08000a24   0x08000a24   0x000000a0   Code   RO         1433    i.CAN_TransmitStatus  stm32f4xx_can.o
    0x08000ac4   0x08000ac4   0x0000005e   Code   RO          977    i.CalcCRC16         my_keller_pa3.o
    0x08000b22   0x08000b22   0x00000002   PAD
    0x08000b24   0x08000b24   0x000000dc   Code   RO          557    i.DMA1_Stream0_IRQHandler  my_bms24v40ah.o
    0x08000c00   0x08000c00   0x00000098   Code   RO          978    i.DMA1_Stream1_IRQHandler  my_keller_pa3.o
    0x08000c98   0x08000c98   0x000001ec   Code   RO          794    i.DMA1_Stream5_IRQHandler  my_mx28.o
    0x08000e84   0x08000e84   0x00000048   Code   RO         1234    i.DMA2_Stream1_IRQHandler  ugv_uart_joystick.o
    0x08000ecc   0x08000ecc   0x00000034   Code   RO          741    i.DMA2_Stream5_IRQHandler  my_dvl.o
    0x08000f00   0x08000f00   0x00000034   Code   RO         1579    i.DMA_ClearITPendingBit  stm32f4xx_dma.o
    0x08000f34   0x08000f34   0x00000016   Code   RO         1580    i.DMA_Cmd           stm32f4xx_dma.o
    0x08000f4a   0x08000f4a   0x00000002   PAD
    0x08000f4c   0x08000f4c   0x00000064   Code   RO         1590    i.DMA_GetITStatus   stm32f4xx_dma.o
    0x08000fb0   0x08000fb0   0x00000058   Code   RO         1592    i.DMA_Init          stm32f4xx_dma.o
    0x08001008   0x08001008   0x00000002   Code   RO         1273    i.DebugMon_Handler  stm32f4xx_it.o
    0x0800100a   0x0800100a   0x00000002   PAD
    0x0800100c   0x0800100c   0x000000a0   Code   RO          640    i.EXTI15_10_IRQHandler  my_io.o
    0x080010ac   0x080010ac   0x0000000c   Code   RO         3227    i.EXTI_ClearITPendingBit  stm32f4xx_exti.o
    0x080010b8   0x080010b8   0x00000018   Code   RO         3231    i.EXTI_GetITStatus  stm32f4xx_exti.o
    0x080010d0   0x080010d0   0x0000000c   Code   RO         3005    i.FLASH_SetLatency  stm32f4xx_flash.o
    0x080010dc   0x080010dc   0x00000090   Code   RO         1711    i.GPIO_Init         stm32f4xx_gpio.o
    0x0800116c   0x0800116c   0x00000046   Code   RO         1712    i.GPIO_PinAFConfig  stm32f4xx_gpio.o
    0x080011b2   0x080011b2   0x00000004   Code   RO         1718    i.GPIO_ResetBits    stm32f4xx_gpio.o
    0x080011b6   0x080011b6   0x00000004   Code   RO         1719    i.GPIO_SetBits      stm32f4xx_gpio.o
    0x080011ba   0x080011ba   0x00000008   Code   RO         1721    i.GPIO_ToggleBits   stm32f4xx_gpio.o
    0x080011c2   0x080011c2   0x00000004   Code   RO         1274    i.HardFault_Handler  stm32f4xx_it.o
    0x080011c6   0x080011c6   0x00000004   Code   RO         1275    i.MemManage_Handler  stm32f4xx_it.o
    0x080011ca   0x080011ca   0x00000002   Code   RO         1276    i.NMI_Handler       stm32f4xx_it.o
    0x080011cc   0x080011cc   0x00000078   Code   RO         1363    i.NVIC_Init         misc.o
    0x08001244   0x08001244   0x00000002   Code   RO         1277    i.PendSV_Handler    stm32f4xx_it.o
    0x08001246   0x08001246   0x00000002   PAD
    0x08001248   0x08001248   0x00000020   Code   RO         2630    i.RCC_AHB1PeriphClockCmd  stm32f4xx_rcc.o
    0x08001268   0x08001268   0x00000020   Code   RO         2639    i.RCC_APB1PeriphClockCmd  stm32f4xx_rcc.o
    0x08001288   0x08001288   0x00000020   Code   RO         2641    i.RCC_APB1PeriphResetCmd  stm32f4xx_rcc.o
    0x080012a8   0x080012a8   0x00000020   Code   RO         2642    i.RCC_APB2PeriphClockCmd  stm32f4xx_rcc.o
    0x080012c8   0x080012c8   0x00000064   Code   RO         2650    i.RCC_DeInit        stm32f4xx_rcc.o
    0x0800132c   0x0800132c   0x000000e8   Code   RO         2651    i.RCC_GetClocksFreq  stm32f4xx_rcc.o
    0x08001414   0x08001414   0x00000040   Code   RO         2652    i.RCC_GetFlagStatus  stm32f4xx_rcc.o
    0x08001454   0x08001454   0x00000018   Code   RO         2655    i.RCC_HCLKConfig    stm32f4xx_rcc.o
    0x0800146c   0x0800146c   0x00000010   Code   RO         2656    i.RCC_HSEConfig     stm32f4xx_rcc.o
    0x0800147c   0x0800147c   0x00000018   Code   RO         2666    i.RCC_PCLK1Config   stm32f4xx_rcc.o
    0x08001494   0x08001494   0x00000018   Code   RO         2667    i.RCC_PCLK2Config   stm32f4xx_rcc.o
    0x080014ac   0x080014ac   0x0000000c   Code   RO         2668    i.RCC_PLLCmd        stm32f4xx_rcc.o
    0x080014b8   0x080014b8   0x00000024   Code   RO         2669    i.RCC_PLLConfig     stm32f4xx_rcc.o
    0x080014dc   0x080014dc   0x00000018   Code   RO         2680    i.RCC_SYSCLKConfig  stm32f4xx_rcc.o
    0x080014f4   0x080014f4   0x00000038   Code   RO         2682    i.RCC_WaitForHSEStartUp  stm32f4xx_rcc.o
    0x0800152c   0x0800152c   0x00000078   Code   RO          335    i.Run_Piston        my_can.o
    0x080015a4   0x080015a4   0x00000078   Code   RO          336    i.Run_Shifter       my_can.o
    0x0800161c   0x0800161c   0x00000078   Code   RO          337    i.Run_Thruster      my_can.o
    0x08001694   0x08001694   0x00000204   Code   RO         1178    i.SBUS_read         ugv_sbus.o
    0x08001898   0x08001898   0x00000002   Code   RO         1278    i.SVC_Handler       stm32f4xx_it.o
    0x0800189a   0x0800189a   0x00000068   Code   RO            4    i.SystemClock_Config  main.o
    0x08001902   0x08001902   0x00000002   PAD
    0x08001904   0x08001904   0x000000c0   Code   RO         3365    i.SystemCoreClockUpdate  system_stm32f4xx.o
    0x080019c4   0x080019c4   0x00000064   Code   RO         3366    i.SystemInit        system_stm32f4xx.o
    0x08001a28   0x08001a28   0x00000028   Code   RO         1067    i.TIM2_IRQHandler   my_antiroll.o
    0x08001a50   0x08001a50   0x00000164   Code   RO          338    i.TIM3_IRQHandler   my_can.o
    0x08001bb4   0x08001bb4   0x000000b8   Code   RO         1068    i.TIM4_IRQHandler   my_antiroll.o
    0x08001c6c   0x08001c6c   0x00000020   Code   RO          339    i.TIM5_IRQHandler   my_can.o
    0x08001c8c   0x08001c8c   0x00000020   Code   RO          795    i.TIM7_IRQHandler   my_mx28.o
    0x08001cac   0x08001cac   0x00000006   Code   RO         1882    i.TIM_ClearFlag     stm32f4xx_tim.o
    0x08001cb2   0x08001cb2   0x00000006   Code   RO         1883    i.TIM_ClearITPendingBit  stm32f4xx_tim.o
    0x08001cb8   0x08001cb8   0x00000018   Code   RO         1888    i.TIM_Cmd           stm32f4xx_tim.o
    0x08001cd0   0x08001cd0   0x00000006   Code   RO         1907    i.TIM_GetCounter    stm32f4xx_tim.o
    0x08001cd6   0x08001cd6   0x00000012   Code   RO         1908    i.TIM_GetFlagStatus  stm32f4xx_tim.o
    0x08001ce8   0x08001ce8   0x00000022   Code   RO         1909    i.TIM_GetITStatus   stm32f4xx_tim.o
    0x08001d0a   0x08001d0a   0x00000004   Code   RO         1950    i.TIM_SetCompare1   stm32f4xx_tim.o
    0x08001d0e   0x08001d0e   0x00000004   Code   RO         1954    i.TIM_SetCounter    stm32f4xx_tim.o
    0x08001d12   0x08001d12   0x00000002   PAD
    0x08001d14   0x08001d14   0x00000084   Code   RO         1960    i.TIM_TimeBaseInit  stm32f4xx_tim.o
    0x08001d98   0x08001d98   0x0000001c   Code   RO         1070    i.UANRO_CCW_Direction  my_antiroll.o
    0x08001db4   0x08001db4   0x0000001c   Code   RO         1071    i.UANRO_CW_Direction  my_antiroll.o
    0x08001dd0   0x08001dd0   0x00000048   Code   RO         1074    i.UANRO_Limit_value  my_antiroll.o
    0x08001e18   0x08001e18   0x000001d8   Code   RO         1075    i.UANRO_PID_Control_Position  my_antiroll.o
    0x08001ff0   0x08001ff0   0x00000014   Code   RO         1077    i.UANRO_PWM_Out     my_antiroll.o
    0x08002004   0x08002004   0x00000024   Code   RO         1078    i.UANRO_ResetEncoder  my_antiroll.o
    0x08002028   0x08002028   0x0000001c   Code   RO         1081    i.UANRO_Stop_Motor  my_antiroll.o
    0x08002044   0x08002044   0x00000078   Code   RO          558    i.UBMS40_ArrangeData  my_bms24v40ah.o
    0x080020bc   0x080020bc   0x0000001e   Code   RO          559    i.UBMS40_Checksum   my_bms24v40ah.o
    0x080020da   0x080020da   0x00000020   Code   RO          562    i.UBMS40_Convert_Bytes_to_Float  my_bms24v40ah.o
    0x080020fa   0x080020fa   0x0000001e   Code   RO          342    i.UCAN_Checksum     my_can.o
    0x08002118   0x08002118   0x0000017c   Code   RO          343    i.UCAN_Configure    my_can.o
    0x08002294   0x08002294   0x00000040   Code   RO          348    i.UCAN_HeartBeat    my_can.o
    0x080022d4   0x080022d4   0x00000068   Code   RO          355    i.UCAN_Transmit     my_can.o
    0x0800233c   0x0800233c   0x000000ac   Code   RO          356    i.UCAN_test_altimeter  my_can.o
    0x080023e8   0x080023e8   0x0000005c   Code   RO          358    i.UCAN_test_init    my_can.o
    0x08002444   0x08002444   0x00000060   Code   RO          359    i.UCAN_test_leak    my_can.o
    0x080024a4   0x080024a4   0x00000084   Code   RO          360    i.UCAN_test_mass    my_can.o
    0x08002528   0x08002528   0x00000084   Code   RO          361    i.UCAN_test_pistol  my_can.o
    0x080025ac   0x080025ac   0x00000088   Code   RO          362    i.UCAN_test_rudder  my_can.o
    0x08002634   0x08002634   0x00000084   Code   RO          363    i.UCAN_test_thruster  my_can.o
    0x080026b8   0x080026b8   0x00000020   Code   RO          202    i.UDELAY_Configuration  my_delay.o
    0x080026d8   0x080026d8   0x00000068   Code   RO          203    i.UDELAY_ms         my_delay.o
    0x08002740   0x08002740   0x0000003c   Code   RO          742    i.UDVL_ArrangeData  my_dvl.o
    0x0800277c   0x0800277c   0x0000000a   Code   RO          939    i.UHRST_ResetCNT    my_hardwarereset.o
    0x08002786   0x08002786   0x00000002   PAD
    0x08002788   0x08002788   0x00000124   Code   RO          642    i.UIO_Configuration  my_io.o
    0x080028ac   0x080028ac   0x00000014   Code   RO          647    i.UIO_LEDORANGE_OFF  my_io.o
    0x080028c0   0x080028c0   0x00000014   Code   RO          648    i.UIO_LEDORANGE_ON  my_io.o
    0x080028d4   0x080028d4   0x00000014   Code   RO          649    i.UIO_LEDORANGE_TOGGLE  my_io.o
    0x080028e8   0x080028e8   0x00000020   Code   RO          980    i.UKELLER_Convert_Bytes_to_Float  my_keller_pa3.o
    0x08002908   0x08002908   0x00000048   Code   RO          983    i.UKELLER_KELLER_ReadP1  my_keller_pa3.o
    0x08002950   0x08002950   0x00000048   Code   RO          984    i.UKELLER_KELLER_ReadTOB1  my_keller_pa3.o
    0x08002998   0x08002998   0x00000020   Code   RO          987    i.UKELLER_TxData    my_keller_pa3.o
    0x080029b8   0x080029b8   0x000000b8   Code   RO          796    i.UMX28_AnalycsData  my_mx28.o
    0x08002a70   0x08002a70   0x00000024   Code   RO          797    i.UMX28_CheckSum    my_mx28.o
    0x08002a94   0x08002a94   0x00000016   Code   RO          799    i.UMX28_Convert_Byte2Uint  my_mx28.o
    0x08002aaa   0x08002aaa   0x00000002   PAD
    0x08002aac   0x08002aac   0x00000030   Code   RO          801    i.UMX28_Transmit    my_mx28.o
    0x08002adc   0x08002adc   0x00000058   Code   RO          803    i.UMX28_getStallTorque  my_mx28.o
    0x08002b34   0x08002b34   0x00000040   Code   RO          806    i.UMX28_readStatusData  my_mx28.o
    0x08002b74   0x08002b74   0x00000048   Code   RO          809    i.UMX28_setGoalPosition  my_mx28.o
    0x08002bbc   0x08002bbc   0x00000120   Code   RO         1235    i.USART6_DMA_Rx_Config  ugv_uart_joystick.o
    0x08002cdc   0x08002cdc   0x00000018   Code   RO         2442    i.USART_Cmd         stm32f4xx_usart.o
    0x08002cf4   0x08002cf4   0x00000012   Code   RO         2443    i.USART_DMACmd      stm32f4xx_usart.o
    0x08002d06   0x08002d06   0x0000001a   Code   RO         2445    i.USART_GetFlagStatus  stm32f4xx_usart.o
    0x08002d20   0x08002d20   0x000000d4   Code   RO         2449    i.USART_Init        stm32f4xx_usart.o
    0x08002df4   0x08002df4   0x00000008   Code   RO         2459    i.USART_SendData    stm32f4xx_usart.o
    0x08002dfc   0x08002dfc   0x00000004   Code   RO         1279    i.UsageFault_Handler  stm32f4xx_it.o
    0x08002e00   0x08002e00   0x0000000c   Code   RO         3292    i.WWDG_ClearFlag    stm32f4xx_wwdg.o
    0x08002e0c   0x08002e0c   0x0000000c   Code   RO          940    i.WWDG_IRQHandler   my_hardwarereset.o
    0x08002e18   0x08002e18   0x00000010   Code   RO         3297    i.WWDG_SetCounter   stm32f4xx_wwdg.o
    0x08002e28   0x08002e28   0x0000000e   Code   RO         3513    i.__scatterload_copy  mc_w.l(handlers.o)
    0x08002e36   0x08002e36   0x00000002   Code   RO         3514    i.__scatterload_null  mc_w.l(handlers.o)
    0x08002e38   0x08002e38   0x0000000e   Code   RO         3515    i.__scatterload_zeroinit  mc_w.l(handlers.o)
    0x08002e46   0x08002e46   0x00000002   PAD
    0x08002e48   0x08002e48   0x0000009c   Code   RO            5    i.main              main.o
    0x08002ee4   0x08002ee4   0x00000016   Code   RO         1180    i.map               ugv_sbus.o
    0x08002efa   0x08002efa   0x00000018   Data   RO         3367    .constdata          system_stm32f4xx.o
    0x08002f12   0x08002f12   0x00000002   PAD
    0x08002f14   0x08002f14   0x00000020   Data   RO         3511    Region$$Table       anon$$obj.o


    Execution Region RW_IRAM1 (Exec base: 0x20000000, Load base: 0x08002f34, Size: 0x00001350, Max: 0x00020000, ABSOLUTE)

    Exec Addr    Load Addr    Size         Type   Attr      Idx    E Section Name        Object

    0x20000000   0x08002f34   0x00000048   Data   RW          365    .data               my_can.o
    0x20000048   0x08002f7c   0x00000001   Data   RW          653    .data               my_io.o
    0x20000049   0x08002f7d   0x00000003   PAD
    0x2000004c   0x08002f80   0x0000000c   Data   RW          989    .data               my_keller_pa3.o
    0x20000058   0x08002f8c   0x00000040   Data   RW         1082    .data               my_antiroll.o
    0x20000098   0x08002fcc   0x00000020   Data   RW         1237    .data               ugv_uart_joystick.o
    0x200000b8   0x08002fec   0x00000010   Data   RW         2683    .data               stm32f4xx_rcc.o
    0x200000c8   0x08002ffc   0x00000004   Data   RW         3368    .data               system_stm32f4xx.o
    0x200000cc        -       0x00000048   Zero   RW            6    .bss                main.o
    0x20000114        -       0x0000000c   Zero   RW          205    .bss                my_delay.o
    0x20000120        -       0x00000014   Zero   RW          364    .bss                my_can.o
    0x20000134        -       0x00000060   Zero   RW          567    .bss                my_bms24v40ah.o
    0x20000194        -       0x0000004c   Zero   RW          746    .bss                my_dvl.o
    0x200001e0        -       0x00000030   Zero   RW          814    .bss                my_mx28.o
    0x20000210        -       0x00000012   Zero   RW          988    .bss                my_keller_pa3.o
    0x20000222        -       0x0000012c   Zero   RW         1236    .bss                ugv_uart_joystick.o
    0x2000034e   0x08003000   0x00000002   PAD
    0x20000350        -       0x00000fff   Zero   RW         3355    STACK               startup_stm32f407xx.o


==============================================================================

Image component sizes


      Code (inc. data)   RO Data    RW Data    ZI Data      Debug   Object Name

       260         10          0          0         72     300286   main.o
       120         14          0          0          0       1104   misc.o
       908        132          0         64          0       7041   my_antiroll.o
       402         24          0          0         96       4933   my_bms24v40ah.o
      2350        254          0         72         20      14325   my_can.o
       136         24          0          0         12     311503   my_delay.o
       112         22          0          0         76       2525   my_dvl.o
        22          0          0          0          0        983   my_hardwarereset.o
       512         32          0          1          0       2865   my_io.o
       454         40          0         12         18       6149   my_keller_pa3.o
      1038         72          0          0         48       9584   my_mx28.o
        36          8        392          0       4095        872   startup_stm32f407xx.o
      1308         34          0          0          0       6074   stm32f4xx_can.o
       262         38          0          0          0       4007   stm32f4xx_dma.o
        36         10          0          0          0       1220   stm32f4xx_exti.o
        12          6          0          0          0        575   stm32f4xx_flash.o
       230          0          0          0          0       3701   stm32f4xx_gpio.o
        24          0          0          0          0       3748   stm32f4xx_it.o
       740        102          0         16          0      11766   stm32f4xx_rcc.o
       234         28          0          0          0       6347   stm32f4xx_tim.o
       288          8          0          0          0       4139   stm32f4xx_usart.o
        28         10          0          0          0       1091   stm32f4xx_wwdg.o
       292         40         24          4          0       1967   system_stm32f4xx.o
       538          0          0          0          0       2726   ugv_sbus.o
       360         56          0         32        300       4186   ugv_uart_joystick.o

    ----------------------------------------------------------------------
     10718        964        450        204       4740     713717   Object Totals
         0          0         32          0          0          0   (incl. Generated)
        16          0          2          3          3          0   (incl. Padding)

    ----------------------------------------------------------------------

      Code (inc. data)   RO Data    RW Data    ZI Data      Debug   Library Member Name

         0          0          0          0          0          0   entry.o
         0          0          0          0          0          0   entry10a.o
         0          0          0          0          0          0   entry11a.o
         4          0          0          0          0          0   entry12b.o
         8          4          0          0          0          0   entry2.o
         4          0          0          0          0          0   entry5.o
         0          0          0          0          0          0   entry7b.o
         0          0          0          0          0          0   entry8b.o
         8          4          0          0          0          0   entry9a.o
        30          0          0          0          0          0   handlers.o
        36          8          0          0          0         68   init.o
         0          0          0          0          0          0   iusefp.o
        30          0          0          0          0         68   llshl.o
        36          0          0          0          0         68   llsshr.o
        32          0          0          0          0         68   llushr.o
        56          0          0          0          0         88   d2f.o
       334          0          0          0          0        148   dadd.o
       186          0          0          0          0        176   depilogue.o
        38          0          0          0          0         68   f2d.o
       110          0          0          0          0        168   fepilogue.o

    ----------------------------------------------------------------------
       916         16          0          0          0        920   Library Totals
         4          0          0          0          0          0   (incl. Padding)

    ----------------------------------------------------------------------

      Code (inc. data)   RO Data    RW Data    ZI Data      Debug   Library Name

       188         16          0          0          0        272   mc_w.l
       724          0          0          0          0        648   mf_w.l

    ----------------------------------------------------------------------
       916         16          0          0          0        920   Library Totals

    ----------------------------------------------------------------------

==============================================================================


      Code (inc. data)   RO Data    RW Data    ZI Data      Debug   

     11634        980        450        204       4740     703029   Grand Totals
     11634        980        450        204       4740     703029   ELF Image Totals
     11634        980        450        204          0          0   ROM Totals

==============================================================================

    Total RO  Size (Code + RO Data)                12084 (  11.80kB)
    Total RW  Size (RW Data + ZI Data)              4944 (   4.83kB)
    Total ROM Size (Code + RO Data + RW Data)      12288 (  12.00kB)

==============================================================================

